08:28:59 ============================================================
08:28:59   PHASE 1 — Crawl via Doxygen .js files
08:28:59 ============================================================
08:28:59   ✓ [  1] (+ parent) Root Resource
08:28:59   ⟦☰⟧ /  Root Resource  (2 children)
08:28:59   ✓ [  2] Root Resource > Get Service list
08:28:59   ✓ [  3] Root Resource > Logout
08:29:00   ✓ [  4] (+ parent) Subscription Service
08:29:00   ⟦☰⟧ /  Subscription Service  (3 children)
08:29:00   ✓ [  5] Subscription Service > Get Subscription Actions
08:29:00   ✓ [  6] Subscription Service > Subscribe on resources
08:29:01   ✓ [  7] (+ parent) Subscription Service > Operations on Subscription Group
08:29:01   ⟦☰⟧ /  Subscription Service > Operations on Subscription Group  (4 children)
08:29:01   ✓ [  8] Subscription Service > Operations on Subscription Group > Get Subscription Group Actions
08:29:01   ✓ [  9] Subscription Service > Operations on Subscription Group > Add new resources, Remove existing Resources or change existing resources priorities.
08:29:01   ✓ [ 10] Subscription Service > Operations on Subscription Group > Unsubscribe or remove the subscription group/resources in group.
08:29:01   ✓ [ 11] (+ parent) Subscription Service > Operations on Subscription Group > Operations on Subscription Resource
08:29:01   ⟦☰⟧ /  Subscription Service > Operations on Subscription Group > Operations on Subscription Resource  (1 children)
08:29:01   ✓ [ 12] Subscription Service > Operations on Subscription Group > Operations on Subscription Resource > Unsubscribe or remove the resource from subscription group.
08:29:01   ✓ [ 13] (+ parent) User Service
08:29:01   ⟦☰⟧ /  User Service  (8 children)
08:29:01   ✓ [ 14] User Service > Get User Resources
08:29:01   ✓ [ 15] User Service > Get User Actions
08:29:01   ✓ [ 16] User Service > Register the user
08:29:01   ✓ [ 17] User Service > Impersonate a user
08:29:01   ✓ [ 18] User Service > Login as Local User
08:29:01   ✓ [ 19] (+ parent) User Service > Operations on Users grants
08:29:01   ⟦☰⟧ /  User Service > Operations on Users grants  (1 children)
08:29:01   ✓ [ 20] User Service > Operations on Users grants > Get User grants
08:29:02   ✓ [ 21] (+ parent) User Service > Operations on RMMP
08:29:02   ⟦☰⟧ /  User Service > Operations on RMMP  (7 children)
08:29:02   ✓ [ 22] User Service > Operations on RMMP > Get RMMP state
08:29:02   ✓ [ 23] User Service > Operations on RMMP > Get RMMP Actions
08:29:02   ✓ [ 24] User Service > Operations on RMMP > Request RMMP
08:29:02   ✓ [ 25] User Service > Operations on RMMP > Grant or deny an RMMP request
08:29:02   ✓ [ 26] User Service > Operations on RMMP > Cancel held or requested RMMP
08:29:02   ✓ [ 27] User Service > Operations on RMMP > Subscribe on RMMP Request event
08:29:02   ✓ [ 28] User Service > Operations on RMMP > Poll for RMMP grant status
08:29:02   ✓ [ 29] (+ parent) User Service > Operations on Remote User
08:29:02   ⟦☰⟧ /  User Service > Operations on Remote User  (4 children)
08:29:02   ✓ [ 30] User Service > Operations on Remote User > Get remote user actions
08:29:02   ✓ [ 31] User Service > Operations on Remote User > Remote User Logon Request
08:29:02   ✓ [ 32] User Service > Operations on Remote User > Remote User Logout Request
08:29:02   ✓ [ 33] User Service > Operations on Remote User > Subscribe on remote user state
08:29:03   ✓ [ 34] (+ parent) Controller Service
08:29:03   ⟦☰⟧ /  Controller Service  (16 children)
08:29:03   ✓ [ 35] Controller Service > Get Controller Resources
08:29:03   ✓ [ 36] Controller Service > Get Controller Actions
08:29:03   ✓ [ 37] Controller Service > Get Controller environment variable
08:29:03   ✓ [ 38] Controller Service > Restart or Shutdown controller
08:29:03   ✓ [ 39] Controller Service > Set Controller language
08:29:03   ✓ [ 40] (+ parent) Controller Service > Operations on Clock Resource
08:29:03   ⟦☰⟧ /  Controller Service > Operations on Clock Resource  (5 children)
08:29:03   ✓ [ 41] Controller Service > Operations on Clock Resource > Get Clock Resource
08:29:03   ✓ [ 42] Controller Service > Operations on Clock Resource > Get Clock Actions
08:29:03   ✓ [ 43] Controller Service > Operations on Clock Resource > Set the Clock of the controller
08:29:03   ✓ [ 44] (+ parent) Controller Service > Operations on Clock Resource > Operations on Timezone Resource
08:29:03   ⟦☰⟧ /  Controller Service > Operations on Clock Resource > Operations on Timezone Resource  (3 children)
08:29:03   ✓ [ 45] Controller Service > Operations on Clock Resource > Operations on Timezone Resource > Get timezone resource
08:29:03   ✓ [ 46] Controller Service > Operations on Clock Resource > Operations on Timezone Resource > Get timezone actions
08:29:03   ✓ [ 47] Controller Service > Operations on Clock Resource > Operations on Timezone Resource > Set the time zone
08:29:04   ✓ [ 48] (+ parent) Controller Service > Operations on Clock Resource > Operations on Timeserver Resource
08:29:04   ⟦☰⟧ /  Controller Service > Operations on Clock Resource > Operations on Timeserver Resource  (4 children)
08:29:04   ✓ [ 49] Controller Service > Operations on Clock Resource > Operations on Timeserver Resource > Get time server resource
08:29:04   ✓ [ 50] Controller Service > Operations on Clock Resource > Operations on Timeserver Resource > Get time server actions
08:29:04   ✓ [ 51] Controller Service > Operations on Clock Resource > Operations on Timeserver Resource > Set the time server
08:29:04   ✓ [ 52] Controller Service > Operations on Clock Resource > Operations on Timeserver Resource > Test Time Server
08:29:04   ✓ [ 53] (+ parent) Controller Service > Operations on Identity Resource
08:29:04   ⟦☰⟧ /  Controller Service > Operations on Identity Resource  (3 children)
08:29:04   ✓ [ 54] Controller Service > Operations on Identity Resource > Get Identity Resource
08:29:04   ✓ [ 55] Controller Service > Operations on Identity Resource > Get Identity Actions
08:29:04   ✓ [ 56] Controller Service > Operations on Identity Resource > Set the Identity of the controller
08:29:04   ✓ [ 57] (+ parent) Controller Service > Operations on System Resource
08:29:04   ⟦☰⟧ /  Controller Service > Operations on System Resource  (15 children)
08:29:04   ✓ [ 58] Controller Service > Operations on System Resource > Get list of installed systems
08:29:04   ✓ [ 59] Controller Service > Operations on System Resource > Get actions on system
08:29:04   ✓ [ 60] Controller Service > Operations on System Resource > Set Boot Device
08:29:04   ✓ [ 61] Controller Service > Operations on System Resource > Get Boot Device
08:29:04   ✓ [ 62] Controller Service > Operations on System Resource > Load Boot Image
08:29:04   ✓ [ 63] Controller Service > Operations on System Resource > Unload Boot Image
08:29:05   ✓ [ 64] Controller Service > Operations on System Resource > Get selected system name
08:29:05   ✓ [ 65] Controller Service > Operations on System Resource > Install deployment package
08:29:05   ✓ [ 66] Controller Service > Operations on System Resource > Validate deployment package
08:29:05   ✓ [ 67] Controller Service > Operations on System Resource > Get system resource
08:29:05   ✓ [ 68] Controller Service > Operations on System Resource > Get actions on a system resource
08:29:05   ✓ [ 69] Controller Service > Operations on System Resource > Rename a system
08:29:05   ✓ [ 70] Controller Service > Operations on System Resource > Select a system
08:29:05   ✓ [ 71] Controller Service > Operations on System Resource > Delete a System
08:29:05   ✓ [ 72] Controller Service > Operations on System Resource > Deselect a System
08:29:05   ✓ [ 73] (+ parent) Controller Service > Operations on network Resource
08:29:05   ⟦☰⟧ /  Controller Service > Operations on network Resource  (5 children)
08:29:05   ✓ [ 74] Controller Service > Operations on network Resource > Get Network Resource
08:29:05   ✓ [ 75] Controller Service > Operations on network Resource > Get Network setting actions
08:29:05   ✓ [ 76] Controller Service > Operations on network Resource > Set Network configuration
08:29:05   ✓ [ 77] (+ parent) Controller Service > Operations on network Resource > Operations on DNS Resource
08:29:05   ⟦☰⟧ /  Controller Service > Operations on network Resource > Operations on DNS Resource  (1 children)
08:29:05   ✓ [ 78] Controller Service > Operations on network Resource > Operations on DNS Resource > Get DNS Resource
08:29:06   ✓ [ 79] (+ parent) Controller Service > Operations on network Resource > Operations on Routing Table Resource
08:29:06   ⟦☰⟧ /  Controller Service > Operations on network Resource > Operations on Routing Table Resource  (4 children)
08:29:06   ✓ [ 80] Controller Service > Operations on network Resource > Operations on Routing Table Resource > Add a route table entry
08:29:06   ✓ [ 81] Controller Service > Operations on network Resource > Operations on Routing Table Resource > Options to add a route table entry
08:29:06   ✓ [ 82] Controller Service > Operations on network Resource > Operations on Routing Table Resource > Remove a route table entry
08:29:06   ✓ [ 83] Controller Service > Operations on network Resource > Operations on Routing Table Resource > Options to remove a route table entry
08:29:06   ✓ [ 84] (+ parent) Controller Service > Operations on Backup Resource
08:29:06   ⟦☰⟧ /  Controller Service > Operations on Backup Resource  (8 children)
08:29:06   ✓ [ 85] Controller Service > Operations on Backup Resource > Get backup resources
08:29:06   ✓ [ 86] Controller Service > Operations on Backup Resource > Get backup actions
08:29:06   ✓ [ 87] Controller Service > Operations on Backup Resource > Create a Backup
08:29:06   ✓ [ 88] Controller Service > Operations on Backup Resource > Restore a backup.
08:29:06   ✓ [ 89] Controller Service > Operations on Backup Resource > Check Restore
08:29:06   ✓ [ 90] Controller Service > Operations on Backup Resource > Get Backup State
08:29:06   ✓ [ 91] Controller Service > Operations on Backup Resource > Subscribe on Backup System Information
08:29:06   ✓ [ 92] (+ parent) Controller Service > Operations on Backup Resource > Operations on backup system information
08:29:06   ⟦☰⟧ /  Controller Service > Operations on Backup Resource > Operations on backup system information  (1 children)
08:29:06   ✓ [ 93] Controller Service > Operations on Backup Resource > Operations on backup system information > Get backup system information
08:29:07   ✓ [ 94] (+ parent) Controller Service > Operations on Compress Resource
08:29:07   ⟦☰⟧ /  Controller Service > Operations on Compress Resource  (3 children)
08:29:07   ✓ [ 95] Controller Service > Operations on Compress Resource > Get compress resources
08:29:07   ✓ [ 96] Controller Service > Operations on Compress Resource > Get compress actions
08:29:07   ✓ [ 97] Controller Service > Operations on Compress Resource > Compress/Decompress Resource
08:29:07   ✓ [ 98] (+ parent) Controller Service > Operations on Diagnostics Resource
08:29:07   ⟦☰⟧ /  Controller Service > Operations on Diagnostics Resource  (5 children)
08:29:07   ✓ [ 99] Controller Service > Operations on Diagnostics Resource > Get diagnostics resources
08:29:07   ✓ [100] Controller Service > Operations on Diagnostics Resource > Get diagnostics actions
08:29:07   ✓ [101] Controller Service > Operations on Diagnostics Resource > Save system diagnostics
08:29:07   ✓ [102] Controller Service > Operations on Diagnostics Resource > Subscribe on system dump
08:29:07   ✓ [103] Controller Service > Operations on Diagnostics Resource > Subscribe on Diagnostics States (Get System Diagnostics)
08:29:07   ✓ [104] (+ parent) Controller Service > Operations on CtrlSafetyResource
08:29:07   ⟦☰⟧ /  Controller Service > Operations on CtrlSafetyResource  (15 children)
08:29:07   ✓ [105] Controller Service > Operations on CtrlSafetyResource > Get safety resources
08:29:08   ✓ [106] Controller Service > Operations on CtrlSafetyResource > Get Safety actions
08:29:08   ✓ [107] Controller Service > Operations on CtrlSafetyResource > Load Safety configuration file to controller
08:29:08   ✓ [108] Controller Service > Operations on CtrlSafetyResource > Set Safety Mode of the controller
08:29:08   ✓ [109] Controller Service > Operations on CtrlSafetyResource > Get Config status
08:29:08   ✓ [110] Controller Service > Operations on CtrlSafetyResource > Get Safety Mode status
08:29:08   ✓ [111] Controller Service > Operations on CtrlSafetyResource > Get Safety Cyclic Brake Check status
08:29:08   ✓ [112] Controller Service > Operations on CtrlSafetyResource > Get LoadOperation status
08:29:08   ✓ [113] Controller Service > Operations on CtrlSafetyResource > Get Safety Configurations
08:29:08   ✓ [114] Controller Service > Operations on CtrlSafetyResource > Get Safety Violation Info
08:29:08   ✓ [115] Controller Service > Operations on CtrlSafetyResource > Unlock the safety configuration
08:29:08   ✓ [116] Controller Service > Operations on CtrlSafetyResource > Software Sync Acknowledgement
08:29:08   ✓ [117] Controller Service > Operations on CtrlSafetyResource > Add Validation info
08:29:08   ✓ [118] Controller Service > Operations on CtrlSafetyResource > Remove Validation info
08:29:08   ✓ [119] Controller Service > Operations on CtrlSafetyResource > Set Reset Safety Controller
08:29:08   ✓ [120] (+ parent) Controller Service > Operations on options Resource
08:29:08   ⟦☰⟧ /  Controller Service > Operations on options Resource  (1 children)
08:29:08   ✓ [121] Controller Service > Operations on options Resource > Get options resource
08:29:09   ✓ [122] (+ parent) Controller Service > Operations on Compatabile Resource
08:29:09   ⟦☰⟧ /  Controller Service > Operations on Compatabile Resource  (1 children)
08:29:09   ✓ [123] Controller Service > Operations on Compatabile Resource > Check Robotware version compatibility with contorller hardware
08:29:09   ✓ [124] (+ parent) Controller Service > Operation on Virtual Time
08:29:09   ⟦☰⟧ /  Controller Service > Operation on Virtual Time  (6 children)
08:29:09   ✓ [125] Controller Service > Operation on Virtual Time > Get Virtual Time resources
08:29:09   ✓ [126] (+ parent) Controller Service > Operation on Virtual Time > Operation on VTTime
08:29:09   ⟦☰⟧ /  Controller Service > Operation on Virtual Time > Operation on VTTime  (1 children)
08:29:09   ✓ [127] Controller Service > Operation on Virtual Time > Operation on VTTime > Get Virtualtime
08:29:09   ✓ [128] (+ parent) Controller Service > Operation on Virtual Time > Operation on VTTimeslice
08:29:09   ⟦☰⟧ /  Controller Service > Operation on Virtual Time > Operation on VTTimeslice  (3 children)
08:29:09   ✓ [129] Controller Service > Operation on Virtual Time > Operation on VTTimeslice > Get VTTimeslice Value
08:29:09   ✓ [130] Controller Service > Operation on Virtual Time > Operation on VTTimeslice > Actions on VTTimeslice
08:29:09   ✓ [131] Controller Service > Operation on Virtual Time > Operation on VTTimeslice > Set VTTimeslice Value
08:29:10   ✓ [132] (+ parent) Controller Service > Operation on Virtual Time > Operation on VTSpeed
08:29:10   ⟦☰⟧ /  Controller Service > Operation on Virtual Time > Operation on VTSpeed  (3 children)
08:29:10   ✓ [133] Controller Service > Operation on Virtual Time > Operation on VTSpeed > Get Speed of Virtual Time
08:29:10   ✓ [134] Controller Service > Operation on Virtual Time > Operation on VTSpeed > Get actions on a VTSpeed
08:29:10   ✓ [135] Controller Service > Operation on Virtual Time > Operation on VTSpeed > Set Speed of Virtualtime
08:29:10   ✓ [136] (+ parent) Controller Service > Operation on Virtual Time > Operation on VTState
08:29:10   ⟦☰⟧ /  Controller Service > Operation on Virtual Time > Operation on VTState  (3 children)
08:29:10   ✓ [137] Controller Service > Operation on Virtual Time > Operation on VTState > Get State of Virtual Time
08:29:10   ✓ [138] Controller Service > Operation on Virtual Time > Operation on VTState > Get actions on a VTState
08:29:10   ✓ [139] Controller Service > Operation on Virtual Time > Operation on VTState > Set State of Virtualtime
08:29:10   ✓ [140] (+ parent) Controller Service > Operation on Virtual Time > Operation on VTRun
08:29:10   ⟦☰⟧ /  Controller Service > Operation on Virtual Time > Operation on VTRun  (1 children)
08:29:10   ✓ [141] Controller Service > Operation on Virtual Time > Operation on VTRun > VT Run
08:29:10   ✓ [142] (+ parent) File Service
08:29:10   ⟦☰⟧ /  File Service  (3 children)
08:29:10   ✓ [143] File Service > Get File Service Resources
08:29:11   ✓ [144] (+ parent) File Service > Operations on Directory Resource
08:29:11   ⟦☰⟧ /  File Service > Operations on Directory Resource  (6 children)
08:29:11   ✓ [145] File Service > Operations on Directory Resource > Get Directory listing of resources
08:29:11   ✓ [146] File Service > Operations on Directory Resource > Get Directory Actions
08:29:11   ✓ [147] File Service > Operations on Directory Resource > Create a directory
08:29:11   ✓ [148] File Service > Operations on Directory Resource > Rename a directory
08:29:11   ✓ [149] File Service > Operations on Directory Resource > Copy a directory
08:29:11   ✓ [150] File Service > Operations on Directory Resource > Delete a directory
08:29:11   ✓ [151] (+ parent) File Service > Operations on File Resource
08:29:11   ⟦☰⟧ /  File Service > Operations on File Resource  (7 children)
08:29:11   ✓ [152] File Service > Operations on File Resource > Get a file
08:29:11   ✓ [153] File Service > Operations on File Resource > Get File Actions
08:29:11   ✓ [154] File Service > Operations on File Resource > Rename a file
08:29:11   ✓ [155] File Service > Operations on File Resource > Create a copy of a file
08:29:11   ✓ [156] File Service > Operations on File Resource > Upload a file
08:29:11   ✓ [157] File Service > Operations on File Resource > Delete a file
08:29:11   ✓ [158] File Service > Operations on File Resource > Get file Meta data
08:29:11   ✓ [159] (+ parent) RobotWare Services
08:29:11   ⟦☰⟧ /  RobotWare Services  (13 children)
08:29:11   ✓ [160] RobotWare Services > Get RobotWare services
08:29:12   ✓ [161] (+ parent) RobotWare Services > CFG Service
08:29:12   ⟦☰⟧ /  RobotWare Services > CFG Service  (9 children)
08:29:12   ✓ [162] RobotWare Services > CFG Service > Get CFG resources
08:29:12   ✓ [163] RobotWare Services > CFG Service > Get CFG actions
08:29:12   ✓ [164] RobotWare Services > CFG Service > Validate CFG file
08:29:12   ✓ [165] RobotWare Services > CFG Service > Load CFG file
08:29:12   ✓ [166] RobotWare Services > CFG Service > Validate CFG Instance before Delete
08:29:12   ✓ [167] RobotWare Services > CFG Service > Validate CFG Instances
08:29:12   ✓ [168] RobotWare Services > CFG Service > Keyless motor ON
08:29:12   ✓ [169] RobotWare Services > CFG Service > Subscribe on cfg ChangeCount
08:29:12   ✓ [170] (+ parent) RobotWare Services > CFG Service > Operations on CFG domain
08:29:12   ⟦☰⟧ /  RobotWare Services > CFG Service > Operations on CFG domain  (5 children)
08:29:12   ✓ [171] RobotWare Services > CFG Service > Operations on CFG domain > Get CFG Domain Types
08:29:12   ✓ [172] RobotWare Services > CFG Service > Operations on CFG domain > Get Actions on a CFG domain
08:29:12   ✓ [173] RobotWare Services > CFG Service > Operations on CFG domain > Save CFG domain
08:29:12   ✓ [174] RobotWare Services > CFG Service > Operations on CFG domain > Reset CFG domain
08:29:12   ✓ [175] (+ parent) RobotWare Services > CFG Service > Operations on CFG domain > Operations on CFG type
08:29:12   ⟦☰⟧ /  CFG Service > Operations on CFG domain > Operations on CFG type  (3 children)
08:29:12   ✓ [176] CFG Service > Operations on CFG domain > Operations on CFG type > Get CFG type
08:29:13   ✓ [177] (+ parent) CFG Service > Operations on CFG domain > Operations on CFG type > Operations on CFG attributes
08:29:13   ⟦☰⟧ /  Operations on CFG domain > Operations on CFG type > Operations on CFG attributes  (1 children)
08:29:13   ✓ [178] Operations on CFG domain > Operations on CFG type > Operations on CFG attributes > Get all attributes of the given domain type
08:29:13   ✓ [179] (+ parent) CFG Service > Operations on CFG domain > Operations on CFG type > Operations on CFG instances
08:29:13   ⟦☰⟧ /  Operations on CFG domain > Operations on CFG type > Operations on CFG instances  (5 children)
08:29:13   ✓ [180] Operations on CFG domain > Operations on CFG type > Operations on CFG instances > Get all instances of the given domain type
08:29:13   ✓ [181] Operations on CFG domain > Operations on CFG type > Operations on CFG instances > Get actions on CFG instances
08:29:13   ✓ [182] Operations on CFG domain > Operations on CFG type > Operations on CFG instances > Reset CFG instances
08:29:13   ✓ [183] Operations on CFG domain > Operations on CFG type > Operations on CFG instances > Create default CFG instance
08:29:13   ✓ [184] (+ parent) Operations on CFG domain > Operations on CFG type > Operations on CFG instances > Operations on CFG instance
08:29:13   ⟦☰⟧ /  Operations on CFG type > Operations on CFG instances > Operations on CFG instance  (4 children)
08:29:13   ✓ [185] Operations on CFG type > Operations on CFG instances > Operations on CFG instance > Get CFG instance
08:29:13   ✓ [186] Operations on CFG type > Operations on CFG instances > Operations on CFG instance > Get CFG instance actions
08:29:13   ✓ [187] Operations on CFG type > Operations on CFG instances > Operations on CFG instance > Update CFG instance
08:29:13   ✓ [188] Operations on CFG type > Operations on CFG instances > Operations on CFG instance > Delete CFG instance
08:29:14   ✓ [189] (+ parent) RobotWare Services > DIPC service
08:29:14   ⟦☰⟧ /  RobotWare Services > DIPC service  (4 children)
08:29:14   ✓ [190] RobotWare Services > DIPC service > Get DIPC Resources
08:29:14   ✓ [191] RobotWare Services > DIPC service > Get DIPC Actions
08:29:14   ✓ [192] RobotWare Services > DIPC service > Create a queue
08:29:14   ✓ [193] (+ parent) RobotWare Services > DIPC service > Operations on DIPC Queue
08:29:14   ⟦☰⟧ /  RobotWare Services > DIPC service > Operations on DIPC Queue  (7 children)
08:29:14   ✓ [194] RobotWare Services > DIPC service > Operations on DIPC Queue > Get DIPC Queue
08:29:14   ✓ [195] RobotWare Services > DIPC service > Operations on DIPC Queue > Get DIPC Queue Actions
08:29:14   ✓ [196] RobotWare Services > DIPC service > Operations on DIPC Queue > Send message
08:29:14   ✓ [197] RobotWare Services > DIPC service > Operations on DIPC Queue > Read message
08:29:14   ✓ [198] RobotWare Services > DIPC service > Operations on DIPC Queue > Delete DIPC Queue
08:29:14   ✓ [199] RobotWare Services > DIPC service > Operations on DIPC Queue > Subscribe DIPC Queue
08:29:14   ✓ [200] RobotWare Services > DIPC service > Operations on DIPC Queue > Subscribe DIPC Queue without reading message
08:29:14   ✓ [201] (+ parent) RobotWare Services > Elog service
08:29:14   ⟦☰⟧ /  RobotWare Services > Elog service  (5 children)
08:29:14   ✓ [202] RobotWare Services > Elog service > Get Elog Resources
08:29:15   ✓ [203] RobotWare Services > Elog service > Get Elog Actions
08:29:15   ✓ [204] RobotWare Services > Elog service > Clear elog messages
08:29:15   ✓ [205] RobotWare Services > Elog service > Save elog in system dump format
08:29:15   ✓ [206] (+ parent) RobotWare Services > Elog service > Operations on elog domain
08:29:15   ⟦☰⟧ /  RobotWare Services > Elog service > Operations on elog domain  (5 children)
08:29:15   ✓ [207] RobotWare Services > Elog service > Operations on elog domain > Get elog messages in domain
08:29:15   ✓ [208] RobotWare Services > Elog service > Operations on elog domain > Get Actions on elog domain
08:29:15   ✓ [209] RobotWare Services > Elog service > Operations on elog domain > Clear elog messages
08:29:15   ✓ [210] RobotWare Services > Elog service > Operations on elog domain > Subscribe on elog domain
08:29:15   ✓ [211] (+ parent) RobotWare Services > Elog service > Operations on elog domain > Operations on elog domain message
08:29:15   ⟦☰⟧ /  Elog service > Operations on elog domain > Operations on elog domain message  (1 children)
08:29:15   ✓ [212] Elog service > Operations on elog domain > Operations on elog domain message > Get Elog Message in domain
08:29:16   ✓ [213] (+ parent) RobotWare Services > IO Service
08:29:16   ⟦☰⟧ /  RobotWare Services > IO Service  (7 children)
08:29:16   ✓ [214] RobotWare Services > IO Service > Get IO System resources
08:29:16   ✓ [215] (+ parent) RobotWare Services > IO Service > Operations on IO Networks
08:29:16   ⟦☰⟧ /  RobotWare Services > IO Service > Operations on IO Networks  (3 children)
08:29:16   ✓ [216] RobotWare Services > IO Service > Operations on IO Networks > Get IO Networks resources
08:29:16   ✓ [217] RobotWare Services > IO Service > Operations on IO Networks > Get Actions on IO Networks
08:29:16   ✓ [218] RobotWare Services > IO Service > Operations on IO Networks > Search IO Networks
08:29:16   ✓ [219] (+ parent) RobotWare Services > IO Service > Operations on IO Network
08:29:16   ⟦☰⟧ /  RobotWare Services > IO Service > Operations on IO Network  (6 children)
08:29:16   ✓ [220] RobotWare Services > IO Service > Operations on IO Network > Get IO Network
08:29:16   ✓ [221] RobotWare Services > IO Service > Operations on IO Network > Get IO Network actions
08:29:16   ✓ [222] RobotWare Services > IO Service > Operations on IO Network > Update IO Network
08:29:16   ✓ [223] RobotWare Services > IO Service > Operations on IO Network > Subscribe IO Network
08:29:16   ✓ [224] RobotWare Services > IO Service > Operations on IO Network > Get IO Network Configuration Properties
08:29:16   ✓ [225] RobotWare Services > IO Service > Operations on IO Network > Update IO Network Configuration Type
08:29:17   ✓ [226] (+ parent) RobotWare Services > IO Service > Operations on IO Devices
08:29:17   ⟦☰⟧ /  RobotWare Services > IO Service > Operations on IO Devices  (3 children)
08:29:17   ✓ [227] RobotWare Services > IO Service > Operations on IO Devices > Get IO Devices
08:29:17   ✓ [228] RobotWare Services > IO Service > Operations on IO Devices > Get Actions IO Devices
08:29:17   ✓ [229] RobotWare Services > IO Service > Operations on IO Devices > Search IO Devices
08:29:17   ✓ [230] (+ parent) RobotWare Services > IO Service > Operations on IO Device
08:29:17   ⟦☰⟧ /  RobotWare Services > IO Service > Operations on IO Device  (9 children)
08:29:17   ✓ [231] RobotWare Services > IO Service > Operations on IO Device > Get IO Device
08:29:17   ✓ [232] RobotWare Services > IO Service > Operations on IO Device > Get IO Device actions
08:29:17   ✓ [233] RobotWare Services > IO Service > Operations on IO Device > Update IO Device
08:29:17   ✓ [234] RobotWare Services > IO Service > Operations on IO Device > Subscribe IO Device
08:29:17   ✓ [235] RobotWare Services > IO Service > Operations on IO Device > Set input data
08:29:17   ✓ [236] RobotWare Services > IO Service > Operations on IO Device > Set output data
08:29:17   ✓ [237] RobotWare Services > IO Service > Operations on IO Device > Get IO Device Configuration Properties
08:29:17   ✓ [238] (+ parent) RobotWare Services > IO Service > Operations on IO Device > Operations on eio Device
08:29:17   ⟦☰⟧ /  IO Service > Operations on IO Device > Operations on eio Device  (1 children)
08:29:17   ✓ [239] IO Service > Operations on IO Device > Operations on eio Device > Get eio device status information
08:29:18   ✓ [240] (+ parent) RobotWare Services > IO Service > Operations on IO Device > Operations on Device Command
08:29:18   ⟦☰⟧ /  IO Service > Operations on IO Device > Operations on Device Command  (2 children)
08:29:18   ✓ [241] IO Service > Operations on IO Device > Operations on Device Command > Send Device Command
08:29:18   ✓ [242] IO Service > Operations on IO Device > Operations on Device Command > Send Device Command actions
08:29:18   ✓ [243] (+ parent) RobotWare Services > IO Service > Operations on IO Signals
08:29:18   ⟦☰⟧ /  RobotWare Services > IO Service > Operations on IO Signals  (5 children)
08:29:18   ✓ [244] RobotWare Services > IO Service > Operations on IO Signals > Get IO Signals
08:29:18   ✓ [245] RobotWare Services > IO Service > Operations on IO Signals > Signal Search
08:29:18   ✓ [246] RobotWare Services > IO Service > Operations on IO Signals > Signal Search Extended
08:29:18   ✓ [247] RobotWare Services > IO Service > Operations on IO Signals > Unblock Signals
08:29:18   ✓ [248] RobotWare Services > IO Service > Operations on IO Signals > Get IO Signals actions
08:29:18   ✓ [249] (+ parent) RobotWare Services > IO Service > Operations on IO Signal
08:29:18   ⟦☰⟧ /  RobotWare Services > IO Service > Operations on IO Signal  (6 children)
08:29:18   ✓ [250] RobotWare Services > IO Service > Operations on IO Signal > Get an IO Signal
08:29:18   ✓ [251] RobotWare Services > IO Service > Operations on IO Signal > Get IO Signal actions
08:29:18   ✓ [252] RobotWare Services > IO Service > Operations on IO Signal > Update IO Signal State
08:29:18   ✓ [253] RobotWare Services > IO Service > Operations on IO Signal > Update IO Signal Value
08:29:18   ✓ [254] RobotWare Services > IO Service > Operations on IO Signal > Subscribe IO Signal
08:29:19   ✓ [255] RobotWare Services > IO Service > Operations on IO Signal > Get IO signal Configuration Properties
08:29:19   ✓ [256] (+ parent) RobotWare Services > Mastership service
08:29:19   ⟦☰⟧ /  RobotWare Services > Mastership service  (6 children)
08:29:19   ✓ [257] RobotWare Services > Mastership service > Get Mastership Resources
08:29:19   ✓ [258] RobotWare Services > Mastership service > Get Mastership Actions
08:29:19   ✓ [259] RobotWare Services > Mastership service > Mastership request
08:29:19   ✓ [260] RobotWare Services > Mastership service > Mastership release
08:29:19   ✓ [261] RobotWare Services > Mastership service > Mastership Subscribe
08:29:19   ✓ [262] (+ parent) RobotWare Services > Mastership service > Operations on Mastership domains
08:29:19   ⟦☰⟧ /  RobotWare Services > Mastership service > Operations on Mastership domains  (5 children)
08:29:19   ✓ [263] RobotWare Services > Mastership service > Operations on Mastership domains > Get Mastership Domain
08:29:19   ✓ [264] RobotWare Services > Mastership service > Operations on Mastership domains > Get Mastership Domain Actions
08:29:19   ✓ [265] RobotWare Services > Mastership service > Operations on Mastership domains > Mastership domain request
08:29:19   ✓ [266] RobotWare Services > Mastership service > Operations on Mastership domains > Mastership Domain release
08:29:19   ✓ [267] RobotWare Services > Mastership service > Operations on Mastership domains > Mastership Domain Subscribe
08:29:20   ✓ [268] (+ parent) RobotWare Services > Panel service
08:29:20   ⟦☰⟧ /  RobotWare Services > Panel service  (8 children)
08:29:20   ✓ [269] RobotWare Services > Panel service > Get Panel Resources
08:29:20   ✓ [270] RobotWare Services > Panel service > Get Panel Actions
08:29:20   ✓ [271] RobotWare Services > Panel service > Set the language
08:29:20   ✓ [272] RobotWare Services > Panel service > Restart the Controller
08:29:20   ✓ [273] (+ parent) RobotWare Services > Panel service > Operations on Controller State Resource
08:29:20   ⟦☰⟧ /  RobotWare Services > Panel service > Operations on Controller State Resource  (4 children)
08:29:20   ✓ [274] RobotWare Services > Panel service > Operations on Controller State Resource > Get Controller State
08:29:20   ✓ [275] RobotWare Services > Panel service > Operations on Controller State Resource > Get Controller State Actions
08:29:20   ✓ [276] RobotWare Services > Panel service > Operations on Controller State Resource > Set Controller State
08:29:20   ✓ [277] RobotWare Services > Panel service > Operations on Controller State Resource > Subscribe Controller state
08:29:20   ✓ [278] (+ parent) RobotWare Services > Panel service > Operations on Operation Mode Resource
08:29:20   ⟦☰⟧ /  RobotWare Services > Panel service > Operations on Operation Mode Resource  (7 children)
08:29:20   ✓ [279] RobotWare Services > Panel service > Operations on Operation Mode Resource > Get Operation Mode
08:29:20   ✓ [280] RobotWare Services > Panel service > Operations on Operation Mode Resource > Get Operation  Mode Actions
08:29:20   ✓ [281] RobotWare Services > Panel service > Operations on Operation Mode Resource > Subscribe Operation Mode
08:29:20   ✓ [282] RobotWare Services > Panel service > Operations on Operation Mode Resource > Acknowledgement for Operation Mode
08:29:20   ✓ [283] RobotWare Services > Panel service > Operations on Operation Mode Resource > Get Operation Mode Lock Status
08:29:21   ✓ [284] RobotWare Services > Panel service > Operations on Operation Mode Resource > Lock operation mode selection.
08:29:21   ✓ [285] RobotWare Services > Panel service > Operations on Operation Mode Resource > Unlock operation mode selection.
08:29:21   ✓ [286] (+ parent) RobotWare Services > Panel service > Operations on Speed Ratio Resource
08:29:21   ⟦☰⟧ /  RobotWare Services > Panel service > Operations on Speed Ratio Resource  (4 children)
08:29:21   ✓ [287] RobotWare Services > Panel service > Operations on Speed Ratio Resource > Get Speed Ratio
08:29:21   ✓ [288] RobotWare Services > Panel service > Operations on Speed Ratio Resource > Get Speed Ratio Actions
08:29:21   ✓ [289] RobotWare Services > Panel service > Operations on Speed Ratio Resource > Set Speed Ratio
08:29:21   ✓ [290] RobotWare Services > Panel service > Operations on Speed Ratio Resource > Subscribe Speed Ratio
08:29:21   ✓ [291] (+ parent) RobotWare Services > Panel service > Operations on Collision Detection State
08:29:21   ⟦☰⟧ /  RobotWare Services > Panel service > Operations on Collision Detection State  (3 children)
08:29:21   ✓ [292] RobotWare Services > Panel service > Operations on Collision Detection State > Get Collision Detection State
08:29:21   ✓ [293] RobotWare Services > Panel service > Operations on Collision Detection State > Get Collision Detection State Actions
08:29:21   ✓ [294] RobotWare Services > Panel service > Operations on Collision Detection State > Subscribe on Collision Detection State
08:29:22   ✓ [295] (+ parent) RobotWare Services > RAPID Service
08:29:22   ⟦☰⟧ /  RobotWare Services > RAPID Service  (9 children)
08:29:22   ✓ [296] RobotWare Services > RAPID Service > Get RAPID system resources
08:29:22   ✓ [297] (+ parent) RobotWare Services > RAPID Service > Operations on RAPID execution
08:29:22   ⟦☰⟧ /  RobotWare Services > RAPID Service > Operations on RAPID execution  (11 children)
08:29:22   ✓ [298] RobotWare Services > RAPID Service > Operations on RAPID execution > Get RAPID Execution state
08:29:22   ✓ [299] RobotWare Services > RAPID Service > Operations on RAPID execution > Get RAPID Execution actions
08:29:22   ✓ [300] RobotWare Services > RAPID Service > Operations on RAPID execution > Start RAPID Execution
08:29:22   ✓ [301] RobotWare Services > RAPID Service > Operations on RAPID execution > Stop RAPID Execution
08:29:22   ✓ [302] RobotWare Services > RAPID Service > Operations on RAPID execution > Start RAPID Execution from production entry
08:29:22   ✓ [303] RobotWare Services > RAPID Service > Operations on RAPID execution > Reset RAPID program pointer to main
08:29:22   ✓ [304] RobotWare Services > RAPID Service > Operations on RAPID execution > Set number of execution cycles
08:29:22   ✓ [305] RobotWare Services > RAPID Service > Operations on RAPID execution > Subscribe RAPID Execution
08:29:22   ✓ [306] RobotWare Services > RAPID Service > Operations on RAPID execution > Subscribe RAPID Execution Cycle
08:29:22   ✓ [307] RobotWare Services > RAPID Service > Operations on RAPID execution > Subscribe on Hold to Run
08:29:22   ✓ [308] RobotWare Services > RAPID Service > Operations on RAPID execution > Set Hold to Run Cmd
08:29:22   ✓ [309] (+ parent) RobotWare Services > RAPID Service > Operations on RAPID modules
08:29:22   ⟦☰⟧ /  RobotWare Services > RAPID Service > Operations on RAPID modules  (5 children)
08:29:22   ✓ [310] RobotWare Services > RAPID Service > Operations on RAPID modules > Get RAPID modules action
08:29:22   ✓ [311] RobotWare Services > RAPID Service > Operations on RAPID modules > Get RAPID modules
08:29:22   ✓ [312] RobotWare Services > RAPID Service > Operations on RAPID modules > Get Mod Possible All
08:29:23   ✓ [313] RobotWare Services > RAPID Service > Operations on RAPID modules > Set Modify All Positions
08:29:23   ✓ [314] (+ parent) RobotWare Services > RAPID Service > Operations on RAPID modules > Operations on rapid module
08:29:23   ⟦☰⟧ /  RAPID Service > Operations on RAPID modules > Operations on rapid module  (20 children)
08:29:23   ✓ [315] RAPID Service > Operations on RAPID modules > Operations on rapid module > Get a specified range of text
08:29:23   ✓ [316] RAPID Service > Operations on RAPID modules > Operations on rapid module > Get rapid module actions
08:29:23   ✓ [317] RAPID Service > Operations on RAPID modules > Operations on rapid module > Save rapid module
08:29:23   ✓ [318] RAPID Service > Operations on RAPID modules > Operations on rapid module > Set Text Range
08:29:23   ✓ [319] RAPID Service > Operations on RAPID modules > Operations on rapid module > Set Module Text
08:29:23   ✓ [320] RAPID Service > Operations on RAPID modules > Operations on rapid module > Get RAPID module attributes
08:29:23   ✓ [321] RAPID Service > Operations on RAPID modules > Operations on rapid module > Get change count
08:29:23   ✓ [322] RAPID Service > Operations on RAPID modules > Operations on rapid module > Get RulesInstr
08:29:23   ✓ [323] RAPID Service > Operations on RAPID modules > Operations on rapid module > Get module possible attributes
08:29:23   ✓ [324] RAPID Service > Operations on RAPID modules > Operations on rapid module > Get Search Text
08:29:23   ✓ [325] RAPID Service > Operations on RAPID modules > Operations on rapid module > Get Rapid Object
08:29:23   ✓ [326] RAPID Service > Operations on RAPID modules > Operations on rapid module > Set SyncPers
08:29:23   ✓ [327] RAPID Service > Operations on RAPID modules > Operations on rapid module > Set Modify Position
08:29:23   ✓ [328] RAPID Service > Operations on RAPID modules > Operations on rapid module > Get Module Extension
08:29:23   ✓ [329] RAPID Service > Operations on RAPID modules > Operations on rapid module > Get Mod Possible
08:29:23   ✓ [330] RAPID Service > Operations on RAPID modules > Operations on rapid module > Get Object Child
08:29:23   ✓ [331] RAPID Service > Operations on RAPID modules > Operations on rapid module > Get SyncPers Status
08:29:24   ✓ [332] RAPID Service > Operations on RAPID modules > Operations on rapid module > Get Module Text
08:29:24   ✓ [333] RAPID Service > Operations on RAPID modules > Operations on rapid module > Get Symbol Information
08:29:24   ✓ [334] (+ parent) RAPID Service > Operations on RAPID modules > Operations on rapid module > Operations on RAPID Routine
08:29:24   ⟦☰⟧ /  Operations on RAPID modules > Operations on rapid module > Operations on RAPID Routine  (2 children)
08:29:24   ✓ [335] Operations on RAPID modules > Operations on rapid module > Operations on RAPID Routine > Get Routine information
08:29:24   ✓ [336] Operations on RAPID modules > Operations on rapid module > Operations on RAPID Routine > Get Routineargs information
08:29:24   ✓ [337] (+ parent) RobotWare Services > RAPID Service > Operations on RAPID symbols properties
08:29:24   ⟦☰⟧ /  RobotWare Services > RAPID Service > Operations on RAPID symbols properties  (4 children)
08:29:24   ✓ [338] RobotWare Services > RAPID Service > Operations on RAPID symbols properties > Get RAPID symbols resources
08:29:24   ✓ [339] RobotWare Services > RAPID Service > Operations on RAPID symbols properties > Get rapid symbols actions
08:29:24   ✓ [340] RobotWare Services > RAPID Service > Operations on RAPID symbols properties > Search RAPID symbols
08:29:24   ✓ [341] (+ parent) RobotWare Services > RAPID Service > Operations on RAPID symbols properties > Operations on RAPID symbol object
08:29:24   ⟦☰⟧ /  RAPID Service > Operations on RAPID symbols properties > Operations on RAPID symbol object  (1 children)
08:29:24   ✓ [342] RAPID Service > Operations on RAPID symbols properties > Operations on RAPID symbol object > Get Object Extension List
08:29:25   ✓ [343] (+ parent) RobotWare Services > RAPID Service > Operations on RAPID symbol
08:29:25   ⟦☰⟧ /  RobotWare Services > RAPID Service > Operations on RAPID symbol  (2 children)
08:29:25   ✓ [344] (+ parent) RobotWare Services > RAPID Service > Operations on RAPID symbol > Operations on RAPID symbol properties
08:29:25   ⟦☰⟧ /  RAPID Service > Operations on RAPID symbol > Operations on RAPID symbol properties  (1 children)
08:29:25   ✓ [345] RAPID Service > Operations on RAPID symbol > Operations on RAPID symbol properties > Get RAPID symbol properties
08:29:25   ✓ [346] (+ parent) RobotWare Services > RAPID Service > Operations on RAPID symbol > Operations on RAPID symbol data
08:29:25   ⟦☰⟧ /  RAPID Service > Operations on RAPID symbol > Operations on RAPID symbol data  (6 children)
08:29:25   ✓ [347] RAPID Service > Operations on RAPID symbol > Operations on RAPID symbol data > Get rapid symbol data
08:29:25   ✓ [348] RAPID Service > Operations on RAPID symbol > Operations on RAPID symbol data > Get rapid symbol data actions
08:29:25   ✓ [349] RAPID Service > Operations on RAPID symbol > Operations on RAPID symbol data > Update rapid variable current value
08:29:25   ✓ [350] RAPID Service > Operations on RAPID symbol > Operations on RAPID symbol data > Validate rapid variable
08:29:25   ✓ [351] RAPID Service > Operations on RAPID symbol > Operations on RAPID symbol data > Subscribe on RAPID persistent variable
08:29:25   ✓ [352] RAPID Service > Operations on RAPID symbol > Operations on RAPID symbol data > Update rapid variable Initial Value
08:29:25   ✓ [353] (+ parent) RobotWare Services > RAPID Service > Operations on RAPID tasks
08:29:25   ⟦☰⟧ /  RobotWare Services > RAPID Service > Operations on RAPID tasks  (9 children)
08:29:25   ✓ [354] RobotWare Services > RAPID Service > Operations on RAPID tasks > Get RAPID tasks
08:29:26   ✓ [355] RobotWare Services > RAPID Service > Operations on RAPID tasks > Get rapid Tasks actions
08:29:26   ✓ [356] RobotWare Services > RAPID Service > Operations on RAPID tasks > Start RAPID Spy Logging
08:29:26   ✓ [357] RobotWare Services > RAPID Service > Operations on RAPID tasks > Get RAPID Spy Logging status
08:29:26   ✓ [358] RobotWare Services > RAPID Service > Operations on RAPID tasks > Stop RAPID Spy Logging
08:29:26   ✓ [359] RobotWare Services > RAPID Service > Operations on RAPID tasks > Activate/Deactivate rapid tasks
08:29:26   ✓ [360] RobotWare Services > RAPID Service > Operations on RAPID tasks > Get Program/Motion Pointer Sync State for all tasks
08:29:26   ✓ [361] RobotWare Services > RAPID Service > Operations on RAPID tasks > Subscribe on Build log change
08:29:26   ✓ [362] (+ parent) RobotWare Services > RAPID Service > Operations on RAPID tasks > Operations on RAPID task
08:29:26   ⟦☰⟧ /  RAPID Service > Operations on RAPID tasks > Operations on RAPID task  (22 children)
08:29:26   ✓ [363] RAPID Service > Operations on RAPID tasks > Operations on RAPID task > Get RAPID task state
08:29:26   ✓ [364] RAPID Service > Operations on RAPID tasks > Operations on RAPID task > Get rapid task actions
08:29:26   ✓ [365] RAPID Service > Operations on RAPID tasks > Operations on RAPID task > Load RAPID module into a rapid task
08:29:26   ✓ [366] RAPID Service > Operations on RAPID tasks > Operations on RAPID task > Unload module from a rapid task
08:29:26   ✓ [367] RAPID Service > Operations on RAPID tasks > Operations on RAPID task > Abort current execution level
08:29:26   ✓ [368] RAPID Service > Operations on RAPID tasks > Operations on RAPID task > activate/deactivate rapid task
08:29:26   ✓ [369] RAPID Service > Operations on RAPID tasks > Operations on RAPID task > Get Activation Record
08:29:26   ✓ [370] RAPID Service > Operations on RAPID tasks > Operations on RAPID task > Get Structural Change Count
08:29:26   ✓ [371] RAPID Service > Operations on RAPID tasks > Operations on RAPID task > Get Preferable Data Types
08:29:26   ✓ [372] RAPID Service > Operations on RAPID tasks > Operations on RAPID task > Get Program Pointer Sync State
08:29:27   ✓ [373] RAPID Service > Operations on RAPID tasks > Operations on RAPID task > Get Motion Pointer Sync State
08:29:27   ✓ [374] RAPID Service > Operations on RAPID tasks > Operations on RAPID task > Link RAPID Task
08:29:27   ✓ [375] RAPID Service > Operations on RAPID tasks > Operations on RAPID task > Get Pallet
08:29:27   ✓ [376] RAPID Service > Operations on RAPID tasks > Operations on RAPID task > Get Pallet Head
08:29:27   ✓ [377] RAPID Service > Operations on RAPID tasks > Operations on RAPID task > Subscribe on Rapid Task Change
08:29:27   ✓ [378] RAPID Service > Operations on RAPID tasks > Operations on RAPID task > Subscribe on Rapid PP Sync state change
08:29:27   ✓ [379] RAPID Service > Operations on RAPID tasks > Operations on RAPID task > Subscribe on Rapid task pgmexecution state change
08:29:27   ✓ [380] (+ parent) RAPID Service > Operations on RAPID tasks > Operations on RAPID task > Operations on rapid motion
08:29:27   ⟦☰⟧ /  Operations on RAPID tasks > Operations on RAPID task > Operations on rapid motion  (6 children)
08:29:27   ✓ [381] Operations on RAPID tasks > Operations on RAPID task > Operations on rapid motion > Get rapid motion
08:29:27   ✓ [382] Operations on RAPID tasks > Operations on RAPID task > Operations on rapid motion > Get RobTarget
08:29:27   ✓ [383] Operations on RAPID tasks > Operations on RAPID task > Operations on rapid motion > Get Joint Target
08:29:27   ✓ [384] Operations on RAPID tasks > Operations on RAPID task > Operations on rapid motion > Get mechanical units
08:29:27   ✓ [385] Operations on RAPID tasks > Operations on RAPID task > Operations on rapid motion > Get external joint states
08:29:27   ✓ [386] (+ parent) Operations on RAPID tasks > Operations on RAPID task > Operations on rapid motion > Operations on rapid calib
08:29:27   ⟦☰⟧ /  Operations on RAPID task > Operations on rapid motion > Operations on rapid calib  (2 children)
08:29:27   ✓ [387] Operations on RAPID task > Operations on rapid motion > Operations on rapid calib > Calibration for Displacement
08:29:27   ✓ [388] Operations on RAPID task > Operations on rapid motion > Operations on rapid calib > Calibration for Tcp
08:29:28   ✓ [389] (+ parent) RAPID Service > Operations on RAPID tasks > Operations on RAPID task > Operations on RAPID program
08:29:28   ⟦☰⟧ /  Operations on RAPID tasks > Operations on RAPID task > Operations on RAPID program  (9 children)
08:29:28   ✓ [390] Operations on RAPID tasks > Operations on RAPID task > Operations on RAPID program > Get RAPID program resource
08:29:28   ✓ [391] Operations on RAPID tasks > Operations on RAPID task > Operations on RAPID program > Get rapid program actions
08:29:28   ✓ [392] Operations on RAPID tasks > Operations on RAPID task > Operations on RAPID program > Load program into a rapid task
08:29:28   ✓ [393] Operations on RAPID tasks > Operations on RAPID task > Operations on RAPID program > Unload program from a rapid task
08:29:28   ✓ [394] Operations on RAPID tasks > Operations on RAPID task > Operations on RAPID program > Save program
08:29:28   ✓ [395] Operations on RAPID tasks > Operations on RAPID task > Operations on RAPID program > Set program name
08:29:28   ✓ [396] Operations on RAPID tasks > Operations on RAPID task > Operations on RAPID program > Set Entry Point
08:29:28   ✓ [397] (+ parent) Operations on RAPID tasks > Operations on RAPID task > Operations on RAPID program > Operations on RAPID build errors
08:29:28   ⟦☰⟧ /  Operations on RAPID task > Operations on RAPID program > Operations on RAPID build errors  (1 children)
08:29:28   ✓ [398] Operations on RAPID task > Operations on RAPID program > Operations on RAPID build errors > Get Build Errors
08:29:28   ✓ [399] (+ parent) Operations on RAPID tasks > Operations on RAPID task > Operations on RAPID program > Operations on RAPID breakpoint
08:29:28   ⟦☰⟧ /  Operations on RAPID task > Operations on RAPID program > Operations on RAPID breakpoint  (3 children)
08:29:28   ✓ [400] Operations on RAPID task > Operations on RAPID program > Operations on RAPID breakpoint > Get RAPID breakpoint actions
08:29:28   ✓ [401] Operations on RAPID task > Operations on RAPID program > Operations on RAPID breakpoint > Set break point
08:29:28   ✓ [402] Operations on RAPID task > Operations on RAPID program > Operations on RAPID breakpoint > Get break points
08:29:29   ✓ [403] (+ parent) RAPID Service > Operations on RAPID tasks > Operations on RAPID task > Operations on RAPID program PCP
08:29:29   ⟦☰⟧ /  Operations on RAPID tasks > Operations on RAPID task > Operations on RAPID program PCP  (9 children)
08:29:29   ✓ [404] Operations on RAPID tasks > Operations on RAPID task > Operations on RAPID program PCP > Get RAPID task Motion&Program pointer positions
08:29:29   ✓ [405] Operations on RAPID tasks > Operations on RAPID task > Operations on RAPID program PCP > Get RAPID task pcp actions
08:29:29   ✓ [406] Operations on RAPID tasks > Operations on RAPID task > Operations on RAPID program PCP > Set the Program pointer(PP) position to cursor
08:29:29   ✓ [407] Operations on RAPID tasks > Operations on RAPID task > Operations on RAPID program PCP > Set the Program pointer(PP) position to routine
08:29:29   ✓ [408] Operations on RAPID tasks > Operations on RAPID task > Operations on RAPID program PCP > Set the Program pointer(PP) position to routine by URL
08:29:29   ✓ [409] Operations on RAPID tasks > Operations on RAPID task > Operations on RAPID program PCP > Set the Program pointer(PP) position to previous instruction
08:29:29   ✓ [410] Operations on RAPID tasks > Operations on RAPID task > Operations on RAPID program PCP > Set the Program pointer(PP) position to next instruction
08:29:29   ✓ [411] Operations on RAPID tasks > Operations on RAPID task > Operations on RAPID program PCP > Subscribe on Program Pointer
08:29:29   ✓ [412] Operations on RAPID tasks > Operations on RAPID task > Operations on RAPID program PCP > Subscribe on Motion Pointer
08:29:29   ✓ [413] (+ parent) RAPID Service > Operations on RAPID tasks > Operations on RAPID task > Operations on RAPID service routine
08:29:29   ⟦☰⟧ /  Operations on RAPID tasks > Operations on RAPID task > Operations on RAPID service routine  (1 children)
08:29:29   ✓ [414] Operations on RAPID tasks > Operations on RAPID task > Operations on RAPID service routine > Get RAPID service routine
08:29:29   ✓ [415] (+ parent) RAPID Service > Operations on RAPID tasks > Operations on RAPID task > Operations on RAPID program counter position
08:29:29   ⟦☰⟧ /  Operations on RAPID tasks > Operations on RAPID task > Operations on RAPID program counter position  (1 children)
08:29:29   ✓ [416] Operations on RAPID tasks > Operations on RAPID task > Operations on RAPID program counter position > Get RAPID Program counter position
08:29:30   ✓ [417] (+ parent) RobotWare Services > RAPID Service > Operations on RAPID UI instructions
08:29:30   ⟦☰⟧ /  RobotWare Services > RAPID Service > Operations on RAPID UI instructions  (4 children)
08:29:30   ✓ [418] RobotWare Services > RAPID Service > Operations on RAPID UI instructions > Get UI instruction resource
08:29:30   ✓ [419] RobotWare Services > RAPID Service > Operations on RAPID UI instructions > Get UI instruction actions
08:29:30   ✓ [420] RobotWare Services > RAPID Service > Operations on RAPID UI instructions > Subscribe on UI instruction
08:29:30   ✓ [421] (+ parent) RobotWare Services > RAPID Service > Operations on RAPID UI instructions > Operations on Active UI Instruction
08:29:30   ⟦☰⟧ /  RAPID Service > Operations on RAPID UI instructions > Operations on Active UI Instruction  (5 children)
08:29:30   ✓ [422] RAPID Service > Operations on RAPID UI instructions > Operations on Active UI Instruction > Get Active UI Instruction
08:29:30   ✓ [423] RAPID Service > Operations on RAPID UI instructions > Operations on Active UI Instruction > Get Active UI instruction actions
08:29:30   ✓ [424] RAPID Service > Operations on RAPID UI instructions > Operations on Active UI Instruction > Update an Active UI Instruction Parameter
08:29:30   ✓ [425] RAPID Service > Operations on RAPID UI instructions > Operations on Active UI Instruction > Get parameter value for an active UI instruction
08:29:30   ✓ [426] RAPID Service > Operations on RAPID UI instructions > Operations on Active UI Instruction > Get active UI instruction parameters
08:29:30   ✓ [427] (+ parent) RobotWare Services > RAPID Service > Operations on Rapid taskpanel
08:29:30   ⟦☰⟧ /  RobotWare Services > RAPID Service > Operations on Rapid taskpanel  (2 children)
08:29:30   ✓ [428] RobotWare Services > RAPID Service > Operations on Rapid taskpanel > Get user modify from taskpanel
08:29:31   ✓ [429] RobotWare Services > RAPID Service > Operations on Rapid taskpanel > Subscribe on Tasks panel change
08:29:31   ✓ [430] (+ parent) RobotWare Services > RAPID Service > Operations on Rapid AliasIO
08:29:31   ⟦☰⟧ /  RobotWare Services > RAPID Service > Operations on Rapid AliasIO  (1 children)
08:29:31   ✓ [431] RobotWare Services > RAPID Service > Operations on Rapid AliasIO > Get AliasIO List
08:29:31   ✓ [432] (+ parent) RobotWare Services > System service
08:29:31   ⟦☰⟧ /  RobotWare Services > System service  (6 children)
08:29:31   ✓ [433] RobotWare Services > System service > System Information
08:29:31   ✓ [434] RobotWare Services > System service > Get robot type
08:29:31   ✓ [435] (+ parent) RobotWare Services > System service > System Option Resource
08:29:31   ⟦☰⟧ /  RobotWare Services > System service > System Option Resource  (1 children)
08:29:31   ✓ [436] RobotWare Services > System service > System Option Resource > System Options
08:29:31   ✓ [437] (+ parent) RobotWare Services > System service > System Energy Resource
08:29:31   ⟦☰⟧ /  RobotWare Services > System service > System Energy Resource  (5 children)
08:29:31   ✓ [438] RobotWare Services > System service > System Energy Resource > Get System Energy Actions
08:29:31   ✓ [439] RobotWare Services > System service > System Energy Resource > System Energy Info Change Count
08:29:32   ✓ [440] RobotWare Services > System service > System Energy Resource > Reset Accumulated Energy
08:29:32   ✓ [441] RobotWare Services > System service > System Energy Resource > System Energy
08:29:32   ✓ [442] RobotWare Services > System service > System Energy Resource > Subscribe on System Energy Changes.
08:29:32   ✓ [443] (+ parent) RobotWare Services > System service > System License Resource
08:29:32   ⟦☰⟧ /  RobotWare Services > System service > System License Resource  (1 children)
08:29:32   ✓ [444] RobotWare Services > System service > System License Resource > Get System Robotware License
08:29:32   ✓ [445] (+ parent) RobotWare Services > System service > System Products Resource
08:29:32   ⟦☰⟧ /  RobotWare Services > System service > System Products Resource  (1 children)
08:29:32   ✓ [446] RobotWare Services > System service > System Products Resource > Get Installed Products
08:29:32   ✓ [447] (+ parent) RobotWare Services > RobotWare return codes service
08:29:32   ⟦☰⟧ /  RobotWare Services > RobotWare return codes service  (1 children)
08:29:32   ✓ [448] RobotWare Services > RobotWare return codes service > Get a list of RobotWare return codes
08:29:32   ✓ [449] (+ parent) RobotWare Services > Devices service
08:29:32   ⟦☰⟧ /  RobotWare Services > Devices service  (1 children)
08:29:32   ✓ [450] RobotWare Services > Devices service > Devices tree information
08:29:33   ✓ [451] (+ parent) RobotWare Services > Motion System
08:29:33   ⟦☰⟧ /  RobotWare Services > Motion System  (14 children)
08:29:33   ✓ [452] RobotWare Services > Motion System > Get Motion System
08:29:33   ✓ [453] RobotWare Services > Motion System > Get Motion System action
08:29:33   ✓ [454] RobotWare Services > Motion System > Set Mechunit for jogging
08:29:33   ✓ [455] RobotWare Services > Motion System > Perform Jogging
08:29:33   ✓ [456] RobotWare Services > Motion System > Set Robo Target Position
08:29:33   ✓ [457] RobotWare Services > Motion System > Get check change count
08:29:33   ✓ [458] RobotWare Services > Motion System > Subscribe on Error EventChange
08:29:33   ✓ [459] (+ parent) RobotWare Services > Motion System > Operations on Error State
08:29:33   ⟦☰⟧ /  RobotWare Services > Motion System > Operations on Error State  (1 children)
08:29:33   ✓ [460] RobotWare Services > Motion System > Operations on Error State > Get Error State
08:29:34   ✓ [461] (+ parent) RobotWare Services > Motion System > Operations on Motion Supervision
08:29:34   ⟦☰⟧ /  RobotWare Services > Motion System > Operations on Motion Supervision  (6 children)
08:29:34   ✓ [462] RobotWare Services > Motion System > Operations on Motion Supervision > Get Motion Supervision
08:29:34   ✓ [463] RobotWare Services > Motion System > Operations on Motion Supervision > Get Motion Supervision Actions
08:29:34   ✓ [464] RobotWare Services > Motion System > Operations on Motion Supervision > Set Motion Supervision Mode (Jog Supervision Mode)
08:29:34   ✓ [465] RobotWare Services > Motion System > Operations on Motion Supervision > Set Motion Supervision Sensitivity (Jog Supervision Sensitivity)
08:29:34   ✓ [466] RobotWare Services > Motion System > Operations on Motion Supervision > Get Motion Supervision Collision Prediction Mode
08:29:34   ✓ [467] RobotWare Services > Motion System > Operations on Motion Supervision > Set Motion Supervision Collision Prediction Mode
08:29:34   ✓ [468] (+ parent) RobotWare Services > Motion System > Operations On Path Supervision
08:29:34   ⟦☰⟧ /  RobotWare Services > Motion System > Operations On Path Supervision  (4 children)
08:29:34   ✓ [469] RobotWare Services > Motion System > Operations On Path Supervision > Get Path Supervision
08:29:34   ✓ [470] RobotWare Services > Motion System > Operations On Path Supervision > Get Path Supervision Actions
08:29:34   ✓ [471] RobotWare Services > Motion System > Operations On Path Supervision > Set Path Supervision Mode
08:29:34   ✓ [472] RobotWare Services > Motion System > Operations On Path Supervision > Set Path Supervision Level
08:29:34   ✓ [473] (+ parent) RobotWare Services > Motion System > Operations On NonMotion Execution
08:29:34   ⟦☰⟧ /  RobotWare Services > Motion System > Operations On NonMotion Execution  (3 children)
08:29:34   ✓ [474] RobotWare Services > Motion System > Operations On NonMotion Execution > Get Non Motion Execution Mode
08:29:34   ✓ [475] RobotWare Services > Motion System > Operations On NonMotion Execution > Get NonMotion Execution Actions
08:29:34   ✓ [476] RobotWare Services > Motion System > Operations On NonMotion Execution > Set NonMotion Execution Mode
08:29:35   ✓ [477] (+ parent) RobotWare Services > Motion System > Operations on Mechunits
08:29:35   ⟦☰⟧ /  RobotWare Services > Motion System > Operations on Mechunits  (2 children)
08:29:35   ✓ [478] RobotWare Services > Motion System > Operations on Mechunits > Get Mechunits
08:29:35   ✓ [479] (+ parent) RobotWare Services > Motion System > Operations on Mechunits > Operations on Mechunit
08:29:35   ⟦☰⟧ /  Motion System > Operations on Mechunits > Operations on Mechunit  (21 children)
08:29:35   ✓ [480] Motion System > Operations on Mechunits > Operations on Mechunit > Get Mechunit
08:29:35   ✓ [481] Motion System > Operations on Mechunits > Operations on Mechunit > Get Mechunit action
08:29:35   ✓ [482] Motion System > Operations on Mechunits > Operations on Mechunit > Set Mechunit
08:29:35   ✓ [483] Motion System > Operations on Mechunits > Operations on Mechunit > Set Compliance Lead Through
08:29:35   ✓ [484] Motion System > Operations on Mechunits > Operations on Mechunit > Get Compliance Lead Through
08:29:35   ✓ [485] Motion System > Operations on Mechunits > Operations on Mechunit > Set Fine Calibration
08:29:35   ✓ [486] Motion System > Operations on Mechunits > Operations on Mechunit > Update (Syncronize) Revolution Counter
08:29:35   ✓ [487] Motion System > Operations on Mechunits > Operations on Mechunit > Get Physical Joints
08:29:35   ✓ [488] Motion System > Operations on Mechunits > Operations on Mechunit > Get Cartesian Value
08:29:35   ✓ [489] Motion System > Operations on Mechunits > Operations on Mechunit > Set Mechanical Unit
08:29:35   ✓ [490] Motion System > Operations on Mechunits > Operations on Mechunit > Get Robtarget
08:29:35   ✓ [491] Motion System > Operations on Mechunits > Operations on Mechunit > Get Joint target
08:29:36   ✓ [492] Motion System > Operations on Mechunits > Operations on Mechunit > Subscribe on Mechunit Mode Change
08:29:36   ✓ [493] Motion System > Operations on Mechunits > Operations on Mechunit > Get Joints From Position
08:29:36   ✓ [494] Motion System > Operations on Mechunits > Operations on Mechunit > Get Position From Joints
08:29:36   ✓ [495] Motion System > Operations on Mechunits > Operations on Mechunit > Get All Joint Solution
08:29:36   ✓ [496] Motion System > Operations on Mechunits > Operations on Mechunit > Get Joints From Cartesian
08:29:36   ✓ [497] Motion System > Operations on Mechunits > Operations on Mechunit > Get Calibration Info
08:29:36   ✓ [498] (+ parent) Motion System > Operations on Mechunits > Operations on Mechunit > Operation on Calib
08:29:36   ⟦☰⟧ /  Operations on Mechunits > Operations on Mechunit > Operation on Calib  (9 children)
08:29:36   ✓ [499] Operations on Mechunits > Operations on Mechunit > Operation on Calib > Calibration for BaseFrame
08:29:36   ✓ [500] Operations on Mechunits > Operations on Mechunit > Operation on Calib > Calibration for BaseFrameMoving
08:29:36   ✓ [501] Operations on Mechunits > Operations on Mechunit > Operation on Calib > Calibration for ExternalRobotNomBaseNew
08:29:36   ✓ [502] Operations on Mechunits > Operations on Mechunit > Operation on Calib > Calibration for RobotAxisRot
08:29:36   ✓ [503] Operations on Mechunits > Operations on Mechunit > Operation on Calib > Calibration for SingleUserRotNew
08:29:36   ✓ [504] Operations on Mechunits > Operations on Mechunit > Operation on Calib > Calibration for RotExtCtrlZdef
08:29:36   ✓ [505] Operations on Mechunits > Operations on Mechunit > Operation on Calib > Calibration for SingleUserLin
08:29:36   ✓ [506] Operations on Mechunits > Operations on Mechunit > Operation on Calib > Calibration for SingleTrack
08:29:36   ✓ [507] Operations on Mechunits > Operations on Mechunit > Operation on Calib > Calibration for RobotAxisRot2
08:29:37   ✓ [508] (+ parent) Motion System > Operations on Mechunits > Operations on Mechunit > Operations on Baseframe
08:29:37   ⟦☰⟧ /  Operations on Mechunits > Operations on Mechunit > Operations on Baseframe  (3 children)
08:29:37   ✓ [509] Operations on Mechunits > Operations on Mechunit > Operations on Baseframe > Get Base Frame
08:29:37   ✓ [510] Operations on Mechunits > Operations on Mechunit > Operations on Baseframe > Get Base Frame actions
08:29:37   ✓ [511] Operations on Mechunits > Operations on Mechunit > Operations on Baseframe > Set Base Frame
08:29:38   ✓ [512] (+ parent) Motion System > Operations on Mechunits > Operations on Mechunit > Operations on Axes
08:29:38   ⟦☰⟧ /  Operations on Mechunits > Operations on Mechunit > Operations on Axes  (7 children)
08:29:38   ✓ [513] Operations on Mechunits > Operations on Mechunit > Operations on Axes > Get Axes
08:29:38   ✓ [514] Operations on Mechunits > Operations on Mechunit > Operations on Axes > Get Axis
08:29:38   ✓ [515] Operations on Mechunits > Operations on Mechunit > Operations on Axes > Get Axis actions
08:29:38   ✓ [516] Operations on Mechunits > Operations on Mechunit > Operations on Axes > Get Axis pose
08:29:38   ✓ [517] Operations on Mechunits > Operations on Mechunit > Operations on Axes > Set Axis pose
08:29:38   ✓ [518] Operations on Mechunits > Operations on Mechunit > Operations on Axes > Update Commutate
08:29:38   ✓ [519] Operations on Mechunits > Operations on Mechunit > Operations on Axes > Update Sync Revolution Counter
08:29:38   ✓ [520] (+ parent) RobotWare Services > Motion System > Operations on SMB Data
08:29:38   ⟦☰⟧ /  RobotWare Services > Motion System > Operations on SMB Data  (4 children)
08:29:38   ✓ [521] RobotWare Services > Motion System > Operations on SMB Data > Set SMB Data
08:29:38   ✓ [522] RobotWare Services > Motion System > Operations on SMB Data > Clear SMB Data
08:29:39   ✓ [523] RobotWare Services > Motion System > Operations on SMB Data > Get SMB Data
08:29:39   ✓ [524] RobotWare Services > Motion System > Operations on SMB Data > Get SMB Data Actions
08:29:39   ✓ [525] (+ parent) RobotWare Services > Motion System > Operations on Motor Calib
08:29:39   ⟦☰⟧ /  RobotWare Services > Motion System > Operations on Motor Calib  (1 children)
08:29:39   ✓ [526] RobotWare Services > Motion System > Operations on Motor Calib > Get Motor Calib Names
08:29:39   ✓ [527] (+ parent) RobotWare Services > Integrated Vision (IV) Service
08:29:39   ⟦☰⟧ /  RobotWare Services > Integrated Vision (IV) Service  (18 children)
08:29:39   ✓ [528] RobotWare Services > Integrated Vision (IV) Service > Get Vision Manager Resource
08:29:39   ✓ [529] RobotWare Services > Integrated Vision (IV) Service > Get Number of Cameras of IV
08:29:39   ✓ [530] RobotWare Services > Integrated Vision (IV) Service > Get IV Camera Validity
08:29:39   ✓ [531] RobotWare Services > Integrated Vision (IV) Service > Get Vision (camera) Resource Actions
08:29:39   ✓ [532] RobotWare Services > Integrated Vision (IV) Service > Get Camera Jobname
08:29:39   ✓ [533] RobotWare Services > Integrated Vision (IV) Service > Restart Camera
08:29:39   ✓ [534] RobotWare Services > Integrated Vision (IV) Service > Flash LED(s) of Camera
08:29:39   ✓ [535] RobotWare Services > Integrated Vision (IV) Service > Set Camera State
08:29:39   ✓ [536] RobotWare Services > Integrated Vision (IV) Service > Refesh the camera(s)
08:29:40   ✓ [537] RobotWare Services > Integrated Vision (IV) Service > Set Hostname of the Camera
08:29:40   ✓ [538] RobotWare Services > Integrated Vision (IV) Service > Set camera to be a DHCP client
08:29:40   ✓ [539] RobotWare Services > Integrated Vision (IV) Service > Set Camera DNS Settings
08:29:40   ✓ [540] RobotWare Services > Integrated Vision (IV) Service > Get Camera Status
08:29:40   ✓ [541] RobotWare Services > Integrated Vision (IV) Service > Get Camera Info Using Index of the camera
08:29:40   ✓ [542] RobotWare Services > Integrated Vision (IV) Service > Set Camera Name
08:29:40   ✓ [543] RobotWare Services > Integrated Vision (IV) Service > Set Camera User Credentials
08:29:40   ✓ [544] RobotWare Services > Integrated Vision (IV) Service > Set Camera IP Settings
08:29:40   ✓ [545] RobotWare Services > Integrated Vision (IV) Service > Get IV Camera Info
08:29:40   ✓ [546] (+ parent) Operations on IO Profinet Device
08:29:40   ⟦☰⟧ /  Operations on IO Profinet Device  (9 children)
08:29:40   ✓ [547] Operations on IO Profinet Device > Get profinet I/O device read record implicit data from device in profinet network
08:29:40   ✓ [548] Operations on IO Profinet Device > Read record implicit data from device in profinet network
08:29:40   ✓ [549] Operations on IO Profinet Device > Get forms
08:29:40   ✓ [550] Operations on IO Profinet Device > Get profinet I/O device read record data
08:29:40   ✓ [551] Operations on IO Profinet Device > Get profinet I/O device read record data
08:29:40   ✓ [552] Operations on IO Profinet Device > Get Forms
08:29:40   ✓ [553] Operations on IO Profinet Device > Get profinet device alarms xml response
08:29:40   ✓ [554] Operations on IO Profinet Device > Clear the alarms
08:29:41   ✓ [555] Operations on IO Profinet Device > Get Forms
08:29:41 
555 routes found

08:29:41  routes_list.json saved

08:29:41 ============================================================
08:29:41   PHASE 2 — Parsing + Export
08:29:41 ============================================================
08:29:41 ⟦☰⟧ /  routes_list.json found — 555 routes (crawl skipped)

08:29:41 [  1/555]  Root Resource
08:29:41 [  2/555]  Get Service list
08:29:41 [  3/555]  Logout
08:29:41 [  4/555]  Subscription Service
08:29:42 [  5/555]  Get Subscription Actions
08:29:42 [  6/555]  Subscribe on resources
08:29:42 [  7/555]  Operations on Subscription Group
08:29:42 [  8/555]  Get Subscription Group Actions
08:29:42 [  9/555]  Add new resources, Remove existing Resources or change existing resources priorities.
08:29:43 [ 10/555]  Unsubscribe or remove the subscription group/resources in group.
08:29:43 [ 11/555]  Operations on Subscription Resource
08:29:43 [ 12/555]  Unsubscribe or remove the resource from subscription group.
08:29:43 [ 13/555]  User Service
08:29:44 [ 14/555]  Get User Resources
08:29:44 [ 15/555]  Get User Actions
08:29:44 [ 16/555]  Register the user
08:29:44 [ 17/555]  Impersonate a user
08:29:44 [ 18/555]  Login as Local User
08:29:45 [ 19/555]  Operations on Users grants
08:29:45 [ 20/555]  Get User grants
08:29:45 [ 21/555]  Operations on RMMP
08:29:46 [ 22/555]  Get RMMP state
08:29:46 [ 23/555]  Get RMMP Actions
08:29:46 [ 24/555]  Request RMMP
08:29:46 [ 25/555]  Grant or deny an RMMP request
08:29:47 [ 26/555]  Cancel held or requested RMMP
08:29:47 [ 27/555]  Subscribe on RMMP Request event
08:29:47 [ 28/555]  Poll for RMMP grant status
08:29:47 [ 29/555]  Operations on Remote User
08:29:47 [ 30/555]  Get remote user actions
08:29:48 [ 31/555]  Remote User Logon Request
08:29:48 [ 32/555]  Remote User Logout Request
08:29:48 [ 33/555]  Subscribe on remote user state
08:29:48 [ 34/555]  Controller Service
08:29:49 [ 35/555]  Get Controller Resources
08:29:49 [ 36/555]  Get Controller Actions
08:29:49 [ 37/555]  Get Controller environment variable
08:29:49 [ 38/555]  Restart or Shutdown controller
08:29:50 [ 39/555]  Set Controller language
08:29:50 [ 40/555]  Operations on Clock Resource
08:29:50 [ 41/555]  Get Clock Resource
08:29:50 [ 42/555]  Get Clock Actions
08:29:51 [ 43/555]  Set the Clock of the controller
08:29:51 [ 44/555]  Operations on Timezone Resource
08:29:51 [ 45/555]  Get timezone resource
08:29:51 [ 46/555]  Get timezone actions
08:29:51 [ 47/555]  Set the time zone
08:29:52 [ 48/555]  Operations on Timeserver Resource
08:29:52 [ 49/555]  Get time server resource
08:29:52 [ 50/555]  Get time server actions
08:29:52 [ 51/555]  Set the time server
08:29:53 [ 52/555]  Test Time Server
08:29:53 [ 53/555]  Operations on Identity Resource
08:29:53 [ 54/555]  Get Identity Resource
08:29:53 [ 55/555]  Get Identity Actions
08:29:53 [ 56/555]  Set the Identity of the controller
08:29:54 [ 57/555]  Operations on System Resource
08:29:54 [ 58/555]  Get list of installed systems
08:29:54 [ 59/555]  Get actions on system
08:29:54 [ 60/555]  Set Boot Device
08:29:55 [ 61/555]  Get Boot Device
08:29:55 [ 62/555]  Load Boot Image
08:29:56 [ 63/555]  Unload Boot Image
08:29:56 [ 64/555]  Get selected system name
08:29:57 [ 65/555]  Install deployment package
08:29:57 [ 66/555]  Validate deployment package
08:29:57 [ 67/555]  Get system resource
08:29:57 [ 68/555]  Get actions on a system resource
08:29:57 [ 69/555]  Rename a system
08:29:58 [ 70/555]  Select a system
08:29:58 [ 71/555]  Delete a System
08:29:58 [ 72/555]  Deselect a System
08:29:59 [ 73/555]  Operations on network Resource
08:29:59 [ 74/555]  Get Network Resource
08:29:59 [ 75/555]  Get Network setting actions
08:29:59 [ 76/555]  Set Network configuration
08:29:59 [ 77/555]  Operations on DNS Resource
08:30:00 [ 78/555]  Get DNS Resource
08:30:00 [ 79/555]  Operations on Routing Table Resource
08:30:00 [ 80/555]  Add a route table entry
08:30:00 [ 81/555]  Options to add a route table entry
08:30:01 [ 82/555]  Remove a route table entry
08:30:01 [ 83/555]  Options to remove a route table entry
08:30:01 [ 84/555]  Operations on Backup Resource
08:30:02 [ 85/555]  Get backup resources
08:30:02 [ 86/555]  Get backup actions
08:30:02 [ 87/555]  Create a Backup
08:30:02 [ 88/555]  Restore a backup.
08:30:02 [ 89/555]  Check Restore
08:30:03 [ 90/555]  Get Backup State
08:30:03 [ 91/555]  Subscribe on Backup System Information
08:30:03 [ 92/555]  Operations on backup system information
08:30:03 [ 93/555]  Get backup system information
08:30:04 [ 94/555]  Operations on Compress Resource
08:30:04 [ 95/555]  Get compress resources
08:30:04 [ 96/555]  Get compress actions
08:30:04 [ 97/555]  Compress/Decompress Resource
08:30:05 [ 98/555]  Operations on Diagnostics Resource
08:30:05 [ 99/555]  Get diagnostics resources
08:30:05 [100/555]  Get diagnostics actions
08:30:05 [101/555]  Save system diagnostics
08:30:06 [102/555]  Subscribe on system dump
08:30:06 [103/555]  Subscribe on Diagnostics States (Get System Diagnostics)
08:30:06 [104/555]  Operations on CtrlSafetyResource
08:30:06 [105/555]  Get safety resources
08:30:07 [106/555]  Get Safety actions
08:30:07 [107/555]  Load Safety configuration file to controller
08:30:07 [108/555]  Set Safety Mode of the controller
08:30:07 [109/555]  Get Config status
08:30:08 [110/555]  Get Safety Mode status
08:30:08 [111/555]  Get Safety Cyclic Brake Check status
08:30:08 [112/555]  Get LoadOperation status
08:30:08 [113/555]  Get Safety Configurations
08:30:08 [114/555]  Get Safety Violation Info
08:30:09 [115/555]  Unlock the safety configuration
08:30:09 [116/555]  Software Sync Acknowledgement
08:30:09 [117/555]  Add Validation info
08:30:09 [118/555]  Remove Validation info
08:30:10 [119/555]  Set Reset Safety Controller
08:30:10 [120/555]  Operations on options Resource
08:30:10 [121/555]  Get options resource
08:30:10 [122/555]  Operations on Compatabile Resource
08:30:10 [123/555]  Check Robotware version compatibility with contorller hardware
08:30:11 [124/555]  Operation on Virtual Time
08:30:11 [125/555]  Get Virtual Time resources
08:30:11 [126/555]  Operation on VTTime
08:30:11 [127/555]  Get Virtualtime
08:30:12 [128/555]  Operation on VTTimeslice
08:30:12 [129/555]  Get VTTimeslice Value
08:30:12 [130/555]  Actions on VTTimeslice
08:30:12 [131/555]  Set VTTimeslice Value
08:30:13 [132/555]  Operation on VTSpeed
08:30:13 [133/555]  Get Speed of Virtual Time
08:30:13 [134/555]  Get actions on a VTSpeed
08:30:13 [135/555]  Set Speed of Virtualtime
08:30:14 [136/555]  Operation on VTState
08:30:14 [137/555]  Get State of Virtual Time
08:30:14 [138/555]  Get actions on a VTState
08:30:14 [139/555]  Set State of Virtualtime
08:30:14 [140/555]  Operation on VTRun
08:30:15 [141/555]  VT Run
08:30:15 [142/555]  File Service
08:30:15 [143/555]  Get File Service Resources
08:30:15 [144/555]  Operations on Directory Resource
08:30:16 [145/555]  Get Directory listing of resources
08:30:16 [146/555]  Get Directory Actions
08:30:16 [147/555]  Create a directory
08:30:16 [148/555]  Rename a directory
08:30:16 [149/555]  Copy a directory
08:30:17 [150/555]  Delete a directory
08:30:17 [151/555]  Operations on File Resource
08:30:17 [152/555]  Get a file
08:30:17 [153/555]  Get File Actions
08:30:18 [154/555]  Rename a file
08:30:18 [155/555]  Create a copy of a file
08:30:18 [156/555]  Upload a file
08:30:18 [157/555]  Delete a file
08:30:19 [158/555]  Get file Meta data
08:30:19 [159/555]  RobotWare Services
08:30:19 [160/555]  Get RobotWare services
08:30:19 [161/555]  CFG Service
08:30:19 [162/555]  Get CFG resources
08:30:20 [163/555]  Get CFG actions
08:30:20 [164/555]  Validate CFG file
08:30:20 [165/555]  Load CFG file
08:30:20 [166/555]  Validate CFG Instance before Delete
08:30:21 [167/555]  Validate CFG Instances
08:30:21 [168/555]  Keyless motor ON
08:30:21 [169/555]  Subscribe on cfg ChangeCount
08:30:21 [170/555]  Operations on CFG domain
08:30:22 [171/555]  Get CFG Domain Types
08:30:22 [172/555]  Get Actions on a CFG domain
08:30:22 [173/555]  Save CFG domain
08:30:22 [174/555]  Reset CFG domain
08:30:22 [175/555]  Operations on CFG type
08:30:23 [176/555]  Get CFG type
08:30:23 [177/555]  Operations on CFG attributes
08:30:23 [178/555]  Get all attributes of the given domain type
08:30:23 [179/555]  Operations on CFG instances
08:30:24 [180/555]  Get all instances of the given domain type
08:30:24 [181/555]  Get actions on CFG instances
08:30:24 [182/555]  Reset CFG instances
08:30:24 [183/555]  Create default CFG instance
08:30:24 [184/555]  Operations on CFG instance
08:30:25 [185/555]  Get CFG instance
08:30:25 [186/555]  Get CFG instance actions
08:30:25 [187/555]  Update CFG instance
08:30:25 [188/555]  Delete CFG instance
08:30:26 [189/555]  DIPC service
08:30:26 [190/555]  Get DIPC Resources
08:30:26 [191/555]  Get DIPC Actions
08:30:26 [192/555]  Create a queue
08:30:26 [193/555]  Operations on DIPC Queue
08:30:27 [194/555]  Get DIPC Queue
08:30:27 [195/555]  Get DIPC Queue Actions
08:30:27 [196/555]  Send message
08:30:27 [197/555]  Read message
08:30:28 [198/555]  Delete DIPC Queue
08:30:28 [199/555]  Subscribe DIPC Queue
08:30:28 [200/555]  Subscribe DIPC Queue without reading message
08:30:28 [201/555]  Elog service
08:30:29 [202/555]  Get Elog Resources
08:30:29 [203/555]  Get Elog Actions
08:30:29 [204/555]  Clear elog messages
08:30:29 [205/555]  Save elog in system dump format
08:30:30 [206/555]  Operations on elog domain
08:30:30 [207/555]  Get elog messages in domain
08:30:30 [208/555]  Get Actions on elog domain
08:30:30 [209/555]  Clear elog messages
08:30:30 [210/555]  Subscribe on elog domain
08:30:31 [211/555]  Operations on elog domain message
08:30:31 [212/555]  Get Elog Message in domain
08:30:31 [213/555]  IO Service
08:30:31 [214/555]  Get IO System resources
08:30:32 [215/555]  Operations on IO Networks
08:30:32 [216/555]  Get IO Networks resources
08:30:32 [217/555]  Get Actions on IO Networks
08:30:32 [218/555]  Search IO Networks
08:30:33 [219/555]  Operations on IO Network
08:30:33 [220/555]  Get IO Network
08:30:34 [221/555]  Get IO Network actions
08:30:34 [222/555]  Update IO Network
08:30:34 [223/555]  Subscribe IO Network
08:30:35 [224/555]  Get IO Network Configuration Properties
08:30:35 [225/555]  Update IO Network Configuration Type
08:30:35 [226/555]  Operations on IO Devices
08:30:35 [227/555]  Get IO Devices
08:30:36 [228/555]  Get Actions IO Devices
08:30:36 [229/555]  Search IO Devices
08:30:36 [230/555]  Operations on IO Device
08:30:36 [231/555]  Get IO Device
08:30:37 [232/555]  Get IO Device actions
08:30:37 [233/555]  Update IO Device
08:30:37 [234/555]  Subscribe IO Device
08:30:37 [235/555]  Set input data
08:30:38 [236/555]  Set output data
08:30:38 [237/555]  Get IO Device Configuration Properties
08:30:38 [238/555]  Operations on eio Device
08:30:38 [239/555]  Get eio device status information
08:30:38 [240/555]  Operations on Device Command
08:30:39 [241/555]  Send Device Command
08:30:39 [242/555]  Send Device Command actions
08:30:39 [243/555]  Operations on IO Signals
08:30:39 [244/555]  Get IO Signals
08:30:40 [245/555]  Signal Search
08:30:40 [246/555]  Signal Search Extended
08:30:40 [247/555]  Unblock Signals
08:30:40 [248/555]  Get IO Signals actions
08:30:40 [249/555]  Operations on IO Signal
08:30:41 [250/555]  Get an IO Signal
08:30:41 [251/555]  Get IO Signal actions
08:30:41 [252/555]  Update IO Signal State
08:30:41 [253/555]  Update IO Signal Value
08:30:42 [254/555]  Subscribe IO Signal
08:30:42 [255/555]  Get IO signal Configuration Properties
08:30:42 [256/555]  Mastership service
08:30:42 [257/555]  Get Mastership Resources
08:30:43 [258/555]  Get Mastership Actions
08:30:43 [259/555]  Mastership request
08:30:43 [260/555]  Mastership release
08:30:45 [261/555]  Mastership Subscribe
08:30:45 [262/555]  Operations on Mastership domains
08:30:45 [263/555]  Get Mastership Domain
08:30:46 [264/555]  Get Mastership Domain Actions
08:30:46 [265/555]  Mastership domain request
08:30:46 [266/555]  Mastership Domain release
08:30:46 [267/555]  Mastership Domain Subscribe
08:30:47 [268/555]  Panel service
08:30:47 [269/555]  Get Panel Resources
08:30:47 [270/555]  Get Panel Actions
08:30:47 [271/555]  Set the language
08:30:48 [272/555]  Restart the Controller
08:30:48 [273/555]  Operations on Controller State Resource
08:30:48 [274/555]  Get Controller State
08:30:49 [275/555]  Get Controller State Actions
08:30:49 [276/555]  Set Controller State
08:30:49 [277/555]  Subscribe Controller state
08:30:49 [278/555]  Operations on Operation Mode Resource
08:30:50 [279/555]  Get Operation Mode
08:30:50 [280/555]  Get Operation  Mode Actions
08:30:50 [281/555]  Subscribe Operation Mode
08:30:50 [282/555]  Acknowledgement for Operation Mode
08:30:51 [283/555]  Get Operation Mode Lock Status
08:30:51 [284/555]  Lock operation mode selection.
08:30:51 [285/555]  Unlock operation mode selection.
08:30:52 [286/555]  Operations on Speed Ratio Resource
08:30:52 [287/555]  Get Speed Ratio
08:30:52 [288/555]  Get Speed Ratio Actions
08:30:52 [289/555]  Set Speed Ratio
08:30:53 [290/555]  Subscribe Speed Ratio
08:30:53 [291/555]  Operations on Collision Detection State
08:30:53 [292/555]  Get Collision Detection State
08:30:53 [293/555]  Get Collision Detection State Actions
08:30:54 [294/555]  Subscribe on Collision Detection State
08:30:54 [295/555]  RAPID Service
08:30:54 [296/555]  Get RAPID system resources
08:30:54 [297/555]  Operations on RAPID execution
08:30:55 [298/555]  Get RAPID Execution state
08:30:55 [299/555]  Get RAPID Execution actions
08:30:55 [300/555]  Start RAPID Execution
08:30:55 [301/555]  Stop RAPID Execution
08:30:56 [302/555]  Start RAPID Execution from production entry
08:30:56 [303/555]  Reset RAPID program pointer to main
08:30:56 [304/555]  Set number of execution cycles
08:30:57 [305/555]  Subscribe RAPID Execution
08:30:57 [306/555]  Subscribe RAPID Execution Cycle
08:30:57 [307/555]  Subscribe on Hold to Run
08:30:57 [308/555]  Set Hold to Run Cmd
08:30:58 [309/555]  Operations on RAPID modules
08:30:58 [310/555]  Get RAPID modules action
08:30:58 [311/555]  Get RAPID modules
08:30:59 [312/555]  Get Mod Possible All
08:30:59 [313/555]  Set Modify All Positions
08:30:59 [314/555]  Operations on rapid module
08:30:59 [315/555]  Get a specified range of text
08:31:00 [316/555]  Get rapid module actions
08:31:00 [317/555]  Save rapid module
08:31:00 [318/555]  Set Text Range
08:31:01 [319/555]  Set Module Text
08:31:01 [320/555]  Get RAPID module attributes
08:31:01 [321/555]  Get change count
08:31:01 [322/555]  Get RulesInstr
08:31:02 [323/555]  Get module possible attributes
08:31:02 [324/555]  Get Search Text
08:31:02 [325/555]  Get Rapid Object
08:31:03 [326/555]  Set SyncPers
08:31:03 [327/555]  Set Modify Position
08:31:03 [328/555]  Get Module Extension
08:31:03 [329/555]  Get Mod Possible
08:31:04 [330/555]  Get Object Child
08:31:04 [331/555]  Get SyncPers Status
08:31:04 [332/555]  Get Module Text
08:31:04 [333/555]  Get Symbol Information
08:31:05 [334/555]  Operations on RAPID Routine
08:31:05 [335/555]  Get Routine information
08:31:05 [336/555]  Get Routineargs information
08:31:05 [337/555]  Operations on RAPID symbols properties
08:31:06 [338/555]  Get RAPID symbols resources
08:31:06 [339/555]  Get rapid symbols actions
08:31:06 [340/555]  Search RAPID symbols
08:31:06 [341/555]  Operations on RAPID symbol object
08:31:07 [342/555]  Get Object Extension List
08:31:07 [343/555]  Operations on RAPID symbol
08:31:07 [344/555]  Operations on RAPID symbol properties
08:31:08 [345/555]  Get RAPID symbol properties
08:31:08 [346/555]  Operations on RAPID symbol data
08:31:08 [347/555]  Get rapid symbol data
08:31:08 [348/555]  Get rapid symbol data actions
08:31:09 [349/555]  Update rapid variable current value
08:31:09 [350/555]  Validate rapid variable
08:31:09 [351/555]  Subscribe on RAPID persistent variable
08:31:10 [352/555]  Update rapid variable Initial Value
08:31:10 [353/555]  Operations on RAPID tasks
08:31:10 [354/555]  Get RAPID tasks
08:31:10 [355/555]  Get rapid Tasks actions
08:31:11 [356/555]  Start RAPID Spy Logging
08:31:11 [357/555]  Get RAPID Spy Logging status
08:31:11 [358/555]  Stop RAPID Spy Logging
08:31:11 [359/555]  Activate/Deactivate rapid tasks
08:31:12 [360/555]  Get Program/Motion Pointer Sync State for all tasks
08:31:12 [361/555]  Subscribe on Build log change
08:31:12 [362/555]  Operations on RAPID task
08:31:13 [363/555]  Get RAPID task state
08:31:13 [364/555]  Get rapid task actions
08:31:13 [365/555]  Load RAPID module into a rapid task
08:31:13 [366/555]  Unload module from a rapid task
08:31:14 [367/555]  Abort current execution level
08:31:14 [368/555]  activate/deactivate rapid task
08:31:14 [369/555]  Get Activation Record
08:31:14 [370/555]  Get Structural Change Count
08:31:15 [371/555]  Get Preferable Data Types
08:31:15 [372/555]  Get Program Pointer Sync State
08:31:15 [373/555]  Get Motion Pointer Sync State
08:31:15 [374/555]  Link RAPID Task
08:31:16 [375/555]  Get Pallet
08:31:16 [376/555]  Get Pallet Head
08:31:16 [377/555]  Subscribe on Rapid Task Change
08:31:16 [378/555]  Subscribe on Rapid PP Sync state change
08:31:17 [379/555]  Subscribe on Rapid task pgmexecution state change
08:31:17 [380/555]  Operations on rapid motion
08:31:17 [381/555]  Get rapid motion
08:31:18 [382/555]  Get RobTarget
08:31:18 [383/555]  Get Joint Target
08:31:18 [384/555]  Get mechanical units
08:31:18 [385/555]  Get external joint states
08:31:19 [386/555]  Operations on rapid calib
08:31:19 [387/555]  Calibration for Displacement
08:31:19 [388/555]  Calibration for Tcp
08:31:19 [389/555]  Operations on RAPID program
08:31:20 [390/555]  Get RAPID program resource
08:31:20 [391/555]  Get rapid program actions
08:31:20 [392/555]  Load program into a rapid task
08:31:20 [393/555]  Unload program from a rapid task
08:31:21 [394/555]  Save program
08:31:21 [395/555]  Set program name
08:31:21 [396/555]  Set Entry Point
08:31:22 [397/555]  Operations on RAPID build errors
08:31:22 [398/555]  Get Build Errors
08:31:22 [399/555]  Operations on RAPID breakpoint
08:31:22 [400/555]  Get RAPID breakpoint actions
08:31:23 [401/555]  Set break point
08:31:23 [402/555]  Get break points
08:31:23 [403/555]  Operations on RAPID program PCP
08:31:23 [404/555]  Get RAPID task Motion&Program pointer positions
08:31:24 [405/555]  Get RAPID task pcp actions
08:31:24 [406/555]  Set the Program pointer(PP) position to cursor
08:31:24 [407/555]  Set the Program pointer(PP) position to routine
08:31:25 [408/555]  Set the Program pointer(PP) position to routine by URL
08:31:25 [409/555]  Set the Program pointer(PP) position to previous instruction
08:31:25 [410/555]  Set the Program pointer(PP) position to next instruction
08:31:25 [411/555]  Subscribe on Program Pointer
08:31:26 [412/555]  Subscribe on Motion Pointer
08:31:26 [413/555]  Operations on RAPID service routine
08:31:26 [414/555]  Get RAPID service routine
08:31:26 [415/555]  Operations on RAPID program counter position
08:31:27 [416/555]  Get RAPID Program counter position
08:31:27 [417/555]  Operations on RAPID UI instructions
08:31:27 [418/555]  Get UI instruction resource
08:31:27 [419/555]  Get UI instruction actions
08:31:28 [420/555]  Subscribe on UI instruction
08:31:28 [421/555]  Operations on Active UI Instruction
08:31:28 [422/555]  Get Active UI Instruction
08:31:29 [423/555]  Get Active UI instruction actions
08:31:29 [424/555]  Update an Active UI Instruction Parameter
08:31:29 [425/555]  Get parameter value for an active UI instruction
08:31:29 [426/555]  Get active UI instruction parameters
08:31:30 [427/555]  Operations on Rapid taskpanel
08:31:30 [428/555]  Get user modify from taskpanel
08:31:30 [429/555]  Subscribe on Tasks panel change
08:31:30 [430/555]  Operations on Rapid AliasIO
08:31:31 [431/555]  Get AliasIO List
08:31:31 [432/555]  System service
08:31:31 [433/555]  System Information
08:31:31 [434/555]  Get robot type
08:31:32 [435/555]  System Option Resource
08:31:32 [436/555]  System Options
08:31:32 [437/555]  System Energy Resource
08:31:32 [438/555]  Get System Energy Actions
08:31:33 [439/555]  System Energy Info Change Count
08:31:33 [440/555]  Reset Accumulated Energy
08:31:33 [441/555]  System Energy
08:31:33 [442/555]  Subscribe on System Energy Changes.
08:31:33 [443/555]  System License Resource
08:31:34 [444/555]  Get System Robotware License
08:31:34 [445/555]  System Products Resource
08:31:34 [446/555]  Get Installed Products
08:31:35 [447/555]  RobotWare return codes service
08:31:35 [448/555]  Get a list of RobotWare return codes
08:31:35 [449/555]  Devices service
08:31:35 [450/555]  Devices tree information
08:31:36 [451/555]  Motion System
08:31:36 [452/555]  Get Motion System
08:31:36 [453/555]  Get Motion System action
08:31:36 [454/555]  Set Mechunit for jogging
08:31:37 [455/555]  Perform Jogging
08:31:37 [456/555]  Set Robo Target Position
08:31:37 [457/555]  Get check change count
08:31:37 [458/555]  Subscribe on Error EventChange
08:31:38 [459/555]  Operations on Error State
08:31:38 [460/555]  Get Error State
08:31:38 [461/555]  Operations on Motion Supervision
08:31:39 [462/555]  Get Motion Supervision
08:31:40 [463/555]  Get Motion Supervision Actions
08:31:40 [464/555]  Set Motion Supervision Mode (Jog Supervision Mode)
08:31:40 [465/555]  Set Motion Supervision Sensitivity (Jog Supervision Sensitivity)
08:31:40 [466/555]  Get Motion Supervision Collision Prediction Mode
08:31:41 [467/555]  Set Motion Supervision Collision Prediction Mode
08:31:41 [468/555]  Operations On Path Supervision
08:31:41 [469/555]  Get Path Supervision
08:31:41 [470/555]  Get Path Supervision Actions
08:31:42 [471/555]  Set Path Supervision Mode
08:31:42 [472/555]  Set Path Supervision Level
08:31:42 [473/555]  Operations On NonMotion Execution
08:31:42 [474/555]  Get Non Motion Execution Mode
08:31:43 [475/555]  Get NonMotion Execution Actions
08:31:43 [476/555]  Set NonMotion Execution Mode
08:31:43 [477/555]  Operations on Mechunits
08:31:43 [478/555]  Get Mechunits
08:31:44 [479/555]  Operations on Mechunit
08:31:44 [480/555]  Get Mechunit
08:31:44 [481/555]  Get Mechunit action
08:31:44 [482/555]  Set Mechunit
08:31:45 [483/555]  Set Compliance Lead Through
08:31:45 [484/555]  Get Compliance Lead Through
08:31:45 [485/555]  Set Fine Calibration
08:31:45 [486/555]  Update (Syncronize) Revolution Counter
08:31:45 [487/555]  Get Physical Joints
08:31:46 [488/555]  Get Cartesian Value
08:31:46 [489/555]  Set Mechanical Unit
08:31:46 [490/555]  Get Robtarget
08:31:46 [491/555]  Get Joint target
08:31:47 [492/555]  Subscribe on Mechunit Mode Change
08:31:47 [493/555]  Get Joints From Position
08:31:47 [494/555]  Get Position From Joints
08:31:47 [495/555]  Get All Joint Solution
08:31:47 [496/555]  Get Joints From Cartesian
08:31:48 [497/555]  Get Calibration Info
08:31:48 [498/555]  Operation on Calib
08:31:48 [499/555]  Calibration for BaseFrame
08:31:48 [500/555]  Calibration for BaseFrameMoving
08:31:49 [501/555]  Calibration for ExternalRobotNomBaseNew
08:31:49 [502/555]  Calibration for RobotAxisRot
08:31:49 [503/555]  Calibration for SingleUserRotNew
08:31:49 [504/555]  Calibration for RotExtCtrlZdef
08:31:50 [505/555]  Calibration for SingleUserLin
08:31:50 [506/555]  Calibration for SingleTrack
08:31:50 [507/555]  Calibration for RobotAxisRot2
08:31:50 [508/555]  Operations on Baseframe
08:31:51 [509/555]  Get Base Frame
08:31:51 [510/555]  Get Base Frame actions
08:31:51 [511/555]  Set Base Frame
08:31:51 [512/555]  Operations on Axes
08:31:52 [513/555]  Get Axes
08:31:52 [514/555]  Get Axis
08:31:52 [515/555]  Get Axis actions
08:31:52 [516/555]  Get Axis pose
08:31:53 [517/555]  Set Axis pose
08:31:53 [518/555]  Update Commutate
08:31:53 [519/555]  Update Sync Revolution Counter
08:31:53 [520/555]  Operations on SMB Data
08:31:53 [521/555]  Set SMB Data
08:31:54 [522/555]  Clear SMB Data
08:31:54 [523/555]  Get SMB Data
08:31:54 [524/555]  Get SMB Data Actions
08:31:54 [525/555]  Operations on Motor Calib
08:31:55 [526/555]  Get Motor Calib Names
08:31:55 [527/555]  Integrated Vision (IV) Service
08:31:55 [528/555]  Get Vision Manager Resource
08:31:55 [529/555]  Get Number of Cameras of IV
08:31:56 [530/555]  Get IV Camera Validity
08:31:56 [531/555]  Get Vision (camera) Resource Actions
08:31:56 [532/555]  Get Camera Jobname
08:31:56 [533/555]  Restart Camera
08:31:57 [534/555]  Flash LED(s) of Camera
08:31:57 [535/555]  Set Camera State
08:31:57 [536/555]  Refesh the camera(s)
08:31:57 [537/555]  Set Hostname of the Camera
08:31:58 [538/555]  Set camera to be a DHCP client
08:31:58 [539/555]  Set Camera DNS Settings
08:31:58 [540/555]  Get Camera Status
08:31:58 [541/555]  Get Camera Info Using Index of the camera
08:31:58 [542/555]  Set Camera Name
08:31:59 [543/555]  Set Camera User Credentials
08:31:59 [544/555]  Set Camera IP Settings
08:31:59 [545/555]  Get IV Camera Info
08:31:59 [546/555]  Operations on IO Profinet Device
08:32:00 [547/555]  Get profinet I/O device read record implicit data from device in profinet network
08:32:00 [548/555]  Read record implicit data from device in profinet network
08:32:00 [549/555]  Get forms
08:32:00 [550/555]  Get profinet I/O device read record data
08:32:01 [551/555]  Get profinet I/O device read record data
08:32:01 [552/555]  Get Forms
08:32:01 [553/555]  Get profinet device alarms xml response
08:32:01 [554/555]  Clear the alarms
08:32:02 [555/555]  Get Forms
08:32:02 
 Exporting...
08:32:02    JSON  → c:\Users\cleme\Documents\GitLab_ENSAM\abb_rws_client_python_rw6\contrib\scraping\abb_rws_api_full.json
08:32:02     MD    → c:\Users\cleme\Documents\GitLab_ENSAM\abb_rws_client_python_rw6\contrib\scraping\abb_rws_api_full.md
08:32:02 
✓ Done — 555 routes documented.
