19:55:19 ============================================================
19:55:19   PHASE 1 — Crawl via fichiers .js Doxygen
19:55:19 ============================================================
19:55:19   ✅ [  1] (+ parent) Root Resource
19:55:19   📂 Root Resource  (2 enfants)
19:55:19   ✅ [  2] Root Resource > Get Service list
19:55:20   ✅ [  3] Root Resource > Logout
19:55:20   ✅ [  4] (+ parent) Subscription Service
19:55:20   📂 Subscription Service  (3 enfants)
19:55:20   ✅ [  5] Subscription Service > Get Subscription Actions
19:55:20   ✅ [  6] Subscription Service > Subscribe on resources
19:55:20   ✅ [  7] (+ parent) Subscription Service > Operations on Subscription Group
19:55:20   📂 Subscription Service > Operations on Subscription Group  (4 enfants)
19:55:20   ✅ [  8] Subscription Service > Operations on Subscription Group > Get Subscription Group Actions
19:55:20   ✅ [  9] Subscription Service > Operations on Subscription Group > Add new resources, Remove existing Resources or change existing resources priorities.
19:55:20   ✅ [ 10] Subscription Service > Operations on Subscription Group > Unsubscribe or remove the subscription group/resources in group.
19:55:20   ✅ [ 11] (+ parent) Subscription Service > Operations on Subscription Group > Operations on Subscription Resource
19:55:20   📂 Subscription Service > Operations on Subscription Group > Operations on Subscription Resource  (1 enfants)
19:55:20   ✅ [ 12] Subscription Service > Operations on Subscription Group > Operations on Subscription Resource > Unsubscribe or remove the resource from subscription group.
19:55:20   ✅ [ 13] (+ parent) User Service
19:55:20   📂 User Service  (8 enfants)
19:55:20   ✅ [ 14] User Service > Get User Resources
19:55:21   ✅ [ 15] User Service > Get User Actions
19:55:21   ✅ [ 16] User Service > Register the user
19:55:21   ✅ [ 17] User Service > Impersonate a user
19:55:21   ✅ [ 18] User Service > Login as Local User
19:55:21   ✅ [ 19] (+ parent) User Service > Operations on Users grants
19:55:21   📂 User Service > Operations on Users grants  (1 enfants)
19:55:21   ✅ [ 20] User Service > Operations on Users grants > Get User grants
19:55:21   ✅ [ 21] (+ parent) User Service > Operations on RMMP
19:55:21   📂 User Service > Operations on RMMP  (7 enfants)
19:55:21   ✅ [ 22] User Service > Operations on RMMP > Get RMMP state
19:55:21   ✅ [ 23] User Service > Operations on RMMP > Get RMMP Actions
19:55:21   ✅ [ 24] User Service > Operations on RMMP > Request RMMP
19:55:21   ✅ [ 25] User Service > Operations on RMMP > Grant or deny an RMMP request
19:55:21   ✅ [ 26] User Service > Operations on RMMP > Cancel held or requested RMMP
19:55:21   ✅ [ 27] User Service > Operations on RMMP > Subscribe on RMMP Request event
19:55:21   ✅ [ 28] User Service > Operations on RMMP > Poll for RMMP grant status
19:55:22   ✅ [ 29] (+ parent) User Service > Operations on Remote User
19:55:22   📂 User Service > Operations on Remote User  (4 enfants)
19:55:22   ✅ [ 30] User Service > Operations on Remote User > Get remote user actions
19:55:22   ✅ [ 31] User Service > Operations on Remote User > Remote User Logon Request
19:55:22   ✅ [ 32] User Service > Operations on Remote User > Remote User Logout Request
19:55:22   ✅ [ 33] User Service > Operations on Remote User > Subscribe on remote user state
19:55:22   ✅ [ 34] (+ parent) Controller Service
19:55:22   📂 Controller Service  (16 enfants)
19:55:22   ✅ [ 35] Controller Service > Get Controller Resources
19:55:22   ✅ [ 36] Controller Service > Get Controller Actions
19:55:22   ✅ [ 37] Controller Service > Get Controller environment variable
19:55:22   ✅ [ 38] Controller Service > Restart or Shutdown controller
19:55:22   ✅ [ 39] Controller Service > Set Controller language
19:55:22   ✅ [ 40] (+ parent) Controller Service > Operations on Clock Resource
19:55:22   📂 Controller Service > Operations on Clock Resource  (5 enfants)
19:55:22   ✅ [ 41] Controller Service > Operations on Clock Resource > Get Clock Resource
19:55:23   ✅ [ 42] Controller Service > Operations on Clock Resource > Get Clock Actions
19:55:23   ✅ [ 43] Controller Service > Operations on Clock Resource > Set the Clock of the controller
19:55:23   ✅ [ 44] (+ parent) Controller Service > Operations on Clock Resource > Operations on Timezone Resource
19:55:23   📂 Controller Service > Operations on Clock Resource > Operations on Timezone Resource  (3 enfants)
19:55:23   ✅ [ 45] Controller Service > Operations on Clock Resource > Operations on Timezone Resource > Get timezone resource
19:55:23   ✅ [ 46] Controller Service > Operations on Clock Resource > Operations on Timezone Resource > Get timezone actions
19:55:23   ✅ [ 47] Controller Service > Operations on Clock Resource > Operations on Timezone Resource > Set the time zone
19:55:23   ✅ [ 48] (+ parent) Controller Service > Operations on Clock Resource > Operations on Timeserver Resource
19:55:23   📂 Controller Service > Operations on Clock Resource > Operations on Timeserver Resource  (4 enfants)
19:55:23   ✅ [ 49] Controller Service > Operations on Clock Resource > Operations on Timeserver Resource > Get time server resource
19:55:23   ✅ [ 50] Controller Service > Operations on Clock Resource > Operations on Timeserver Resource > Get time server actions
19:55:23   ✅ [ 51] Controller Service > Operations on Clock Resource > Operations on Timeserver Resource > Set the time server
19:55:23   ✅ [ 52] Controller Service > Operations on Clock Resource > Operations on Timeserver Resource > Test Time Server
19:55:23   ✅ [ 53] (+ parent) Controller Service > Operations on Identity Resource
19:55:23   📂 Controller Service > Operations on Identity Resource  (3 enfants)
19:55:23   ✅ [ 54] Controller Service > Operations on Identity Resource > Get Identity Resource
19:55:23   ✅ [ 55] Controller Service > Operations on Identity Resource > Get Identity Actions
19:55:24   ✅ [ 56] Controller Service > Operations on Identity Resource > Set the Identity of the controller
19:55:24   ✅ [ 57] (+ parent) Controller Service > Operations on System Resource
19:55:24   📂 Controller Service > Operations on System Resource  (15 enfants)
19:55:24   ✅ [ 58] Controller Service > Operations on System Resource > Get list of installed systems
19:55:24   ✅ [ 59] Controller Service > Operations on System Resource > Get actions on system
19:55:24   ✅ [ 60] Controller Service > Operations on System Resource > Set Boot Device
19:55:24   ✅ [ 61] Controller Service > Operations on System Resource > Get Boot Device
19:55:24   ✅ [ 62] Controller Service > Operations on System Resource > Load Boot Image
19:55:24   ✅ [ 63] Controller Service > Operations on System Resource > Unload Boot Image
19:55:24   ✅ [ 64] Controller Service > Operations on System Resource > Get selected system name
19:55:24   ✅ [ 65] Controller Service > Operations on System Resource > Install deployment package
19:55:24   ✅ [ 66] Controller Service > Operations on System Resource > Validate deployment package
19:55:24   ✅ [ 67] Controller Service > Operations on System Resource > Get system resource
19:55:24   ✅ [ 68] Controller Service > Operations on System Resource > Get actions on a system resource
19:55:24   ✅ [ 69] Controller Service > Operations on System Resource > Rename a system
19:55:24   ✅ [ 70] Controller Service > Operations on System Resource > Select a system
19:55:24   ✅ [ 71] Controller Service > Operations on System Resource > Delete a System
19:55:24   ✅ [ 72] Controller Service > Operations on System Resource > Deselect a System
19:55:25   ✅ [ 73] (+ parent) Controller Service > Operations on network Resource
19:55:25   📂 Controller Service > Operations on network Resource  (5 enfants)
19:55:25   ✅ [ 74] Controller Service > Operations on network Resource > Get Network Resource
19:55:25   ✅ [ 75] Controller Service > Operations on network Resource > Get Network setting actions
19:55:25   ✅ [ 76] Controller Service > Operations on network Resource > Set Network configuration
19:55:25   ✅ [ 77] (+ parent) Controller Service > Operations on network Resource > Operations on DNS Resource
19:55:25   📂 Controller Service > Operations on network Resource > Operations on DNS Resource  (1 enfants)
19:55:25   ✅ [ 78] Controller Service > Operations on network Resource > Operations on DNS Resource > Get DNS Resource
19:55:25   ✅ [ 79] (+ parent) Controller Service > Operations on network Resource > Operations on Routing Table Resource
19:55:25   📂 Controller Service > Operations on network Resource > Operations on Routing Table Resource  (4 enfants)
19:55:25   ✅ [ 80] Controller Service > Operations on network Resource > Operations on Routing Table Resource > Add a route table entry
19:55:25   ✅ [ 81] Controller Service > Operations on network Resource > Operations on Routing Table Resource > Options to add a route table entry
19:55:25   ✅ [ 82] Controller Service > Operations on network Resource > Operations on Routing Table Resource > Remove a route table entry
19:55:25   ✅ [ 83] Controller Service > Operations on network Resource > Operations on Routing Table Resource > Options to remove a route table entry
19:55:26   ✅ [ 84] (+ parent) Controller Service > Operations on Backup Resource
19:55:26   📂 Controller Service > Operations on Backup Resource  (8 enfants)
19:55:26   ✅ [ 85] Controller Service > Operations on Backup Resource > Get backup resources
19:55:26   ✅ [ 86] Controller Service > Operations on Backup Resource > Get backup actions
19:55:26   ✅ [ 87] Controller Service > Operations on Backup Resource > Create a Backup
19:55:26   ✅ [ 88] Controller Service > Operations on Backup Resource > Restore a backup.
19:55:26   ✅ [ 89] Controller Service > Operations on Backup Resource > Check Restore
19:55:26   ✅ [ 90] Controller Service > Operations on Backup Resource > Get Backup State
19:55:26   ✅ [ 91] Controller Service > Operations on Backup Resource > Subscribe on Backup System Information
19:55:26   ✅ [ 92] (+ parent) Controller Service > Operations on Backup Resource > Operations on backup system information
19:55:26   📂 Controller Service > Operations on Backup Resource > Operations on backup system information  (1 enfants)
19:55:26   ✅ [ 93] Controller Service > Operations on Backup Resource > Operations on backup system information > Get backup system information
19:55:26   ✅ [ 94] (+ parent) Controller Service > Operations on Compress Resource
19:55:26   📂 Controller Service > Operations on Compress Resource  (3 enfants)
19:55:26   ✅ [ 95] Controller Service > Operations on Compress Resource > Get compress resources
19:55:26   ✅ [ 96] Controller Service > Operations on Compress Resource > Get compress actions
19:55:26   ✅ [ 97] Controller Service > Operations on Compress Resource > Compress/Decompress Resource
19:55:27   ✅ [ 98] (+ parent) Controller Service > Operations on Diagnostics Resource
19:55:27   📂 Controller Service > Operations on Diagnostics Resource  (5 enfants)
19:55:27   ✅ [ 99] Controller Service > Operations on Diagnostics Resource > Get diagnostics resources
19:55:27   ✅ [100] Controller Service > Operations on Diagnostics Resource > Get diagnostics actions
19:55:27   ✅ [101] Controller Service > Operations on Diagnostics Resource > Save system diagnostics
19:55:27   ✅ [102] Controller Service > Operations on Diagnostics Resource > Subscribe on system dump
19:55:27   ✅ [103] Controller Service > Operations on Diagnostics Resource > Subscribe on Diagnostics States (Get System Diagnostics)
19:55:27   ✅ [104] (+ parent) Controller Service > Operations on CtrlSafetyResource
19:55:27   📂 Controller Service > Operations on CtrlSafetyResource  (15 enfants)
19:55:27   ✅ [105] Controller Service > Operations on CtrlSafetyResource > Get safety resources
19:55:27   ✅ [106] Controller Service > Operations on CtrlSafetyResource > Get Safety actions
19:55:27   ✅ [107] Controller Service > Operations on CtrlSafetyResource > Load Safety configuration file to controller
19:55:27   ✅ [108] Controller Service > Operations on CtrlSafetyResource > Set Safety Mode of the controller
19:55:27   ✅ [109] Controller Service > Operations on CtrlSafetyResource > Get Config status
19:55:27   ✅ [110] Controller Service > Operations on CtrlSafetyResource > Get Safety Mode status
19:55:27   ✅ [111] Controller Service > Operations on CtrlSafetyResource > Get Safety Cyclic Brake Check status
19:55:27   ✅ [112] Controller Service > Operations on CtrlSafetyResource > Get LoadOperation status
19:55:27   ✅ [113] Controller Service > Operations on CtrlSafetyResource > Get Safety Configurations
19:55:28   ✅ [114] Controller Service > Operations on CtrlSafetyResource > Get Safety Violation Info
19:55:28   ✅ [115] Controller Service > Operations on CtrlSafetyResource > Unlock the safety configuration
19:55:28   ✅ [116] Controller Service > Operations on CtrlSafetyResource > Software Sync Acknowledgement
19:55:28   ✅ [117] Controller Service > Operations on CtrlSafetyResource > Add Validation info
19:55:28   ✅ [118] Controller Service > Operations on CtrlSafetyResource > Remove Validation info
19:55:28   ✅ [119] Controller Service > Operations on CtrlSafetyResource > Set Reset Safety Controller
19:55:28   ✅ [120] (+ parent) Controller Service > Operations on options Resource
19:55:28   📂 Controller Service > Operations on options Resource  (1 enfants)
19:55:28   ✅ [121] Controller Service > Operations on options Resource > Get options resource
19:55:28   ✅ [122] (+ parent) Controller Service > Operations on Compatabile Resource
19:55:28   📂 Controller Service > Operations on Compatabile Resource  (1 enfants)
19:55:28   ✅ [123] Controller Service > Operations on Compatabile Resource > Check Robotware version compatibility with contorller hardware
19:55:28   ✅ [124] (+ parent) Controller Service > Operation on Virtual Time
19:55:28   📂 Controller Service > Operation on Virtual Time  (6 enfants)
19:55:28   ✅ [125] Controller Service > Operation on Virtual Time > Get Virtual Time resources
19:55:29   ✅ [126] (+ parent) Controller Service > Operation on Virtual Time > Operation on VTTime
19:55:29   📂 Controller Service > Operation on Virtual Time > Operation on VTTime  (1 enfants)
19:55:29   ✅ [127] Controller Service > Operation on Virtual Time > Operation on VTTime > Get Virtualtime
19:55:29   ✅ [128] (+ parent) Controller Service > Operation on Virtual Time > Operation on VTTimeslice
19:55:29   📂 Controller Service > Operation on Virtual Time > Operation on VTTimeslice  (3 enfants)
19:55:29   ✅ [129] Controller Service > Operation on Virtual Time > Operation on VTTimeslice > Get VTTimeslice Value
19:55:29   ✅ [130] Controller Service > Operation on Virtual Time > Operation on VTTimeslice > Actions on VTTimeslice
19:55:29   ✅ [131] Controller Service > Operation on Virtual Time > Operation on VTTimeslice > Set VTTimeslice Value
19:55:29   ✅ [132] (+ parent) Controller Service > Operation on Virtual Time > Operation on VTSpeed
19:55:29   📂 Controller Service > Operation on Virtual Time > Operation on VTSpeed  (3 enfants)
19:55:29   ✅ [133] Controller Service > Operation on Virtual Time > Operation on VTSpeed > Get Speed of Virtual Time
19:55:29   ✅ [134] Controller Service > Operation on Virtual Time > Operation on VTSpeed > Get actions on a VTSpeed
19:55:29   ✅ [135] Controller Service > Operation on Virtual Time > Operation on VTSpeed > Set Speed of Virtualtime
19:55:29   ✅ [136] (+ parent) Controller Service > Operation on Virtual Time > Operation on VTState
19:55:29   📂 Controller Service > Operation on Virtual Time > Operation on VTState  (3 enfants)
19:55:29   ✅ [137] Controller Service > Operation on Virtual Time > Operation on VTState > Get State of Virtual Time
19:55:29   ✅ [138] Controller Service > Operation on Virtual Time > Operation on VTState > Get actions on a VTState
19:55:30   ✅ [139] Controller Service > Operation on Virtual Time > Operation on VTState > Set State of Virtualtime
19:55:30   ✅ [140] (+ parent) Controller Service > Operation on Virtual Time > Operation on VTRun
19:55:30   📂 Controller Service > Operation on Virtual Time > Operation on VTRun  (1 enfants)
19:55:30   ✅ [141] Controller Service > Operation on Virtual Time > Operation on VTRun > VT Run
19:55:30   ✅ [142] (+ parent) File Service
19:55:30   📂 File Service  (3 enfants)
19:55:30   ✅ [143] File Service > Get File Service Resources
19:55:30   ✅ [144] (+ parent) File Service > Operations on Directory Resource
19:55:30   📂 File Service > Operations on Directory Resource  (6 enfants)
19:55:30   ✅ [145] File Service > Operations on Directory Resource > Get Directory listing of resources
19:55:30   ✅ [146] File Service > Operations on Directory Resource > Get Directory Actions
19:55:30   ✅ [147] File Service > Operations on Directory Resource > Create a directory
19:55:30   ✅ [148] File Service > Operations on Directory Resource > Rename a directory
19:55:30   ✅ [149] File Service > Operations on Directory Resource > Copy a directory
19:55:30   ✅ [150] File Service > Operations on Directory Resource > Delete a directory
19:55:31   ✅ [151] (+ parent) File Service > Operations on File Resource
19:55:31   📂 File Service > Operations on File Resource  (7 enfants)
19:55:31   ✅ [152] File Service > Operations on File Resource > Get a file
19:55:31   ✅ [153] File Service > Operations on File Resource > Get File Actions
19:55:31   ✅ [154] File Service > Operations on File Resource > Rename a file
19:55:31   ✅ [155] File Service > Operations on File Resource > Create a copy of a file
19:55:31   ✅ [156] File Service > Operations on File Resource > Upload a file
19:55:31   ✅ [157] File Service > Operations on File Resource > Delete a file
19:55:31   ✅ [158] File Service > Operations on File Resource > Get file Meta data
19:55:31   ✅ [159] (+ parent) RobotWare Services
19:55:31   📂 RobotWare Services  (13 enfants)
19:55:31   ✅ [160] RobotWare Services > Get RobotWare services
19:55:31   ✅ [161] (+ parent) RobotWare Services > CFG Service
19:55:31   📂 RobotWare Services > CFG Service  (9 enfants)
19:55:31   ✅ [162] RobotWare Services > CFG Service > Get CFG resources
19:55:31   ✅ [163] RobotWare Services > CFG Service > Get CFG actions
19:55:31   ✅ [164] RobotWare Services > CFG Service > Validate CFG file
19:55:31   ✅ [165] RobotWare Services > CFG Service > Load CFG file
19:55:32   ✅ [166] RobotWare Services > CFG Service > Validate CFG Instance before Delete
19:55:32   ✅ [167] RobotWare Services > CFG Service > Validate CFG Instances
19:55:32   ✅ [168] RobotWare Services > CFG Service > Keyless motor ON
19:55:32   ✅ [169] RobotWare Services > CFG Service > Subscribe on cfg ChangeCount
19:55:32   ✅ [170] (+ parent) RobotWare Services > CFG Service > Operations on CFG domain
19:55:32   📂 RobotWare Services > CFG Service > Operations on CFG domain  (5 enfants)
19:55:32   ✅ [171] RobotWare Services > CFG Service > Operations on CFG domain > Get CFG Domain Types
19:55:32   ✅ [172] RobotWare Services > CFG Service > Operations on CFG domain > Get Actions on a CFG domain
19:55:32   ✅ [173] RobotWare Services > CFG Service > Operations on CFG domain > Save CFG domain
19:55:32   ✅ [174] RobotWare Services > CFG Service > Operations on CFG domain > Reset CFG domain
19:55:32   ✅ [175] (+ parent) RobotWare Services > CFG Service > Operations on CFG domain > Operations on CFG type
19:55:32   📂 CFG Service > Operations on CFG domain > Operations on CFG type  (3 enfants)
19:55:32   ✅ [176] CFG Service > Operations on CFG domain > Operations on CFG type > Get CFG type
19:55:32   ✅ [177] (+ parent) CFG Service > Operations on CFG domain > Operations on CFG type > Operations on CFG attributes
19:55:32   📂 Operations on CFG domain > Operations on CFG type > Operations on CFG attributes  (1 enfants)
19:55:32   ✅ [178] Operations on CFG domain > Operations on CFG type > Operations on CFG attributes > Get all attributes of the given domain type
19:55:33   ✅ [179] (+ parent) CFG Service > Operations on CFG domain > Operations on CFG type > Operations on CFG instances
19:55:33   📂 Operations on CFG domain > Operations on CFG type > Operations on CFG instances  (5 enfants)
19:55:33   ✅ [180] Operations on CFG domain > Operations on CFG type > Operations on CFG instances > Get all instances of the given domain type
19:55:33   ✅ [181] Operations on CFG domain > Operations on CFG type > Operations on CFG instances > Get actions on CFG instances
19:55:33   ✅ [182] Operations on CFG domain > Operations on CFG type > Operations on CFG instances > Reset CFG instances
19:55:33   ✅ [183] Operations on CFG domain > Operations on CFG type > Operations on CFG instances > Create default CFG instance
19:55:33   ✅ [184] (+ parent) Operations on CFG domain > Operations on CFG type > Operations on CFG instances > Operations on CFG instance
19:55:33   📂 Operations on CFG type > Operations on CFG instances > Operations on CFG instance  (4 enfants)
19:55:33   ✅ [185] Operations on CFG type > Operations on CFG instances > Operations on CFG instance > Get CFG instance
19:55:33   ✅ [186] Operations on CFG type > Operations on CFG instances > Operations on CFG instance > Get CFG instance actions
19:55:33   ✅ [187] Operations on CFG type > Operations on CFG instances > Operations on CFG instance > Update CFG instance
19:55:33   ✅ [188] Operations on CFG type > Operations on CFG instances > Operations on CFG instance > Delete CFG instance
19:55:34   ✅ [189] (+ parent) RobotWare Services > DIPC service
19:55:34   📂 RobotWare Services > DIPC service  (4 enfants)
19:55:34   ✅ [190] RobotWare Services > DIPC service > Get DIPC Resources
19:55:34   ✅ [191] RobotWare Services > DIPC service > Get DIPC Actions
19:55:34   ✅ [192] RobotWare Services > DIPC service > Create a queue
19:55:34   ✅ [193] (+ parent) RobotWare Services > DIPC service > Operations on DIPC Queue
19:55:34   📂 RobotWare Services > DIPC service > Operations on DIPC Queue  (7 enfants)
19:55:34   ✅ [194] RobotWare Services > DIPC service > Operations on DIPC Queue > Get DIPC Queue
19:55:34   ✅ [195] RobotWare Services > DIPC service > Operations on DIPC Queue > Get DIPC Queue Actions
19:55:34   ✅ [196] RobotWare Services > DIPC service > Operations on DIPC Queue > Send message
19:55:34   ✅ [197] RobotWare Services > DIPC service > Operations on DIPC Queue > Read message
19:55:34   ✅ [198] RobotWare Services > DIPC service > Operations on DIPC Queue > Delete DIPC Queue
19:55:34   ✅ [199] RobotWare Services > DIPC service > Operations on DIPC Queue > Subscribe DIPC Queue
19:55:34   ✅ [200] RobotWare Services > DIPC service > Operations on DIPC Queue > Subscribe DIPC Queue without reading message
19:55:34   ✅ [201] (+ parent) RobotWare Services > Elog service
19:55:34   📂 RobotWare Services > Elog service  (5 enfants)
19:55:34   ✅ [202] RobotWare Services > Elog service > Get Elog Resources
19:55:35   ✅ [203] RobotWare Services > Elog service > Get Elog Actions
19:55:35   ✅ [204] RobotWare Services > Elog service > Clear elog messages
19:55:35   ✅ [205] RobotWare Services > Elog service > Save elog in system dump format
19:55:35   ✅ [206] (+ parent) RobotWare Services > Elog service > Operations on elog domain
19:55:35   📂 RobotWare Services > Elog service > Operations on elog domain  (5 enfants)
19:55:35   ✅ [207] RobotWare Services > Elog service > Operations on elog domain > Get elog messages in domain
19:55:35   ✅ [208] RobotWare Services > Elog service > Operations on elog domain > Get Actions on elog domain
19:55:35   ✅ [209] RobotWare Services > Elog service > Operations on elog domain > Clear elog messages
19:55:35   ✅ [210] RobotWare Services > Elog service > Operations on elog domain > Subscribe on elog domain
19:55:35   ✅ [211] (+ parent) RobotWare Services > Elog service > Operations on elog domain > Operations on elog domain message
19:55:35   📂 Elog service > Operations on elog domain > Operations on elog domain message  (1 enfants)
19:55:35   ✅ [212] Elog service > Operations on elog domain > Operations on elog domain message > Get Elog Message in domain
19:55:35   ✅ [213] (+ parent) RobotWare Services > IO Service
19:55:35   📂 RobotWare Services > IO Service  (7 enfants)
19:55:35   ✅ [214] RobotWare Services > IO Service > Get IO System resources
19:55:35   ✅ [215] (+ parent) RobotWare Services > IO Service > Operations on IO Networks
19:55:35   📂 RobotWare Services > IO Service > Operations on IO Networks  (3 enfants)
19:55:35   ✅ [216] RobotWare Services > IO Service > Operations on IO Networks > Get IO Networks resources
19:55:36   ✅ [217] RobotWare Services > IO Service > Operations on IO Networks > Get Actions on IO Networks
19:55:36   ✅ [218] RobotWare Services > IO Service > Operations on IO Networks > Search IO Networks
19:55:36   ✅ [219] (+ parent) RobotWare Services > IO Service > Operations on IO Network
19:55:36   📂 RobotWare Services > IO Service > Operations on IO Network  (6 enfants)
19:55:36   ✅ [220] RobotWare Services > IO Service > Operations on IO Network > Get IO Network
19:55:36   ✅ [221] RobotWare Services > IO Service > Operations on IO Network > Get IO Network actions
19:55:36   ✅ [222] RobotWare Services > IO Service > Operations on IO Network > Update IO Network
19:55:36   ✅ [223] RobotWare Services > IO Service > Operations on IO Network > Subscribe IO Network
19:55:36   ✅ [224] RobotWare Services > IO Service > Operations on IO Network > Get IO Network Configuration Properties
19:55:36   ✅ [225] RobotWare Services > IO Service > Operations on IO Network > Update IO Network Configuration Type
19:55:36   ✅ [226] (+ parent) RobotWare Services > IO Service > Operations on IO Devices
19:55:36   📂 RobotWare Services > IO Service > Operations on IO Devices  (3 enfants)
19:55:36   ✅ [227] RobotWare Services > IO Service > Operations on IO Devices > Get IO Devices
19:55:36   ✅ [228] RobotWare Services > IO Service > Operations on IO Devices > Get Actions IO Devices
19:55:36   ✅ [229] RobotWare Services > IO Service > Operations on IO Devices > Search IO Devices
19:55:37   ✅ [230] (+ parent) RobotWare Services > IO Service > Operations on IO Device
19:55:37   📂 RobotWare Services > IO Service > Operations on IO Device  (9 enfants)
19:55:37   ✅ [231] RobotWare Services > IO Service > Operations on IO Device > Get IO Device
19:55:37   ✅ [232] RobotWare Services > IO Service > Operations on IO Device > Get IO Device actions
19:55:37   ✅ [233] RobotWare Services > IO Service > Operations on IO Device > Update IO Device
19:55:37   ✅ [234] RobotWare Services > IO Service > Operations on IO Device > Subscribe IO Device
19:55:37   ✅ [235] RobotWare Services > IO Service > Operations on IO Device > Set input data
19:55:37   ✅ [236] RobotWare Services > IO Service > Operations on IO Device > Set output data
19:55:37   ✅ [237] RobotWare Services > IO Service > Operations on IO Device > Get IO Device Configuration Properties
19:55:37   ✅ [238] (+ parent) RobotWare Services > IO Service > Operations on IO Device > Operations on eio Device
19:55:37   📂 IO Service > Operations on IO Device > Operations on eio Device  (1 enfants)
19:55:37   ✅ [239] IO Service > Operations on IO Device > Operations on eio Device > Get eio device status information
19:55:37   ✅ [240] (+ parent) RobotWare Services > IO Service > Operations on IO Device > Operations on Device Command
19:55:37   📂 IO Service > Operations on IO Device > Operations on Device Command  (2 enfants)
19:55:37   ✅ [241] IO Service > Operations on IO Device > Operations on Device Command > Send Device Command
19:55:37   ✅ [242] IO Service > Operations on IO Device > Operations on Device Command > Send Device Command actions
19:55:38   ✅ [243] (+ parent) RobotWare Services > IO Service > Operations on IO Signals
19:55:38   📂 RobotWare Services > IO Service > Operations on IO Signals  (5 enfants)
19:55:38   ✅ [244] RobotWare Services > IO Service > Operations on IO Signals > Get IO Signals
19:55:38   ✅ [245] RobotWare Services > IO Service > Operations on IO Signals > Signal Search
19:55:38   ✅ [246] RobotWare Services > IO Service > Operations on IO Signals > Signal Search Extended
19:55:38   ✅ [247] RobotWare Services > IO Service > Operations on IO Signals > Unblock Signals
19:55:38   ✅ [248] RobotWare Services > IO Service > Operations on IO Signals > Get IO Signals actions
19:55:38   ✅ [249] (+ parent) RobotWare Services > IO Service > Operations on IO Signal
19:55:38   📂 RobotWare Services > IO Service > Operations on IO Signal  (6 enfants)
19:55:38   ✅ [250] RobotWare Services > IO Service > Operations on IO Signal > Get an IO Signal
19:55:38   ✅ [251] RobotWare Services > IO Service > Operations on IO Signal > Get IO Signal actions
19:55:38   ✅ [252] RobotWare Services > IO Service > Operations on IO Signal > Update IO Signal State
19:55:38   ✅ [253] RobotWare Services > IO Service > Operations on IO Signal > Update IO Signal Value
19:55:38   ✅ [254] RobotWare Services > IO Service > Operations on IO Signal > Subscribe IO Signal
19:55:38   ✅ [255] RobotWare Services > IO Service > Operations on IO Signal > Get IO signal Configuration Properties
19:55:39   ✅ [256] (+ parent) RobotWare Services > Mastership service
19:55:39   📂 RobotWare Services > Mastership service  (6 enfants)
19:55:39   ✅ [257] RobotWare Services > Mastership service > Get Mastership Resources
19:55:39   ✅ [258] RobotWare Services > Mastership service > Get Mastership Actions
19:55:39   ✅ [259] RobotWare Services > Mastership service > Mastership request
19:55:39   ✅ [260] RobotWare Services > Mastership service > Mastership release
19:55:39   ✅ [261] RobotWare Services > Mastership service > Mastership Subscribe
19:55:39   ✅ [262] (+ parent) RobotWare Services > Mastership service > Operations on Mastership domains
19:55:39   📂 RobotWare Services > Mastership service > Operations on Mastership domains  (5 enfants)
19:55:39   ✅ [263] RobotWare Services > Mastership service > Operations on Mastership domains > Get Mastership Domain
19:55:39   ✅ [264] RobotWare Services > Mastership service > Operations on Mastership domains > Get Mastership Domain Actions
19:55:39   ✅ [265] RobotWare Services > Mastership service > Operations on Mastership domains > Mastership domain request
19:55:39   ✅ [266] RobotWare Services > Mastership service > Operations on Mastership domains > Mastership Domain release
19:55:39   ✅ [267] RobotWare Services > Mastership service > Operations on Mastership domains > Mastership Domain Subscribe
19:55:39   ✅ [268] (+ parent) RobotWare Services > Panel service
19:55:39   📂 RobotWare Services > Panel service  (8 enfants)
19:55:39   ✅ [269] RobotWare Services > Panel service > Get Panel Resources
19:55:39   ✅ [270] RobotWare Services > Panel service > Get Panel Actions
19:55:40   ✅ [271] RobotWare Services > Panel service > Set the language
19:55:40   ✅ [272] RobotWare Services > Panel service > Restart the Controller
19:55:40   ✅ [273] (+ parent) RobotWare Services > Panel service > Operations on Controller State Resource
19:55:40   📂 RobotWare Services > Panel service > Operations on Controller State Resource  (4 enfants)
19:55:40   ✅ [274] RobotWare Services > Panel service > Operations on Controller State Resource > Get Controller State
19:55:40   ✅ [275] RobotWare Services > Panel service > Operations on Controller State Resource > Get Controller State Actions
19:55:40   ✅ [276] RobotWare Services > Panel service > Operations on Controller State Resource > Set Controller State
19:55:40   ✅ [277] RobotWare Services > Panel service > Operations on Controller State Resource > Subscribe Controller state
19:55:40   ✅ [278] (+ parent) RobotWare Services > Panel service > Operations on Operation Mode Resource
19:55:40   📂 RobotWare Services > Panel service > Operations on Operation Mode Resource  (7 enfants)
19:55:40   ✅ [279] RobotWare Services > Panel service > Operations on Operation Mode Resource > Get Operation Mode
19:55:40   ✅ [280] RobotWare Services > Panel service > Operations on Operation Mode Resource > Get Operation  Mode Actions
19:55:40   ✅ [281] RobotWare Services > Panel service > Operations on Operation Mode Resource > Subscribe Operation Mode
19:55:40   ✅ [282] RobotWare Services > Panel service > Operations on Operation Mode Resource > Acknowledgement for Operation Mode
19:55:40   ✅ [283] RobotWare Services > Panel service > Operations on Operation Mode Resource > Get Operation Mode Lock Status
19:55:40   ✅ [284] RobotWare Services > Panel service > Operations on Operation Mode Resource > Lock operation mode selection.
19:55:40   ✅ [285] RobotWare Services > Panel service > Operations on Operation Mode Resource > Unlock operation mode selection.
19:55:41   ✅ [286] (+ parent) RobotWare Services > Panel service > Operations on Speed Ratio Resource
19:55:41   📂 RobotWare Services > Panel service > Operations on Speed Ratio Resource  (4 enfants)
19:55:41   ✅ [287] RobotWare Services > Panel service > Operations on Speed Ratio Resource > Get Speed Ratio
19:55:41   ✅ [288] RobotWare Services > Panel service > Operations on Speed Ratio Resource > Get Speed Ratio Actions
19:55:41   ✅ [289] RobotWare Services > Panel service > Operations on Speed Ratio Resource > Set Speed Ratio
19:55:41   ✅ [290] RobotWare Services > Panel service > Operations on Speed Ratio Resource > Subscribe Speed Ratio
19:55:41   ✅ [291] (+ parent) RobotWare Services > Panel service > Operations on Collision Detection State
19:55:41   📂 RobotWare Services > Panel service > Operations on Collision Detection State  (3 enfants)
19:55:41   ✅ [292] RobotWare Services > Panel service > Operations on Collision Detection State > Get Collision Detection State
19:55:41   ✅ [293] RobotWare Services > Panel service > Operations on Collision Detection State > Get Collision Detection State Actions
19:55:41   ✅ [294] RobotWare Services > Panel service > Operations on Collision Detection State > Subscribe on Collision Detection State
19:55:42   ✅ [295] (+ parent) RobotWare Services > RAPID Service
19:55:42   📂 RobotWare Services > RAPID Service  (9 enfants)
19:55:42   ✅ [296] RobotWare Services > RAPID Service > Get RAPID system resources
19:55:42   ✅ [297] (+ parent) RobotWare Services > RAPID Service > Operations on RAPID execution
19:55:42   📂 RobotWare Services > RAPID Service > Operations on RAPID execution  (11 enfants)
19:55:42   ✅ [298] RobotWare Services > RAPID Service > Operations on RAPID execution > Get RAPID Execution state
19:55:42   ✅ [299] RobotWare Services > RAPID Service > Operations on RAPID execution > Get RAPID Execution actions
19:55:42   ✅ [300] RobotWare Services > RAPID Service > Operations on RAPID execution > Start RAPID Execution
19:55:42   ✅ [301] RobotWare Services > RAPID Service > Operations on RAPID execution > Stop RAPID Execution
19:55:42   ✅ [302] RobotWare Services > RAPID Service > Operations on RAPID execution > Start RAPID Execution from production entry
19:55:42   ✅ [303] RobotWare Services > RAPID Service > Operations on RAPID execution > Reset RAPID program pointer to main
19:55:42   ✅ [304] RobotWare Services > RAPID Service > Operations on RAPID execution > Set number of execution cycles
19:55:42   ✅ [305] RobotWare Services > RAPID Service > Operations on RAPID execution > Subscribe RAPID Execution
19:55:42   ✅ [306] RobotWare Services > RAPID Service > Operations on RAPID execution > Subscribe RAPID Execution Cycle
19:55:42   ✅ [307] RobotWare Services > RAPID Service > Operations on RAPID execution > Subscribe on Hold to Run
19:55:43   ✅ [308] RobotWare Services > RAPID Service > Operations on RAPID execution > Set Hold to Run Cmd
19:55:43   ✅ [309] (+ parent) RobotWare Services > RAPID Service > Operations on RAPID modules
19:55:43   📂 RobotWare Services > RAPID Service > Operations on RAPID modules  (5 enfants)
19:55:43   ✅ [310] RobotWare Services > RAPID Service > Operations on RAPID modules > Get RAPID modules action
19:55:43   ✅ [311] RobotWare Services > RAPID Service > Operations on RAPID modules > Get RAPID modules
19:55:43   ✅ [312] RobotWare Services > RAPID Service > Operations on RAPID modules > Get Mod Possible All
19:55:43   ✅ [313] RobotWare Services > RAPID Service > Operations on RAPID modules > Set Modify All Positions
19:55:43   ✅ [314] (+ parent) RobotWare Services > RAPID Service > Operations on RAPID modules > Operations on rapid module
19:55:43   📂 RAPID Service > Operations on RAPID modules > Operations on rapid module  (20 enfants)
19:55:43   ✅ [315] RAPID Service > Operations on RAPID modules > Operations on rapid module > Get a specified range of text
19:55:43   ✅ [316] RAPID Service > Operations on RAPID modules > Operations on rapid module > Get rapid module actions
19:55:43   ✅ [317] RAPID Service > Operations on RAPID modules > Operations on rapid module > Save rapid module
19:55:43   ✅ [318] RAPID Service > Operations on RAPID modules > Operations on rapid module > Set Text Range
19:55:43   ✅ [319] RAPID Service > Operations on RAPID modules > Operations on rapid module > Set Module Text
19:55:43   ✅ [320] RAPID Service > Operations on RAPID modules > Operations on rapid module > Get RAPID module attributes
19:55:43   ✅ [321] RAPID Service > Operations on RAPID modules > Operations on rapid module > Get change count
19:55:43   ✅ [322] RAPID Service > Operations on RAPID modules > Operations on rapid module > Get RulesInstr
19:55:43   ✅ [323] RAPID Service > Operations on RAPID modules > Operations on rapid module > Get module possible attributes
19:55:44   ✅ [324] RAPID Service > Operations on RAPID modules > Operations on rapid module > Get Search Text
19:55:44   ✅ [325] RAPID Service > Operations on RAPID modules > Operations on rapid module > Get Rapid Object
19:55:44   ✅ [326] RAPID Service > Operations on RAPID modules > Operations on rapid module > Set SyncPers
19:55:44   ✅ [327] RAPID Service > Operations on RAPID modules > Operations on rapid module > Set Modify Position
19:55:44   ✅ [328] RAPID Service > Operations on RAPID modules > Operations on rapid module > Get Module Extension
19:55:44   ✅ [329] RAPID Service > Operations on RAPID modules > Operations on rapid module > Get Mod Possible
19:55:44   ✅ [330] RAPID Service > Operations on RAPID modules > Operations on rapid module > Get Object Child
19:55:44   ✅ [331] RAPID Service > Operations on RAPID modules > Operations on rapid module > Get SyncPers Status
19:55:44   ✅ [332] RAPID Service > Operations on RAPID modules > Operations on rapid module > Get Module Text
19:55:44   ✅ [333] RAPID Service > Operations on RAPID modules > Operations on rapid module > Get Symbol Information
19:55:44   ✅ [334] (+ parent) RAPID Service > Operations on RAPID modules > Operations on rapid module > Operations on RAPID Routine
19:55:44   📂 Operations on RAPID modules > Operations on rapid module > Operations on RAPID Routine  (2 enfants)
19:55:44   ✅ [335] Operations on RAPID modules > Operations on rapid module > Operations on RAPID Routine > Get Routine information
19:55:44   ✅ [336] Operations on RAPID modules > Operations on rapid module > Operations on RAPID Routine > Get Routineargs information
19:55:45   ✅ [337] (+ parent) RobotWare Services > RAPID Service > Operations on RAPID symbols properties
19:55:45   📂 RobotWare Services > RAPID Service > Operations on RAPID symbols properties  (4 enfants)
19:55:45   ✅ [338] RobotWare Services > RAPID Service > Operations on RAPID symbols properties > Get RAPID symbols resources
19:55:45   ✅ [339] RobotWare Services > RAPID Service > Operations on RAPID symbols properties > Get rapid symbols actions
19:55:45   ✅ [340] RobotWare Services > RAPID Service > Operations on RAPID symbols properties > Search RAPID symbols
19:55:45   ✅ [341] (+ parent) RobotWare Services > RAPID Service > Operations on RAPID symbols properties > Operations on RAPID symbol object
19:55:45   📂 RAPID Service > Operations on RAPID symbols properties > Operations on RAPID symbol object  (1 enfants)
19:55:45   ✅ [342] RAPID Service > Operations on RAPID symbols properties > Operations on RAPID symbol object > Get Object Extension List
19:55:45   ✅ [343] (+ parent) RobotWare Services > RAPID Service > Operations on RAPID symbol
19:55:45   📂 RobotWare Services > RAPID Service > Operations on RAPID symbol  (2 enfants)
19:55:45   ✅ [344] (+ parent) RobotWare Services > RAPID Service > Operations on RAPID symbol > Operations on RAPID symbol properties
19:55:45   📂 RAPID Service > Operations on RAPID symbol > Operations on RAPID symbol properties  (1 enfants)
19:55:45   ✅ [345] RAPID Service > Operations on RAPID symbol > Operations on RAPID symbol properties > Get RAPID symbol properties
19:55:46   ✅ [346] (+ parent) RobotWare Services > RAPID Service > Operations on RAPID symbol > Operations on RAPID symbol data
19:55:46   📂 RAPID Service > Operations on RAPID symbol > Operations on RAPID symbol data  (6 enfants)
19:55:46   ✅ [347] RAPID Service > Operations on RAPID symbol > Operations on RAPID symbol data > Get rapid symbol data
19:55:46   ✅ [348] RAPID Service > Operations on RAPID symbol > Operations on RAPID symbol data > Get rapid symbol data actions
19:55:46   ✅ [349] RAPID Service > Operations on RAPID symbol > Operations on RAPID symbol data > Update rapid variable current value
19:55:46   ✅ [350] RAPID Service > Operations on RAPID symbol > Operations on RAPID symbol data > Validate rapid variable
19:55:46   ✅ [351] RAPID Service > Operations on RAPID symbol > Operations on RAPID symbol data > Subscribe on RAPID persistent variable
19:55:46   ✅ [352] RAPID Service > Operations on RAPID symbol > Operations on RAPID symbol data > Update rapid variable Initial Value
19:55:46   ✅ [353] (+ parent) RobotWare Services > RAPID Service > Operations on RAPID tasks
19:55:46   📂 RobotWare Services > RAPID Service > Operations on RAPID tasks  (9 enfants)
19:55:46   ✅ [354] RobotWare Services > RAPID Service > Operations on RAPID tasks > Get RAPID tasks
19:55:46   ✅ [355] RobotWare Services > RAPID Service > Operations on RAPID tasks > Get rapid Tasks actions
19:55:46   ✅ [356] RobotWare Services > RAPID Service > Operations on RAPID tasks > Start RAPID Spy Logging
19:55:46   ✅ [357] RobotWare Services > RAPID Service > Operations on RAPID tasks > Get RAPID Spy Logging status
19:55:46   ✅ [358] RobotWare Services > RAPID Service > Operations on RAPID tasks > Stop RAPID Spy Logging
19:55:46   ✅ [359] RobotWare Services > RAPID Service > Operations on RAPID tasks > Activate/Deactivate rapid tasks
19:55:46   ✅ [360] RobotWare Services > RAPID Service > Operations on RAPID tasks > Get Program/Motion Pointer Sync State for all tasks
19:55:47   ✅ [361] RobotWare Services > RAPID Service > Operations on RAPID tasks > Subscribe on Build log change
19:55:47   ✅ [362] (+ parent) RobotWare Services > RAPID Service > Operations on RAPID tasks > Operations on RAPID task
19:55:47   📂 RAPID Service > Operations on RAPID tasks > Operations on RAPID task  (22 enfants)
19:55:47   ✅ [363] RAPID Service > Operations on RAPID tasks > Operations on RAPID task > Get RAPID task state
19:55:47   ✅ [364] RAPID Service > Operations on RAPID tasks > Operations on RAPID task > Get rapid task actions
19:55:47   ✅ [365] RAPID Service > Operations on RAPID tasks > Operations on RAPID task > Load RAPID module into a rapid task
19:55:47   ✅ [366] RAPID Service > Operations on RAPID tasks > Operations on RAPID task > Unload module from a rapid task
19:55:47   ✅ [367] RAPID Service > Operations on RAPID tasks > Operations on RAPID task > Abort current execution level
19:55:47   ✅ [368] RAPID Service > Operations on RAPID tasks > Operations on RAPID task > activate/deactivate rapid task
19:55:47   ✅ [369] RAPID Service > Operations on RAPID tasks > Operations on RAPID task > Get Activation Record
19:55:47   ✅ [370] RAPID Service > Operations on RAPID tasks > Operations on RAPID task > Get Structural Change Count
19:55:47   ✅ [371] RAPID Service > Operations on RAPID tasks > Operations on RAPID task > Get Preferable Data Types
19:55:47   ✅ [372] RAPID Service > Operations on RAPID tasks > Operations on RAPID task > Get Program Pointer Sync State
19:55:47   ✅ [373] RAPID Service > Operations on RAPID tasks > Operations on RAPID task > Get Motion Pointer Sync State
19:55:47   ✅ [374] RAPID Service > Operations on RAPID tasks > Operations on RAPID task > Link RAPID Task
19:55:47   ✅ [375] RAPID Service > Operations on RAPID tasks > Operations on RAPID task > Get Pallet
19:55:47   ✅ [376] RAPID Service > Operations on RAPID tasks > Operations on RAPID task > Get Pallet Head
19:55:47   ✅ [377] RAPID Service > Operations on RAPID tasks > Operations on RAPID task > Subscribe on Rapid Task Change
19:55:47   ✅ [378] RAPID Service > Operations on RAPID tasks > Operations on RAPID task > Subscribe on Rapid PP Sync state change
19:55:48   ✅ [379] RAPID Service > Operations on RAPID tasks > Operations on RAPID task > Subscribe on Rapid task pgmexecution state change
19:55:48   ✅ [380] (+ parent) RAPID Service > Operations on RAPID tasks > Operations on RAPID task > Operations on rapid motion
19:55:48   📂 Operations on RAPID tasks > Operations on RAPID task > Operations on rapid motion  (6 enfants)
19:55:48   ✅ [381] Operations on RAPID tasks > Operations on RAPID task > Operations on rapid motion > Get rapid motion
19:55:48   ✅ [382] Operations on RAPID tasks > Operations on RAPID task > Operations on rapid motion > Get RobTarget
19:55:48   ✅ [383] Operations on RAPID tasks > Operations on RAPID task > Operations on rapid motion > Get Joint Target
19:55:48   ✅ [384] Operations on RAPID tasks > Operations on RAPID task > Operations on rapid motion > Get mechanical units
19:55:48   ✅ [385] Operations on RAPID tasks > Operations on RAPID task > Operations on rapid motion > Get external joint states
19:55:48   ✅ [386] (+ parent) Operations on RAPID tasks > Operations on RAPID task > Operations on rapid motion > Operations on rapid calib
19:55:48   📂 Operations on RAPID task > Operations on rapid motion > Operations on rapid calib  (2 enfants)
19:55:48   ✅ [387] Operations on RAPID task > Operations on rapid motion > Operations on rapid calib > Calibration for Displacement
19:55:48   ✅ [388] Operations on RAPID task > Operations on rapid motion > Operations on rapid calib > Calibration for Tcp
19:55:48   ✅ [389] (+ parent) RAPID Service > Operations on RAPID tasks > Operations on RAPID task > Operations on RAPID program
19:55:48   📂 Operations on RAPID tasks > Operations on RAPID task > Operations on RAPID program  (9 enfants)
19:55:48   ✅ [390] Operations on RAPID tasks > Operations on RAPID task > Operations on RAPID program > Get RAPID program resource
19:55:49   ✅ [391] Operations on RAPID tasks > Operations on RAPID task > Operations on RAPID program > Get rapid program actions
19:55:49   ✅ [392] Operations on RAPID tasks > Operations on RAPID task > Operations on RAPID program > Load program into a rapid task
19:55:49   ✅ [393] Operations on RAPID tasks > Operations on RAPID task > Operations on RAPID program > Unload program from a rapid task
19:55:49   ✅ [394] Operations on RAPID tasks > Operations on RAPID task > Operations on RAPID program > Save program
19:55:49   ✅ [395] Operations on RAPID tasks > Operations on RAPID task > Operations on RAPID program > Set program name
19:55:49   ✅ [396] Operations on RAPID tasks > Operations on RAPID task > Operations on RAPID program > Set Entry Point
19:55:49   ✅ [397] (+ parent) Operations on RAPID tasks > Operations on RAPID task > Operations on RAPID program > Operations on RAPID build errors
19:55:49   📂 Operations on RAPID task > Operations on RAPID program > Operations on RAPID build errors  (1 enfants)
19:55:49   ✅ [398] Operations on RAPID task > Operations on RAPID program > Operations on RAPID build errors > Get Build Errors
19:55:49   ✅ [399] (+ parent) Operations on RAPID tasks > Operations on RAPID task > Operations on RAPID program > Operations on RAPID breakpoint
19:55:49   📂 Operations on RAPID task > Operations on RAPID program > Operations on RAPID breakpoint  (3 enfants)
19:55:49   ✅ [400] Operations on RAPID task > Operations on RAPID program > Operations on RAPID breakpoint > Get RAPID breakpoint actions
19:55:49   ✅ [401] Operations on RAPID task > Operations on RAPID program > Operations on RAPID breakpoint > Set break point
19:55:49   ✅ [402] Operations on RAPID task > Operations on RAPID program > Operations on RAPID breakpoint > Get break points
19:55:50   ✅ [403] (+ parent) RAPID Service > Operations on RAPID tasks > Operations on RAPID task > Operations on RAPID program PCP
19:55:50   📂 Operations on RAPID tasks > Operations on RAPID task > Operations on RAPID program PCP  (9 enfants)
19:55:50   ✅ [404] Operations on RAPID tasks > Operations on RAPID task > Operations on RAPID program PCP > Get RAPID task Motion&Program pointer positions
19:55:50   ✅ [405] Operations on RAPID tasks > Operations on RAPID task > Operations on RAPID program PCP > Get RAPID task pcp actions
19:55:50   ✅ [406] Operations on RAPID tasks > Operations on RAPID task > Operations on RAPID program PCP > Set the Program pointer(PP) position to cursor
19:55:50   ✅ [407] Operations on RAPID tasks > Operations on RAPID task > Operations on RAPID program PCP > Set the Program pointer(PP) position to routine
19:55:50   ✅ [408] Operations on RAPID tasks > Operations on RAPID task > Operations on RAPID program PCP > Set the Program pointer(PP) position to routine by URL
19:55:50   ✅ [409] Operations on RAPID tasks > Operations on RAPID task > Operations on RAPID program PCP > Set the Program pointer(PP) position to previous instruction
19:55:50   ✅ [410] Operations on RAPID tasks > Operations on RAPID task > Operations on RAPID program PCP > Set the Program pointer(PP) position to next instruction
19:55:50   ✅ [411] Operations on RAPID tasks > Operations on RAPID task > Operations on RAPID program PCP > Subscribe on Program Pointer
19:55:50   ✅ [412] Operations on RAPID tasks > Operations on RAPID task > Operations on RAPID program PCP > Subscribe on Motion Pointer
19:55:50   ✅ [413] (+ parent) RAPID Service > Operations on RAPID tasks > Operations on RAPID task > Operations on RAPID service routine
19:55:50   📂 Operations on RAPID tasks > Operations on RAPID task > Operations on RAPID service routine  (1 enfants)
19:55:50   ✅ [414] Operations on RAPID tasks > Operations on RAPID task > Operations on RAPID service routine > Get RAPID service routine
19:55:51   ✅ [415] (+ parent) RAPID Service > Operations on RAPID tasks > Operations on RAPID task > Operations on RAPID program counter position
19:55:51   📂 Operations on RAPID tasks > Operations on RAPID task > Operations on RAPID program counter position  (1 enfants)
19:55:51   ✅ [416] Operations on RAPID tasks > Operations on RAPID task > Operations on RAPID program counter position > Get RAPID Program counter position
19:55:51   ✅ [417] (+ parent) RobotWare Services > RAPID Service > Operations on RAPID UI instructions
19:55:51   📂 RobotWare Services > RAPID Service > Operations on RAPID UI instructions  (4 enfants)
19:55:51   ✅ [418] RobotWare Services > RAPID Service > Operations on RAPID UI instructions > Get UI instruction resource
19:55:51   ✅ [419] RobotWare Services > RAPID Service > Operations on RAPID UI instructions > Get UI instruction actions
19:55:51   ✅ [420] RobotWare Services > RAPID Service > Operations on RAPID UI instructions > Subscribe on UI instruction
19:55:51   ✅ [421] (+ parent) RobotWare Services > RAPID Service > Operations on RAPID UI instructions > Operations on Active UI Instruction
19:55:51   📂 RAPID Service > Operations on RAPID UI instructions > Operations on Active UI Instruction  (5 enfants)
19:55:51   ✅ [422] RAPID Service > Operations on RAPID UI instructions > Operations on Active UI Instruction > Get Active UI Instruction
19:55:51   ✅ [423] RAPID Service > Operations on RAPID UI instructions > Operations on Active UI Instruction > Get Active UI instruction actions
19:55:51   ✅ [424] RAPID Service > Operations on RAPID UI instructions > Operations on Active UI Instruction > Update an Active UI Instruction Parameter
19:55:51   ✅ [425] RAPID Service > Operations on RAPID UI instructions > Operations on Active UI Instruction > Get parameter value for an active UI instruction
19:55:51   ✅ [426] RAPID Service > Operations on RAPID UI instructions > Operations on Active UI Instruction > Get active UI instruction parameters
19:55:52   ✅ [427] (+ parent) RobotWare Services > RAPID Service > Operations on Rapid taskpanel
19:55:52   📂 RobotWare Services > RAPID Service > Operations on Rapid taskpanel  (2 enfants)
19:55:52   ✅ [428] RobotWare Services > RAPID Service > Operations on Rapid taskpanel > Get user modify from taskpanel
19:55:52   ✅ [429] RobotWare Services > RAPID Service > Operations on Rapid taskpanel > Subscribe on Tasks panel change
19:55:52   ✅ [430] (+ parent) RobotWare Services > RAPID Service > Operations on Rapid AliasIO
19:55:52   📂 RobotWare Services > RAPID Service > Operations on Rapid AliasIO  (1 enfants)
19:55:52   ✅ [431] RobotWare Services > RAPID Service > Operations on Rapid AliasIO > Get AliasIO List
19:55:52   ✅ [432] (+ parent) RobotWare Services > System service
19:55:52   📂 RobotWare Services > System service  (6 enfants)
19:55:52   ✅ [433] RobotWare Services > System service > System Information
19:55:52   ✅ [434] RobotWare Services > System service > Get robot type
19:55:53   ✅ [435] (+ parent) RobotWare Services > System service > System Option Resource
19:55:53   📂 RobotWare Services > System service > System Option Resource  (1 enfants)
19:55:53   ✅ [436] RobotWare Services > System service > System Option Resource > System Options
19:55:53   ✅ [437] (+ parent) RobotWare Services > System service > System Energy Resource
19:55:53   📂 RobotWare Services > System service > System Energy Resource  (5 enfants)
19:55:53   ✅ [438] RobotWare Services > System service > System Energy Resource > Get System Energy Actions
19:55:53   ✅ [439] RobotWare Services > System service > System Energy Resource > System Energy Info Change Count
19:55:53   ✅ [440] RobotWare Services > System service > System Energy Resource > Reset Accumulated Energy
19:55:53   ✅ [441] RobotWare Services > System service > System Energy Resource > System Energy
19:55:53   ✅ [442] RobotWare Services > System service > System Energy Resource > Subscribe on System Energy Changes.
19:55:53   ✅ [443] (+ parent) RobotWare Services > System service > System License Resource
19:55:53   📂 RobotWare Services > System service > System License Resource  (1 enfants)
19:55:53   ✅ [444] RobotWare Services > System service > System License Resource > Get System Robotware License
19:55:53   ✅ [445] (+ parent) RobotWare Services > System service > System Products Resource
19:55:53   📂 RobotWare Services > System service > System Products Resource  (1 enfants)
19:55:53   ✅ [446] RobotWare Services > System service > System Products Resource > Get Installed Products
19:55:54   ✅ [447] (+ parent) RobotWare Services > RobotWare return codes service
19:55:54   📂 RobotWare Services > RobotWare return codes service  (1 enfants)
19:55:54   ✅ [448] RobotWare Services > RobotWare return codes service > Get a list of RobotWare return codes
19:55:54   ✅ [449] (+ parent) RobotWare Services > Devices service
19:55:54   📂 RobotWare Services > Devices service  (1 enfants)
19:55:54   ✅ [450] RobotWare Services > Devices service > Devices tree information
19:55:54   ✅ [451] (+ parent) RobotWare Services > Motion System
19:55:54   📂 RobotWare Services > Motion System  (14 enfants)
19:55:54   ✅ [452] RobotWare Services > Motion System > Get Motion System
19:55:54   ✅ [453] RobotWare Services > Motion System > Get Motion System action
19:55:54   ✅ [454] RobotWare Services > Motion System > Set Mechunit for jogging
19:55:54   ✅ [455] RobotWare Services > Motion System > Perform Jogging
19:55:54   ✅ [456] RobotWare Services > Motion System > Set Robo Target Position
19:55:55   ✅ [457] RobotWare Services > Motion System > Get check change count
19:55:55   ✅ [458] RobotWare Services > Motion System > Subscribe on Error EventChange
19:55:55   ✅ [459] (+ parent) RobotWare Services > Motion System > Operations on Error State
19:55:55   📂 RobotWare Services > Motion System > Operations on Error State  (1 enfants)
19:55:55   ✅ [460] RobotWare Services > Motion System > Operations on Error State > Get Error State
19:55:55   ✅ [461] (+ parent) RobotWare Services > Motion System > Operations on Motion Supervision
19:55:55   📂 RobotWare Services > Motion System > Operations on Motion Supervision  (6 enfants)
19:55:55   ✅ [462] RobotWare Services > Motion System > Operations on Motion Supervision > Get Motion Supervision
19:55:55   ✅ [463] RobotWare Services > Motion System > Operations on Motion Supervision > Get Motion Supervision Actions
19:55:55   ✅ [464] RobotWare Services > Motion System > Operations on Motion Supervision > Set Motion Supervision Mode (Jog Supervision Mode)
19:55:55   ✅ [465] RobotWare Services > Motion System > Operations on Motion Supervision > Set Motion Supervision Sensitivity (Jog Supervision Sensitivity)
19:55:55   ✅ [466] RobotWare Services > Motion System > Operations on Motion Supervision > Get Motion Supervision Collision Prediction Mode
19:55:55   ✅ [467] RobotWare Services > Motion System > Operations on Motion Supervision > Set Motion Supervision Collision Prediction Mode
19:55:55   ✅ [468] (+ parent) RobotWare Services > Motion System > Operations On Path Supervision
19:55:55   📂 RobotWare Services > Motion System > Operations On Path Supervision  (4 enfants)
19:55:55   ✅ [469] RobotWare Services > Motion System > Operations On Path Supervision > Get Path Supervision
19:55:56   ✅ [470] RobotWare Services > Motion System > Operations On Path Supervision > Get Path Supervision Actions
19:55:56   ✅ [471] RobotWare Services > Motion System > Operations On Path Supervision > Set Path Supervision Mode
19:55:56   ✅ [472] RobotWare Services > Motion System > Operations On Path Supervision > Set Path Supervision Level
19:55:56   ✅ [473] (+ parent) RobotWare Services > Motion System > Operations On NonMotion Execution
19:55:56   📂 RobotWare Services > Motion System > Operations On NonMotion Execution  (3 enfants)
19:55:56   ✅ [474] RobotWare Services > Motion System > Operations On NonMotion Execution > Get Non Motion Execution Mode
19:55:56   ✅ [475] RobotWare Services > Motion System > Operations On NonMotion Execution > Get NonMotion Execution Actions
19:55:56   ✅ [476] RobotWare Services > Motion System > Operations On NonMotion Execution > Set NonMotion Execution Mode
19:55:56   ✅ [477] (+ parent) RobotWare Services > Motion System > Operations on Mechunits
19:55:56   📂 RobotWare Services > Motion System > Operations on Mechunits  (2 enfants)
19:55:56   ✅ [478] RobotWare Services > Motion System > Operations on Mechunits > Get Mechunits
19:55:56   ✅ [479] (+ parent) RobotWare Services > Motion System > Operations on Mechunits > Operations on Mechunit
19:55:56   📂 Motion System > Operations on Mechunits > Operations on Mechunit  (21 enfants)
19:55:56   ✅ [480] Motion System > Operations on Mechunits > Operations on Mechunit > Get Mechunit
19:55:56   ✅ [481] Motion System > Operations on Mechunits > Operations on Mechunit > Get Mechunit action
19:55:57   ✅ [482] Motion System > Operations on Mechunits > Operations on Mechunit > Set Mechunit
19:55:57   ✅ [483] Motion System > Operations on Mechunits > Operations on Mechunit > Set Compliance Lead Through
19:55:57   ✅ [484] Motion System > Operations on Mechunits > Operations on Mechunit > Get Compliance Lead Through
19:55:57   ✅ [485] Motion System > Operations on Mechunits > Operations on Mechunit > Set Fine Calibration
19:55:57   ✅ [486] Motion System > Operations on Mechunits > Operations on Mechunit > Update (Syncronize) Revolution Counter
19:55:57   ✅ [487] Motion System > Operations on Mechunits > Operations on Mechunit > Get Physical Joints
19:55:57   ✅ [488] Motion System > Operations on Mechunits > Operations on Mechunit > Get Cartesian Value
19:55:57   ✅ [489] Motion System > Operations on Mechunits > Operations on Mechunit > Set Mechanical Unit
19:55:57   ✅ [490] Motion System > Operations on Mechunits > Operations on Mechunit > Get Robtarget
19:55:57   ✅ [491] Motion System > Operations on Mechunits > Operations on Mechunit > Get Joint target
19:55:57   ✅ [492] Motion System > Operations on Mechunits > Operations on Mechunit > Subscribe on Mechunit Mode Change
19:55:57   ✅ [493] Motion System > Operations on Mechunits > Operations on Mechunit > Get Joints From Position
19:55:57   ✅ [494] Motion System > Operations on Mechunits > Operations on Mechunit > Get Position From Joints
19:55:57   ✅ [495] Motion System > Operations on Mechunits > Operations on Mechunit > Get All Joint Solution
19:55:57   ✅ [496] Motion System > Operations on Mechunits > Operations on Mechunit > Get Joints From Cartesian
19:55:57   ✅ [497] Motion System > Operations on Mechunits > Operations on Mechunit > Get Calibration Info
19:55:57   ✅ [498] (+ parent) Motion System > Operations on Mechunits > Operations on Mechunit > Operation on Calib
19:55:57   📂 Operations on Mechunits > Operations on Mechunit > Operation on Calib  (9 enfants)
19:55:57   ✅ [499] Operations on Mechunits > Operations on Mechunit > Operation on Calib > Calibration for BaseFrame
19:55:58   ✅ [500] Operations on Mechunits > Operations on Mechunit > Operation on Calib > Calibration for BaseFrameMoving
19:55:58   ✅ [501] Operations on Mechunits > Operations on Mechunit > Operation on Calib > Calibration for ExternalRobotNomBaseNew
19:55:58   ✅ [502] Operations on Mechunits > Operations on Mechunit > Operation on Calib > Calibration for RobotAxisRot
19:55:58   ✅ [503] Operations on Mechunits > Operations on Mechunit > Operation on Calib > Calibration for SingleUserRotNew
19:55:58   ✅ [504] Operations on Mechunits > Operations on Mechunit > Operation on Calib > Calibration for RotExtCtrlZdef
19:55:58   ✅ [505] Operations on Mechunits > Operations on Mechunit > Operation on Calib > Calibration for SingleUserLin
19:55:58   ✅ [506] Operations on Mechunits > Operations on Mechunit > Operation on Calib > Calibration for SingleTrack
19:55:58   ✅ [507] Operations on Mechunits > Operations on Mechunit > Operation on Calib > Calibration for RobotAxisRot2
19:55:58   ✅ [508] (+ parent) Motion System > Operations on Mechunits > Operations on Mechunit > Operations on Baseframe
19:55:58   📂 Operations on Mechunits > Operations on Mechunit > Operations on Baseframe  (3 enfants)
19:55:58   ✅ [509] Operations on Mechunits > Operations on Mechunit > Operations on Baseframe > Get Base Frame
19:55:58   ✅ [510] Operations on Mechunits > Operations on Mechunit > Operations on Baseframe > Get Base Frame actions
19:55:58   ✅ [511] Operations on Mechunits > Operations on Mechunit > Operations on Baseframe > Set Base Frame
19:55:58   ✅ [512] (+ parent) Motion System > Operations on Mechunits > Operations on Mechunit > Operations on Axes
19:55:58   📂 Operations on Mechunits > Operations on Mechunit > Operations on Axes  (7 enfants)
19:55:58   ✅ [513] Operations on Mechunits > Operations on Mechunit > Operations on Axes > Get Axes
19:55:59   ✅ [514] Operations on Mechunits > Operations on Mechunit > Operations on Axes > Get Axis
19:55:59   ✅ [515] Operations on Mechunits > Operations on Mechunit > Operations on Axes > Get Axis actions
19:55:59   ✅ [516] Operations on Mechunits > Operations on Mechunit > Operations on Axes > Get Axis pose
19:55:59   ✅ [517] Operations on Mechunits > Operations on Mechunit > Operations on Axes > Set Axis pose
19:55:59   ✅ [518] Operations on Mechunits > Operations on Mechunit > Operations on Axes > Update Commutate
19:55:59   ✅ [519] Operations on Mechunits > Operations on Mechunit > Operations on Axes > Update Sync Revolution Counter
19:55:59   ✅ [520] (+ parent) RobotWare Services > Motion System > Operations on SMB Data
19:55:59   📂 RobotWare Services > Motion System > Operations on SMB Data  (4 enfants)
19:55:59   ✅ [521] RobotWare Services > Motion System > Operations on SMB Data > Set SMB Data
19:55:59   ✅ [522] RobotWare Services > Motion System > Operations on SMB Data > Clear SMB Data
19:55:59   ✅ [523] RobotWare Services > Motion System > Operations on SMB Data > Get SMB Data
19:55:59   ✅ [524] RobotWare Services > Motion System > Operations on SMB Data > Get SMB Data Actions
19:56:00   ✅ [525] (+ parent) RobotWare Services > Motion System > Operations on Motor Calib
19:56:00   📂 RobotWare Services > Motion System > Operations on Motor Calib  (1 enfants)
19:56:00   ✅ [526] RobotWare Services > Motion System > Operations on Motor Calib > Get Motor Calib Names
19:56:00   ✅ [527] (+ parent) RobotWare Services > Integrated Vision (IV) Service
19:56:00   📂 RobotWare Services > Integrated Vision (IV) Service  (18 enfants)
19:56:00   ✅ [528] RobotWare Services > Integrated Vision (IV) Service > Get Vision Manager Resource
19:56:00   ✅ [529] RobotWare Services > Integrated Vision (IV) Service > Get Number of Cameras of IV
19:56:00   ✅ [530] RobotWare Services > Integrated Vision (IV) Service > Get IV Camera Validity
19:56:00   ✅ [531] RobotWare Services > Integrated Vision (IV) Service > Get Vision (camera) Resource Actions
19:56:00   ✅ [532] RobotWare Services > Integrated Vision (IV) Service > Get Camera Jobname
19:56:00   ✅ [533] RobotWare Services > Integrated Vision (IV) Service > Restart Camera
19:56:00   ✅ [534] RobotWare Services > Integrated Vision (IV) Service > Flash LED(s) of Camera
19:56:00   ✅ [535] RobotWare Services > Integrated Vision (IV) Service > Set Camera State
19:56:00   ✅ [536] RobotWare Services > Integrated Vision (IV) Service > Refesh the camera(s)
19:56:00   ✅ [537] RobotWare Services > Integrated Vision (IV) Service > Set Hostname of the Camera
19:56:00   ✅ [538] RobotWare Services > Integrated Vision (IV) Service > Set camera to be a DHCP client
19:56:00   ✅ [539] RobotWare Services > Integrated Vision (IV) Service > Set Camera DNS Settings
19:56:00   ✅ [540] RobotWare Services > Integrated Vision (IV) Service > Get Camera Status
19:56:00   ✅ [541] RobotWare Services > Integrated Vision (IV) Service > Get Camera Info Using Index of the camera
19:56:01   ✅ [542] RobotWare Services > Integrated Vision (IV) Service > Set Camera Name
19:56:01   ✅ [543] RobotWare Services > Integrated Vision (IV) Service > Set Camera User Credentials
19:56:01   ✅ [544] RobotWare Services > Integrated Vision (IV) Service > Set Camera IP Settings
19:56:01   ✅ [545] RobotWare Services > Integrated Vision (IV) Service > Get IV Camera Info
19:56:01   ✅ [546] (+ parent) Operations on IO Profinet Device
19:56:01   📂 Operations on IO Profinet Device  (9 enfants)
19:56:01   ✅ [547] Operations on IO Profinet Device > Get profinet I/O device read record implicit data from device in profinet network
19:56:01   ✅ [548] Operations on IO Profinet Device > Read record implicit data from device in profinet network
19:56:01   ✅ [549] Operations on IO Profinet Device > Get forms
19:56:01   ✅ [550] Operations on IO Profinet Device > Get profinet I/O device read record data
19:56:01   ✅ [551] Operations on IO Profinet Device > Get profinet I/O device read record data
19:56:01   ✅ [552] Operations on IO Profinet Device > Get Forms
19:56:01   ✅ [553] Operations on IO Profinet Device > Get profinet device alarms xml response
19:56:01   ✅ [554] Operations on IO Profinet Device > Clear the alarms
19:56:01   ✅ [555] Operations on IO Profinet Device > Get Forms
19:56:01 
555 routes trouvées

19:56:01 💾 routes_list.json sauvegardé

19:56:01 ============================================================
19:56:01   PHASE 2 — Parsing + Export
19:56:01 ============================================================
19:56:01 📂 routes_list.json trouvé — 555 routes (skip crawl)

19:56:01 [  1/555] ⚙️  Root Resource
19:56:02 [  2/555] ⚙️  Get Service list
19:56:02 [  3/555] ⚙️  Logout
19:56:02 [  4/555] ⚙️  Subscription Service
19:56:02 [  5/555] ⚙️  Get Subscription Actions
19:56:03 [  6/555] ⚙️  Subscribe on resources
19:56:03 [  7/555] ⚙️  Operations on Subscription Group
19:56:03 [  8/555] ⚙️  Get Subscription Group Actions
19:56:04 [  9/555] ⚙️  Add new resources, Remove existing Resources or change existing resources priorities.
19:56:04 [ 10/555] ⚙️  Unsubscribe or remove the subscription group/resources in group.
19:56:04 [ 11/555] ⚙️  Operations on Subscription Resource
19:56:04 [ 12/555] ⚙️  Unsubscribe or remove the resource from subscription group.
19:56:05 [ 13/555] ⚙️  User Service
19:56:05 [ 14/555] ⚙️  Get User Resources
19:56:05 [ 15/555] ⚙️  Get User Actions
19:56:05 [ 16/555] ⚙️  Register the user
19:56:06 [ 17/555] ⚙️  Impersonate a user
19:56:06 [ 18/555] ⚙️  Login as Local User
19:56:06 [ 19/555] ⚙️  Operations on Users grants
19:56:06 [ 20/555] ⚙️  Get User grants
19:56:07 [ 21/555] ⚙️  Operations on RMMP
19:56:07 [ 22/555] ⚙️  Get RMMP state
19:56:07 [ 23/555] ⚙️  Get RMMP Actions
19:56:08 [ 24/555] ⚙️  Request RMMP
19:56:08 [ 25/555] ⚙️  Grant or deny an RMMP request
19:56:08 [ 26/555] ⚙️  Cancel held or requested RMMP
19:56:08 [ 27/555] ⚙️  Subscribe on RMMP Request event
19:56:09 [ 28/555] ⚙️  Poll for RMMP grant status
19:56:09 [ 29/555] ⚙️  Operations on Remote User
19:56:09 [ 30/555] ⚙️  Get remote user actions
19:56:09 [ 31/555] ⚙️  Remote User Logon Request
19:56:10 [ 32/555] ⚙️  Remote User Logout Request
19:56:10 [ 33/555] ⚙️  Subscribe on remote user state
19:56:10 [ 34/555] ⚙️  Controller Service
19:56:10 [ 35/555] ⚙️  Get Controller Resources
19:56:11 [ 36/555] ⚙️  Get Controller Actions
19:56:11 [ 37/555] ⚙️  Get Controller environment variable
19:56:11 [ 38/555] ⚙️  Restart or Shutdown controller
19:56:11 [ 39/555] ⚙️  Set Controller language
19:56:12 [ 40/555] ⚙️  Operations on Clock Resource
19:56:12 [ 41/555] ⚙️  Get Clock Resource
19:56:12 [ 42/555] ⚙️  Get Clock Actions
19:56:12 [ 43/555] ⚙️  Set the Clock of the controller
19:56:13 [ 44/555] ⚙️  Operations on Timezone Resource
19:56:13 [ 45/555] ⚙️  Get timezone resource
19:56:13 [ 46/555] ⚙️  Get timezone actions
19:56:13 [ 47/555] ⚙️  Set the time zone
19:56:14 [ 48/555] ⚙️  Operations on Timeserver Resource
19:56:14 [ 49/555] ⚙️  Get time server resource
19:56:14 [ 50/555] ⚙️  Get time server actions
19:56:14 [ 51/555] ⚙️  Set the time server
19:56:15 [ 52/555] ⚙️  Test Time Server
19:56:15 [ 53/555] ⚙️  Operations on Identity Resource
19:56:15 [ 54/555] ⚙️  Get Identity Resource
19:56:16 [ 55/555] ⚙️  Get Identity Actions
19:56:16 [ 56/555] ⚙️  Set the Identity of the controller
19:56:16 [ 57/555] ⚙️  Operations on System Resource
19:56:16 [ 58/555] ⚙️  Get list of installed systems
19:56:17 [ 59/555] ⚙️  Get actions on system
19:56:17 [ 60/555] ⚙️  Set Boot Device
19:56:17 [ 61/555] ⚙️  Get Boot Device
19:56:18 [ 62/555] ⚙️  Load Boot Image
19:56:18 [ 63/555] ⚙️  Unload Boot Image
19:56:18 [ 64/555] ⚙️  Get selected system name
19:56:18 [ 65/555] ⚙️  Install deployment package
19:56:19 [ 66/555] ⚙️  Validate deployment package
19:56:19 [ 67/555] ⚙️  Get system resource
19:56:19 [ 68/555] ⚙️  Get actions on a system resource
19:56:20 [ 69/555] ⚙️  Rename a system
19:56:20 [ 70/555] ⚙️  Select a system
19:56:20 [ 71/555] ⚙️  Delete a System
19:56:20 [ 72/555] ⚙️  Deselect a System
19:56:21 [ 73/555] ⚙️  Operations on network Resource
19:56:21 [ 74/555] ⚙️  Get Network Resource
19:56:22 [ 75/555] ⚙️  Get Network setting actions
19:56:22 [ 76/555] ⚙️  Set Network configuration
19:56:22 [ 77/555] ⚙️  Operations on DNS Resource
19:56:22 [ 78/555] ⚙️  Get DNS Resource
19:56:23 [ 79/555] ⚙️  Operations on Routing Table Resource
19:56:23 [ 80/555] ⚙️  Add a route table entry
19:56:23 [ 81/555] ⚙️  Options to add a route table entry
19:56:24 [ 82/555] ⚙️  Remove a route table entry
19:56:24 [ 83/555] ⚙️  Options to remove a route table entry
19:56:24 [ 84/555] ⚙️  Operations on Backup Resource
19:56:24 [ 85/555] ⚙️  Get backup resources
19:56:25 [ 86/555] ⚙️  Get backup actions
19:56:25 [ 87/555] ⚙️  Create a Backup
19:56:25 [ 88/555] ⚙️  Restore a backup.
19:56:25 [ 89/555] ⚙️  Check Restore
19:56:26 [ 90/555] ⚙️  Get Backup State
19:56:26 [ 91/555] ⚙️  Subscribe on Backup System Information
19:56:26 [ 92/555] ⚙️  Operations on backup system information
19:56:26 [ 93/555] ⚙️  Get backup system information
19:56:27 [ 94/555] ⚙️  Operations on Compress Resource
19:56:27 [ 95/555] ⚙️  Get compress resources
19:56:27 [ 96/555] ⚙️  Get compress actions
19:56:27 [ 97/555] ⚙️  Compress/Decompress Resource
19:56:28 [ 98/555] ⚙️  Operations on Diagnostics Resource
19:56:28 [ 99/555] ⚙️  Get diagnostics resources
19:56:28 [100/555] ⚙️  Get diagnostics actions
19:56:28 [101/555] ⚙️  Save system diagnostics
19:56:29 [102/555] ⚙️  Subscribe on system dump
19:56:29 [103/555] ⚙️  Subscribe on Diagnostics States (Get System Diagnostics)
19:56:29 [104/555] ⚙️  Operations on CtrlSafetyResource
19:56:29 [105/555] ⚙️  Get safety resources
19:56:30 [106/555] ⚙️  Get Safety actions
19:56:30 [107/555] ⚙️  Load Safety configuration file to controller
19:56:30 [108/555] ⚙️  Set Safety Mode of the controller
19:56:31 [109/555] ⚙️  Get Config status
19:56:31 [110/555] ⚙️  Get Safety Mode status
19:56:31 [111/555] ⚙️  Get Safety Cyclic Brake Check status
19:56:31 [112/555] ⚙️  Get LoadOperation status
19:56:32 [113/555] ⚙️  Get Safety Configurations
19:56:32 [114/555] ⚙️  Get Safety Violation Info
19:56:32 [115/555] ⚙️  Unlock the safety configuration
19:56:32 [116/555] ⚙️  Software Sync Acknowledgement
19:56:33 [117/555] ⚙️  Add Validation info
19:56:33 [118/555] ⚙️  Remove Validation info
19:56:33 [119/555] ⚙️  Set Reset Safety Controller
19:56:33 [120/555] ⚙️  Operations on options Resource
19:56:34 [121/555] ⚙️  Get options resource
19:56:34 [122/555] ⚙️  Operations on Compatabile Resource
19:56:34 [123/555] ⚙️  Check Robotware version compatibility with contorller hardware
19:56:34 [124/555] ⚙️  Operation on Virtual Time
19:56:35 [125/555] ⚙️  Get Virtual Time resources
19:56:35 [126/555] ⚙️  Operation on VTTime
19:56:35 [127/555] ⚙️  Get Virtualtime
19:56:35 [128/555] ⚙️  Operation on VTTimeslice
19:56:36 [129/555] ⚙️  Get VTTimeslice Value
19:56:36 [130/555] ⚙️  Actions on VTTimeslice
19:56:36 [131/555] ⚙️  Set VTTimeslice Value
19:56:36 [132/555] ⚙️  Operation on VTSpeed
19:56:37 [133/555] ⚙️  Get Speed of Virtual Time
19:56:37 [134/555] ⚙️  Get actions on a VTSpeed
19:56:37 [135/555] ⚙️  Set Speed of Virtualtime
19:56:37 [136/555] ⚙️  Operation on VTState
19:56:38 [137/555] ⚙️  Get State of Virtual Time
19:56:38 [138/555] ⚙️  Get actions on a VTState
19:56:38 [139/555] ⚙️  Set State of Virtualtime
19:56:38 [140/555] ⚙️  Operation on VTRun
19:56:39 [141/555] ⚙️  VT Run
19:56:39 [142/555] ⚙️  File Service
19:56:39 [143/555] ⚙️  Get File Service Resources
19:56:39 [144/555] ⚙️  Operations on Directory Resource
19:56:40 [145/555] ⚙️  Get Directory listing of resources
19:56:40 [146/555] ⚙️  Get Directory Actions
19:56:40 [147/555] ⚙️  Create a directory
19:56:40 [148/555] ⚙️  Rename a directory
19:56:41 [149/555] ⚙️  Copy a directory
19:56:41 [150/555] ⚙️  Delete a directory
19:56:41 [151/555] ⚙️  Operations on File Resource
19:56:41 [152/555] ⚙️  Get a file
19:56:42 [153/555] ⚙️  Get File Actions
19:56:42 [154/555] ⚙️  Rename a file
19:56:42 [155/555] ⚙️  Create a copy of a file
19:56:42 [156/555] ⚙️  Upload a file
19:56:43 [157/555] ⚙️  Delete a file
19:56:43 [158/555] ⚙️  Get file Meta data
19:56:43 [159/555] ⚙️  RobotWare Services
19:56:43 [160/555] ⚙️  Get RobotWare services
19:56:44 [161/555] ⚙️  CFG Service
19:56:44 [162/555] ⚙️  Get CFG resources
19:56:44 [163/555] ⚙️  Get CFG actions
19:56:44 [164/555] ⚙️  Validate CFG file
19:56:45 [165/555] ⚙️  Load CFG file
19:56:45 [166/555] ⚙️  Validate CFG Instance before Delete
19:56:45 [167/555] ⚙️  Validate CFG Instances
19:56:45 [168/555] ⚙️  Keyless motor ON
19:56:46 [169/555] ⚙️  Subscribe on cfg ChangeCount
19:56:46 [170/555] ⚙️  Operations on CFG domain
19:56:46 [171/555] ⚙️  Get CFG Domain Types
19:56:46 [172/555] ⚙️  Get Actions on a CFG domain
19:56:47 [173/555] ⚙️  Save CFG domain
19:56:47 [174/555] ⚙️  Reset CFG domain
19:56:47 [175/555] ⚙️  Operations on CFG type
19:56:47 [176/555] ⚙️  Get CFG type
19:56:48 [177/555] ⚙️  Operations on CFG attributes
19:56:48 [178/555] ⚙️  Get all attributes of the given domain type
19:56:48 [179/555] ⚙️  Operations on CFG instances
19:56:48 [180/555] ⚙️  Get all instances of the given domain type
19:56:49 [181/555] ⚙️  Get actions on CFG instances
19:56:49 [182/555] ⚙️  Reset CFG instances
19:56:49 [183/555] ⚙️  Create default CFG instance
19:56:50 [184/555] ⚙️  Operations on CFG instance
19:56:50 [185/555] ⚙️  Get CFG instance
19:56:50 [186/555] ⚙️  Get CFG instance actions
19:56:50 [187/555] ⚙️  Update CFG instance
19:56:51 [188/555] ⚙️  Delete CFG instance
19:56:51 [189/555] ⚙️  DIPC service
19:56:51 [190/555] ⚙️  Get DIPC Resources
19:56:51 [191/555] ⚙️  Get DIPC Actions
19:56:52 [192/555] ⚙️  Create a queue
19:56:52 [193/555] ⚙️  Operations on DIPC Queue
19:56:52 [194/555] ⚙️  Get DIPC Queue
19:56:52 [195/555] ⚙️  Get DIPC Queue Actions
19:56:53 [196/555] ⚙️  Send message
19:56:53 [197/555] ⚙️  Read message
19:56:53 [198/555] ⚙️  Delete DIPC Queue
19:56:53 [199/555] ⚙️  Subscribe DIPC Queue
19:56:54 [200/555] ⚙️  Subscribe DIPC Queue without reading message
19:56:54 [201/555] ⚙️  Elog service
19:56:54 [202/555] ⚙️  Get Elog Resources
19:56:54 [203/555] ⚙️  Get Elog Actions
19:56:55 [204/555] ⚙️  Clear elog messages
19:56:55 [205/555] ⚙️  Save elog in system dump format
19:56:55 [206/555] ⚙️  Operations on elog domain
19:56:55 [207/555] ⚙️  Get elog messages in domain
19:56:56 [208/555] ⚙️  Get Actions on elog domain
19:56:56 [209/555] ⚙️  Clear elog messages
19:56:56 [210/555] ⚙️  Subscribe on elog domain
19:56:56 [211/555] ⚙️  Operations on elog domain message
19:56:56 [212/555] ⚙️  Get Elog Message in domain
19:56:57 [213/555] ⚙️  IO Service
19:56:57 [214/555] ⚙️  Get IO System resources
19:56:57 [215/555] ⚙️  Operations on IO Networks
19:56:58 [216/555] ⚙️  Get IO Networks resources
19:56:58 [217/555] ⚙️  Get Actions on IO Networks
19:56:58 [218/555] ⚙️  Search IO Networks
19:56:58 [219/555] ⚙️  Operations on IO Network
19:56:59 [220/555] ⚙️  Get IO Network
19:56:59 [221/555] ⚙️  Get IO Network actions
19:56:59 [222/555] ⚙️  Update IO Network
19:56:59 [223/555] ⚙️  Subscribe IO Network
19:57:00 [224/555] ⚙️  Get IO Network Configuration Properties
19:57:00 [225/555] ⚙️  Update IO Network Configuration Type
19:57:00 [226/555] ⚙️  Operations on IO Devices
19:57:00 [227/555] ⚙️  Get IO Devices
19:57:01 [228/555] ⚙️  Get Actions IO Devices
19:57:01 [229/555] ⚙️  Search IO Devices
19:57:01 [230/555] ⚙️  Operations on IO Device
19:57:01 [231/555] ⚙️  Get IO Device
19:57:02 [232/555] ⚙️  Get IO Device actions
19:57:02 [233/555] ⚙️  Update IO Device
19:57:02 [234/555] ⚙️  Subscribe IO Device
19:57:02 [235/555] ⚙️  Set input data
19:57:03 [236/555] ⚙️  Set output data
19:57:03 [237/555] ⚙️  Get IO Device Configuration Properties
19:57:03 [238/555] ⚙️  Operations on eio Device
19:57:03 [239/555] ⚙️  Get eio device status information
19:57:04 [240/555] ⚙️  Operations on Device Command
19:57:04 [241/555] ⚙️  Send Device Command
19:57:04 [242/555] ⚙️  Send Device Command actions
19:57:04 [243/555] ⚙️  Operations on IO Signals
19:57:05 [244/555] ⚙️  Get IO Signals
19:57:05 [245/555] ⚙️  Signal Search
19:57:05 [246/555] ⚙️  Signal Search Extended
19:57:05 [247/555] ⚙️  Unblock Signals
19:57:05 [248/555] ⚙️  Get IO Signals actions
19:57:06 [249/555] ⚙️  Operations on IO Signal
19:57:06 [250/555] ⚙️  Get an IO Signal
19:57:06 [251/555] ⚙️  Get IO Signal actions
19:57:06 [252/555] ⚙️  Update IO Signal State
19:57:07 [253/555] ⚙️  Update IO Signal Value
19:57:07 [254/555] ⚙️  Subscribe IO Signal
19:57:07 [255/555] ⚙️  Get IO signal Configuration Properties
19:57:07 [256/555] ⚙️  Mastership service
19:57:08 [257/555] ⚙️  Get Mastership Resources
19:57:08 [258/555] ⚙️  Get Mastership Actions
19:57:08 [259/555] ⚙️  Mastership request
19:57:08 [260/555] ⚙️  Mastership release
19:57:09 [261/555] ⚙️  Mastership Subscribe
19:57:09 [262/555] ⚙️  Operations on Mastership domains
19:57:09 [263/555] ⚙️  Get Mastership Domain
19:57:09 [264/555] ⚙️  Get Mastership Domain Actions
19:57:09 [265/555] ⚙️  Mastership domain request
19:57:10 [266/555] ⚙️  Mastership Domain release
19:57:10 [267/555] ⚙️  Mastership Domain Subscribe
19:57:11 [268/555] ⚙️  Panel service
19:57:11 [269/555] ⚙️  Get Panel Resources
19:57:11 [270/555] ⚙️  Get Panel Actions
19:57:11 [271/555] ⚙️  Set the language
19:57:11 [272/555] ⚙️  Restart the Controller
19:57:12 [273/555] ⚙️  Operations on Controller State Resource
19:57:12 [274/555] ⚙️  Get Controller State
19:57:12 [275/555] ⚙️  Get Controller State Actions
19:57:13 [276/555] ⚙️  Set Controller State
19:57:13 [277/555] ⚙️  Subscribe Controller state
19:57:13 [278/555] ⚙️  Operations on Operation Mode Resource
19:57:13 [279/555] ⚙️  Get Operation Mode
19:57:14 [280/555] ⚙️  Get Operation  Mode Actions
19:57:14 [281/555] ⚙️  Subscribe Operation Mode
19:57:14 [282/555] ⚙️  Acknowledgement for Operation Mode
19:57:14 [283/555] ⚙️  Get Operation Mode Lock Status
19:57:15 [284/555] ⚙️  Lock operation mode selection.
19:57:15 [285/555] ⚙️  Unlock operation mode selection.
19:57:15 [286/555] ⚙️  Operations on Speed Ratio Resource
19:57:15 [287/555] ⚙️  Get Speed Ratio
19:57:16 [288/555] ⚙️  Get Speed Ratio Actions
19:57:16 [289/555] ⚙️  Set Speed Ratio
19:57:16 [290/555] ⚙️  Subscribe Speed Ratio
19:57:16 [291/555] ⚙️  Operations on Collision Detection State
19:57:17 [292/555] ⚙️  Get Collision Detection State
19:57:17 [293/555] ⚙️  Get Collision Detection State Actions
19:57:17 [294/555] ⚙️  Subscribe on Collision Detection State
19:57:17 [295/555] ⚙️  RAPID Service
19:57:18 [296/555] ⚙️  Get RAPID system resources
19:57:18 [297/555] ⚙️  Operations on RAPID execution
19:57:18 [298/555] ⚙️  Get RAPID Execution state
19:57:19 [299/555] ⚙️  Get RAPID Execution actions
19:57:19 [300/555] ⚙️  Start RAPID Execution
19:57:19 [301/555] ⚙️  Stop RAPID Execution
19:57:19 [302/555] ⚙️  Start RAPID Execution from production entry
19:57:20 [303/555] ⚙️  Reset RAPID program pointer to main
19:57:20 [304/555] ⚙️  Set number of execution cycles
19:57:20 [305/555] ⚙️  Subscribe RAPID Execution
19:57:20 [306/555] ⚙️  Subscribe RAPID Execution Cycle
19:57:20 [307/555] ⚙️  Subscribe on Hold to Run
19:57:21 [308/555] ⚙️  Set Hold to Run Cmd
19:57:21 [309/555] ⚙️  Operations on RAPID modules
19:57:21 [310/555] ⚙️  Get RAPID modules action
19:57:21 [311/555] ⚙️  Get RAPID modules
19:57:22 [312/555] ⚙️  Get Mod Possible All
19:57:22 [313/555] ⚙️  Set Modify All Positions
19:57:22 [314/555] ⚙️  Operations on rapid module
19:57:23 [315/555] ⚙️  Get a specified range of text
19:57:23 [316/555] ⚙️  Get rapid module actions
19:57:23 [317/555] ⚙️  Save rapid module
19:57:23 [318/555] ⚙️  Set Text Range
19:57:24 [319/555] ⚙️  Set Module Text
19:57:24 [320/555] ⚙️  Get RAPID module attributes
19:57:24 [321/555] ⚙️  Get change count
19:57:24 [322/555] ⚙️  Get RulesInstr
19:57:25 [323/555] ⚙️  Get module possible attributes
19:57:25 [324/555] ⚙️  Get Search Text
19:57:25 [325/555] ⚙️  Get Rapid Object
19:57:25 [326/555] ⚙️  Set SyncPers
19:57:26 [327/555] ⚙️  Set Modify Position
19:57:26 [328/555] ⚙️  Get Module Extension
19:57:26 [329/555] ⚙️  Get Mod Possible
19:57:26 [330/555] ⚙️  Get Object Child
19:57:27 [331/555] ⚙️  Get SyncPers Status
19:57:27 [332/555] ⚙️  Get Module Text
19:57:27 [333/555] ⚙️  Get Symbol Information
19:57:27 [334/555] ⚙️  Operations on RAPID Routine
19:57:28 [335/555] ⚙️  Get Routine information
19:57:28 [336/555] ⚙️  Get Routineargs information
19:57:28 [337/555] ⚙️  Operations on RAPID symbols properties
19:57:28 [338/555] ⚙️  Get RAPID symbols resources
19:57:29 [339/555] ⚙️  Get rapid symbols actions
19:57:29 [340/555] ⚙️  Search RAPID symbols
19:57:29 [341/555] ⚙️  Operations on RAPID symbol object
19:57:29 [342/555] ⚙️  Get Object Extension List
19:57:30 [343/555] ⚙️  Operations on RAPID symbol
19:57:30 [344/555] ⚙️  Operations on RAPID symbol properties
19:57:30 [345/555] ⚙️  Get RAPID symbol properties
19:57:30 [346/555] ⚙️  Operations on RAPID symbol data
19:57:31 [347/555] ⚙️  Get rapid symbol data
19:57:31 [348/555] ⚙️  Get rapid symbol data actions
19:57:31 [349/555] ⚙️  Update rapid variable current value
19:57:31 [350/555] ⚙️  Validate rapid variable
19:57:32 [351/555] ⚙️  Subscribe on RAPID persistent variable
19:57:32 [352/555] ⚙️  Update rapid variable Initial Value
19:57:32 [353/555] ⚙️  Operations on RAPID tasks
19:57:33 [354/555] ⚙️  Get RAPID tasks
19:57:33 [355/555] ⚙️  Get rapid Tasks actions
19:57:33 [356/555] ⚙️  Start RAPID Spy Logging
19:57:34 [357/555] ⚙️  Get RAPID Spy Logging status
19:57:34 [358/555] ⚙️  Stop RAPID Spy Logging
19:57:34 [359/555] ⚙️  Activate/Deactivate rapid tasks
19:57:35 [360/555] ⚙️  Get Program/Motion Pointer Sync State for all tasks
19:57:35 [361/555] ⚙️  Subscribe on Build log change
19:57:35 [362/555] ⚙️  Operations on RAPID task
19:57:35 [363/555] ⚙️  Get RAPID task state
19:57:36 [364/555] ⚙️  Get rapid task actions
19:57:36 [365/555] ⚙️  Load RAPID module into a rapid task
19:57:36 [366/555] ⚙️  Unload module from a rapid task
19:57:36 [367/555] ⚙️  Abort current execution level
19:57:37 [368/555] ⚙️  activate/deactivate rapid task
19:57:37 [369/555] ⚙️  Get Activation Record
19:57:37 [370/555] ⚙️  Get Structural Change Count
19:57:37 [371/555] ⚙️  Get Preferable Data Types
19:57:38 [372/555] ⚙️  Get Program Pointer Sync State
19:57:38 [373/555] ⚙️  Get Motion Pointer Sync State
19:57:38 [374/555] ⚙️  Link RAPID Task
19:57:38 [375/555] ⚙️  Get Pallet
19:57:39 [376/555] ⚙️  Get Pallet Head
19:57:39 [377/555] ⚙️  Subscribe on Rapid Task Change
19:57:39 [378/555] ⚙️  Subscribe on Rapid PP Sync state change
19:57:39 [379/555] ⚙️  Subscribe on Rapid task pgmexecution state change
19:57:40 [380/555] ⚙️  Operations on rapid motion
19:57:40 [381/555] ⚙️  Get rapid motion
19:57:40 [382/555] ⚙️  Get RobTarget
19:57:40 [383/555] ⚙️  Get Joint Target
19:57:41 [384/555] ⚙️  Get mechanical units
19:57:41 [385/555] ⚙️  Get external joint states
19:57:41 [386/555] ⚙️  Operations on rapid calib
19:57:42 [387/555] ⚙️  Calibration for Displacement
19:57:42 [388/555] ⚙️  Calibration for Tcp
19:57:42 [389/555] ⚙️  Operations on RAPID program
19:57:42 [390/555] ⚙️  Get RAPID program resource
19:57:43 [391/555] ⚙️  Get rapid program actions
19:57:43 [392/555] ⚙️  Load program into a rapid task
19:57:43 [393/555] ⚙️  Unload program from a rapid task
19:57:43 [394/555] ⚙️  Save program
19:57:44 [395/555] ⚙️  Set program name
19:57:44 [396/555] ⚙️  Set Entry Point
19:57:44 [397/555] ⚙️  Operations on RAPID build errors
19:57:44 [398/555] ⚙️  Get Build Errors
19:57:45 [399/555] ⚙️  Operations on RAPID breakpoint
19:57:45 [400/555] ⚙️  Get RAPID breakpoint actions
19:57:45 [401/555] ⚙️  Set break point
19:57:45 [402/555] ⚙️  Get break points
19:57:46 [403/555] ⚙️  Operations on RAPID program PCP
19:57:46 [404/555] ⚙️  Get RAPID task Motion&Program pointer positions
19:57:46 [405/555] ⚙️  Get RAPID task pcp actions
19:57:46 [406/555] ⚙️  Set the Program pointer(PP) position to cursor
19:57:47 [407/555] ⚙️  Set the Program pointer(PP) position to routine
19:57:47 [408/555] ⚙️  Set the Program pointer(PP) position to routine by URL
19:57:47 [409/555] ⚙️  Set the Program pointer(PP) position to previous instruction
19:57:47 [410/555] ⚙️  Set the Program pointer(PP) position to next instruction
19:57:48 [411/555] ⚙️  Subscribe on Program Pointer
19:57:48 [412/555] ⚙️  Subscribe on Motion Pointer
19:57:48 [413/555] ⚙️  Operations on RAPID service routine
19:57:49 [414/555] ⚙️  Get RAPID service routine
19:57:49 [415/555] ⚙️  Operations on RAPID program counter position
19:57:49 [416/555] ⚙️  Get RAPID Program counter position
19:57:49 [417/555] ⚙️  Operations on RAPID UI instructions
19:57:50 [418/555] ⚙️  Get UI instruction resource
19:57:50 [419/555] ⚙️  Get UI instruction actions
19:57:50 [420/555] ⚙️  Subscribe on UI instruction
19:57:50 [421/555] ⚙️  Operations on Active UI Instruction
19:57:51 [422/555] ⚙️  Get Active UI Instruction
19:57:51 [423/555] ⚙️  Get Active UI instruction actions
19:57:51 [424/555] ⚙️  Update an Active UI Instruction Parameter
19:57:51 [425/555] ⚙️  Get parameter value for an active UI instruction
19:57:52 [426/555] ⚙️  Get active UI instruction parameters
19:57:52 [427/555] ⚙️  Operations on Rapid taskpanel
19:57:52 [428/555] ⚙️  Get user modify from taskpanel
19:57:52 [429/555] ⚙️  Subscribe on Tasks panel change
19:57:53 [430/555] ⚙️  Operations on Rapid AliasIO
19:57:53 [431/555] ⚙️  Get AliasIO List
19:57:53 [432/555] ⚙️  System service
19:57:53 [433/555] ⚙️  System Information
19:57:54 [434/555] ⚙️  Get robot type
19:57:54 [435/555] ⚙️  System Option Resource
19:57:54 [436/555] ⚙️  System Options
19:57:54 [437/555] ⚙️  System Energy Resource
19:57:55 [438/555] ⚙️  Get System Energy Actions
19:57:55 [439/555] ⚙️  System Energy Info Change Count
19:57:55 [440/555] ⚙️  Reset Accumulated Energy
19:57:55 [441/555] ⚙️  System Energy
19:57:55 [442/555] ⚙️  Subscribe on System Energy Changes.
19:57:56 [443/555] ⚙️  System License Resource
19:57:56 [444/555] ⚙️  Get System Robotware License
19:57:56 [445/555] ⚙️  System Products Resource
19:57:56 [446/555] ⚙️  Get Installed Products
19:57:57 [447/555] ⚙️  RobotWare return codes service
19:57:57 [448/555] ⚙️  Get a list of RobotWare return codes
19:57:57 [449/555] ⚙️  Devices service
19:57:57 [450/555] ⚙️  Devices tree information
19:57:58 [451/555] ⚙️  Motion System
19:57:58 [452/555] ⚙️  Get Motion System
19:57:58 [453/555] ⚙️  Get Motion System action
19:57:58 [454/555] ⚙️  Set Mechunit for jogging
19:57:59 [455/555] ⚙️  Perform Jogging
19:57:59 [456/555] ⚙️  Set Robo Target Position
19:57:59 [457/555] ⚙️  Get check change count
19:57:59 [458/555] ⚙️  Subscribe on Error EventChange
19:57:59 [459/555] ⚙️  Operations on Error State
19:58:00 [460/555] ⚙️  Get Error State
19:58:00 [461/555] ⚙️  Operations on Motion Supervision
19:58:00 [462/555] ⚙️  Get Motion Supervision
19:58:00 [463/555] ⚙️  Get Motion Supervision Actions
19:58:01 [464/555] ⚙️  Set Motion Supervision Mode (Jog Supervision Mode)
19:58:01 [465/555] ⚙️  Set Motion Supervision Sensitivity (Jog Supervision Sensitivity)
19:58:01 [466/555] ⚙️  Get Motion Supervision Collision Prediction Mode
19:58:01 [467/555] ⚙️  Set Motion Supervision Collision Prediction Mode
19:58:02 [468/555] ⚙️  Operations On Path Supervision
19:58:02 [469/555] ⚙️  Get Path Supervision
19:58:02 [470/555] ⚙️  Get Path Supervision Actions
19:58:02 [471/555] ⚙️  Set Path Supervision Mode
19:58:03 [472/555] ⚙️  Set Path Supervision Level
19:58:03 [473/555] ⚙️  Operations On NonMotion Execution
19:58:03 [474/555] ⚙️  Get Non Motion Execution Mode
19:58:03 [475/555] ⚙️  Get NonMotion Execution Actions
19:58:04 [476/555] ⚙️  Set NonMotion Execution Mode
19:58:04 [477/555] ⚙️  Operations on Mechunits
19:58:04 [478/555] ⚙️  Get Mechunits
19:58:04 [479/555] ⚙️  Operations on Mechunit
19:58:04 [480/555] ⚙️  Get Mechunit
19:58:05 [481/555] ⚙️  Get Mechunit action
19:58:05 [482/555] ⚙️  Set Mechunit
19:58:05 [483/555] ⚙️  Set Compliance Lead Through
19:58:05 [484/555] ⚙️  Get Compliance Lead Through
19:58:06 [485/555] ⚙️  Set Fine Calibration
19:58:06 [486/555] ⚙️  Update (Syncronize) Revolution Counter
19:58:06 [487/555] ⚙️  Get Physical Joints
19:58:06 [488/555] ⚙️  Get Cartesian Value
19:58:06 [489/555] ⚙️  Set Mechanical Unit
19:58:07 [490/555] ⚙️  Get Robtarget
19:58:07 [491/555] ⚙️  Get Joint target
19:58:07 [492/555] ⚙️  Subscribe on Mechunit Mode Change
19:58:08 [493/555] ⚙️  Get Joints From Position
19:58:08 [494/555] ⚙️  Get Position From Joints
19:58:08 [495/555] ⚙️  Get All Joint Solution
19:58:08 [496/555] ⚙️  Get Joints From Cartesian
19:58:09 [497/555] ⚙️  Get Calibration Info
19:58:09 [498/555] ⚙️  Operation on Calib
19:58:09 [499/555] ⚙️  Calibration for BaseFrame
19:58:09 [500/555] ⚙️  Calibration for BaseFrameMoving
19:58:10 [501/555] ⚙️  Calibration for ExternalRobotNomBaseNew
19:58:10 [502/555] ⚙️  Calibration for RobotAxisRot
19:58:10 [503/555] ⚙️  Calibration for SingleUserRotNew
19:58:10 [504/555] ⚙️  Calibration for RotExtCtrlZdef
19:58:10 [505/555] ⚙️  Calibration for SingleUserLin
19:58:11 [506/555] ⚙️  Calibration for SingleTrack
19:58:11 [507/555] ⚙️  Calibration for RobotAxisRot2
19:58:11 [508/555] ⚙️  Operations on Baseframe
19:58:11 [509/555] ⚙️  Get Base Frame
19:58:12 [510/555] ⚙️  Get Base Frame actions
19:58:12 [511/555] ⚙️  Set Base Frame
19:58:12 [512/555] ⚙️  Operations on Axes
19:58:12 [513/555] ⚙️  Get Axes
19:58:13 [514/555] ⚙️  Get Axis
19:58:13 [515/555] ⚙️  Get Axis actions
19:58:13 [516/555] ⚙️  Get Axis pose
19:58:13 [517/555] ⚙️  Set Axis pose
19:58:13 [518/555] ⚙️  Update Commutate
19:58:14 [519/555] ⚙️  Update Sync Revolution Counter
19:58:14 [520/555] ⚙️  Operations on SMB Data
19:58:14 [521/555] ⚙️  Set SMB Data
19:58:15 [522/555] ⚙️  Clear SMB Data
19:58:15 [523/555] ⚙️  Get SMB Data
19:58:15 [524/555] ⚙️  Get SMB Data Actions
19:58:15 [525/555] ⚙️  Operations on Motor Calib
19:58:15 [526/555] ⚙️  Get Motor Calib Names
19:58:16 [527/555] ⚙️  Integrated Vision (IV) Service
19:58:16 [528/555] ⚙️  Get Vision Manager Resource
19:58:16 [529/555] ⚙️  Get Number of Cameras of IV
19:58:16 [530/555] ⚙️  Get IV Camera Validity
19:58:17 [531/555] ⚙️  Get Vision (camera) Resource Actions
19:58:17 [532/555] ⚙️  Get Camera Jobname
19:58:17 [533/555] ⚙️  Restart Camera
19:58:17 [534/555] ⚙️  Flash LED(s) of Camera
19:58:17 [535/555] ⚙️  Set Camera State
19:58:18 [536/555] ⚙️  Refesh the camera(s)
19:58:18 [537/555] ⚙️  Set Hostname of the Camera
19:58:19 [538/555] ⚙️  Set camera to be a DHCP client
19:58:19 [539/555] ⚙️  Set Camera DNS Settings
19:58:20 [540/555] ⚙️  Get Camera Status
19:58:20 [541/555] ⚙️  Get Camera Info Using Index of the camera
19:58:20 [542/555] ⚙️  Set Camera Name
19:58:20 [543/555] ⚙️  Set Camera User Credentials
19:58:21 [544/555] ⚙️  Set Camera IP Settings
19:58:21 [545/555] ⚙️  Get IV Camera Info
19:58:21 [546/555] ⚙️  Operations on IO Profinet Device
19:58:21 [547/555] ⚙️  Get profinet I/O device read record implicit data from device in profinet network
19:58:21 [548/555] ⚙️  Read record implicit data from device in profinet network
19:58:22 [549/555] ⚙️  Get forms
19:58:22 [550/555] ⚙️  Get profinet I/O device read record data
19:58:22 [551/555] ⚙️  Get profinet I/O device read record data
19:58:22 [552/555] ⚙️  Get Forms
19:58:23 [553/555] ⚙️  Get profinet device alarms xml response
19:58:23 [554/555] ⚙️  Clear the alarms
19:58:23 [555/555] ⚙️  Get Forms
19:58:23 
💾 Export en cours...
19:58:23   📄 JSON  → c:\Users\cleme\Documents\GitLab_ENSAM\abb_rws_client_python_rw6\_scraping_abb_api\scrap_raw_output\abb_rws_api_full.json
19:58:23   📝 MD    → c:\Users\cleme\Documents\GitLab_ENSAM\abb_rws_client_python_rw6\_scraping_abb_api\scrap_raw_output\abb_rws_api_full.md
19:58:23 
✅ Terminé — 555 routes documentées.
